[Mon 02:13:01] watchdog up: root 91741 (ts2r6lean), kill if free disk < 6 GB or tree > 15 GB (0=off), every 60s
[02:13:01] tree 0.07 GB (peak 0.07)  free disk 20 GB  swap used 3072.00M  mem free 88% | 91741:864K/0B 91745:1424K/0B 91750:65M/0B
[02:14:02] tree 0.14 GB (peak 0.14)  free disk 20 GB  swap used 3072.00M  mem free 88% | 91741:864K/0B 91745:1424K/0B 91750:144M/0B
[02:15:02] tree 0.24 GB (peak 0.24)  free disk 20 GB  swap used 3072.00M  mem free 88% | 91741:864K/0B 91745:1424K/0B 91750:239M/0B
[02:16:03] tree 0.23 GB (peak 0.24)  free disk 20 GB  swap used 3072.00M  mem free 88% | 91741:864K/0B 91745:1424K/0B 91750:229M/0B
[02:17:04] tree 0.23 GB (peak 0.24)  free disk 20 GB  swap used 3072.00M  mem free 88% | 91741:864K/0B 91745:1424K/0B 91750:229M/0B
[02:18:04] tree 0.23 GB (peak 0.24)  free disk 20 GB  swap used 3072.00M  mem free 88% | 91741:864K/0B 91745:1424K/0B 91750:236M/0B
[02:19:05] tree 1.93 GB (peak 1.93)  free disk 20 GB  swap used 3072.00M  mem free 88% | 91741:864K/0B 91745:1424K/0B 91750:1977M/0B
[02:20:05] tree 3.42 GB (peak 3.42)  free disk 18 GB  swap used 3072.00M  mem free 88% | 91741:864K/0B 91745:1424K/0B 93417:3502M/0B
[02:21:06] tree 4.12 GB (peak 4.12)  free disk 18 GB  swap used 3072.00M  mem free 88% | 91741:864K/0B 91745:1424K/0B 93417:4219M/0B
[02:22:07] tree 4.67 GB (peak 4.67)  free disk 18 GB  swap used 3072.00M  mem free 88% | 91741:864K/0B 91745:1424K/0B 93417:4784M/0B
[02:23:07] tree 4.89 GB (peak 4.89)  free disk 18 GB  swap used 3072.00M  mem free 88% | 91741:864K/0B 91745:1424K/0B 93417:5007M/0B
[02:24:08] tree 5.17 GB (peak 5.17)  free disk 18 GB  swap used 3072.00M  mem free 88% | 91741:864K/0B 91745:1424K/0B 93417:5296M/0B
[02:25:08] tree 5.38 GB (peak 5.38)  free disk 18 GB  swap used 3072.00M  mem free 88% | 91741:864K/0B 91745:1424K/0B 93417:5511M/0B
[02:26:09] tree 5.42 GB (peak 5.42)  free disk 18 GB  swap used 3072.00M  mem free 89% | 91741:864K/0B 91745:1424K/0B 93417:5547M/0B
[02:27:10] tree 5.67 GB (peak 5.67)  free disk 18 GB  swap used 3072.00M  mem free 89% | 91741:864K/0B 91745:1424K/0B 93417:5803M/0B
[02:28:10] tree 6.26 GB (peak 6.26)  free disk 18 GB  swap used 3072.00M  mem free 89% | 91741:864K/0B 91745:1424K/0B 93417:6409M/0B
[02:29:11] tree 6.57 GB (peak 6.57)  free disk 18 GB  swap used 3072.00M  mem free 89% | 91741:864K/0B 91745:1392K/0B 93417:6726M/0B
[02:30:11] tree 6.86 GB (peak 6.86)  free disk 18 GB  swap used 3072.00M  mem free 89% | 91741:864K/0B 91745:1392K/0B 93417:7021M/0B
[02:31:12] tree 7.14 GB (peak 7.14)  free disk 18 GB  swap used 3072.00M  mem free 89% | 91741:864K/0B 91745:1392K/0B 93417:7308M/0B
[02:32:13] tree 7.81 GB (peak 7.81)  free disk 18 GB  swap used 3072.00M  mem free 89% | 91741:864K/0B 91745:1392K/0B 93417:7998M/32M
[02:33:13] tree 8.07 GB (peak 8.07)  free disk 18 GB  swap used 3072.00M  mem free 88% | 91741:864K/0B 91745:1392K/0B 93417:8260M/389M
[02:34:14] tree 8.36 GB (peak 8.36)  free disk 18 GB  swap used 3072.00M  mem free 86% | 91741:864K/0B 91745:1392K/0B 93417:8555M/944M
[02:35:15] tree 8.57 GB (peak 8.57)  free disk 18 GB  swap used 3072.00M  mem free 84% | 91741:864K/0B 91745:1392K/0B 93417:8774M/1349M
[02:36:15] tree 8.76 GB (peak 8.76)  free disk 18 GB  swap used 3072.00M  mem free 82% | 91741:864K/0B 91745:1392K/0B 93417:8969M/1654M
[02:37:16] tree 8.84 GB (peak 8.84)  free disk 18 GB  swap used 3072.00M  mem free 81% | 91741:864K/0B 91745:1392K/0B 93417:9048M/1977M
[02:38:16] tree 8.98 GB (peak 8.98)  free disk 18 GB  swap used 3072.00M  mem free 81% | 91741:864K/0B 91745:1392K/0B 93417:9193M/2092M
[02:39:17] tree 9.16 GB (peak 9.16)  free disk 18 GB  swap used 3072.00M  mem free 80% | 91741:864K/0B 91745:1392K/0B 93417:9381M/2161M
[02:40:18] tree 9.42 GB (peak 9.42)  free disk 18 GB  swap used 3072.00M  mem free 77% | 91741:864K/0B 91745:1392K/0B 93417:9646M/2849M
[02:41:18] tree 8.50 GB (peak 9.42)  free disk 18 GB  swap used 3072.00M  mem free 78% | 91741:864K/0B 91745:1392K/208K 93417:8703M/2454M
[02:42:19] tree 8.66 GB (peak 9.42)  free disk 18 GB  swap used 3072.00M  mem free 79% | 91741:864K/0B 91745:1392K/208K 93417:8866M/2411M
[02:43:19] tree 8.85 GB (peak 9.42)  free disk 18 GB  swap used 3072.00M  mem free 79% | 91741:864K/640K 91745:1392K/1056K 93417:9065M/2306M
[02:44:20] tree 9.04 GB (peak 9.42)  free disk 18 GB  swap used 3072.00M  mem free 79% | 91741:864K/640K 91745:1392K/1056K 93417:9257M/2270M
[02:45:21] tree 9.40 GB (peak 9.42)  free disk 18 GB  swap used 3072.00M  mem free 79% | 91741:864K/640K 91745:1392K/1056K 93417:9623M/2276M
[02:46:21] tree 10.00 GB (peak 10.00)  free disk 18 GB  swap used 3072.00M  mem free 76% | 91741:864K/640K 91745:1392K/1056K 93417:10G/2337M
[02:47:22] tree 10.00 GB (peak 10.00)  free disk 18 GB  swap used 3072.00M  mem free 74% | 91741:864K/640K 91745:1392K/1056K 93417:10G/2574M
[02:48:23] tree 10.00 GB (peak 10.00)  free disk 18 GB  swap used 3072.00M  mem free 73% | 91741:864K/640K 91745:1392K/1056K 93417:10G/2738M
[02:49:23] tree 10.00 GB (peak 10.00)  free disk 18 GB  swap used 3072.00M  mem free 73% | 91741:864K/640K 91745:1392K/1056K 93417:10G/2850M
[02:50:24] tree 10.00 GB (peak 10.00)  free disk 18 GB  swap used 3072.00M  mem free 72% | 91741:864K/640K 91745:1392K/1056K 93417:10G/2987M
[02:51:24] tree 10.00 GB (peak 10.00)  free disk 18 GB  swap used 3072.00M  mem free 72% | 91741:864K/640K 91745:1392K/1056K 93417:10G/3120M
[02:52:25] tree 11.00 GB (peak 11.00)  free disk 18 GB  swap used 3072.00M  mem free 69% | 91741:864K/640K 91745:1392K/1056K 93417:11G/3687M
[02:53:26] tree 11.00 GB (peak 11.00)  free disk 18 GB  swap used 3072.00M  mem free 66% | 91741:864K/640K 91745:1392K/1056K 93417:11G/4506M
[02:54:26] tree 11.00 GB (peak 11.00)  free disk 18 GB  swap used 3072.00M  mem free 65% | 91741:864K/640K 91745:1392K/1056K 93417:11G/4591M
[02:55:27] tree 11.00 GB (peak 11.00)  free disk 18 GB  swap used 3072.00M  mem free 65% | 91741:864K/640K 91745:1392K/1056K 93417:11G/4627M
[02:56:28] tree 11.00 GB (peak 11.00)  free disk 18 GB  swap used 3072.00M  mem free 64% | 91741:864K/640K 91745:1392K/1056K 93417:11G/4777M
[02:57:28] tree 11.00 GB (peak 11.00)  free disk 18 GB  swap used 3072.00M  mem free 61% | 91741:864K/640K 91745:1392K/1056K 93417:11G/5509M
[02:58:29] tree 11.00 GB (peak 11.00)  free disk 18 GB  swap used 3072.00M  mem free 59% | 91741:864K/640K 91745:1392K/1056K 93417:11G/5898M
[02:59:29] tree 12.00 GB (peak 12.00)  free disk 18 GB  swap used 3072.00M  mem free 55% | 91741:864K/640K 91745:1392K/1056K 93417:12G/6566M
[03:00:30] tree 12.00 GB (peak 12.00)  free disk 18 GB  swap used 3072.00M  mem free 47% | 91741:864K/640K 91745:1392K/1056K 93417:12G/7946M
[03:01:31] tree 12.00 GB (peak 12.00)  free disk 18 GB  swap used 3072.00M  mem free 46% | 91741:864K/640K 91745:1392K/1056K 93417:12G/8433M
[03:02:31] tree 12.00 GB (peak 12.00)  free disk 18 GB  swap used 3072.00M  mem free 47% | 91741:864K/640K 91745:1392K/1056K 93417:12G/8450M
[03:03:32] tree 12.00 GB (peak 12.00)  free disk 18 GB  swap used 3072.00M  mem free 54% | 91741:864K/640K 91745:1392K/1056K 93417:12G/6930M
[03:04:33] tree 12.00 GB (peak 12.00)  free disk 18 GB  swap used 3072.00M  mem free 54% | 91741:864K/640K 91745:1392K/1056K 93417:12G/7006M
[03:05:33] tree 12.00 GB (peak 12.00)  free disk 18 GB  swap used 3072.00M  mem free 46% | 91741:864K/640K 91745:1392K/1056K 93417:12G/8289M
[03:06:34] tree 13.00 GB (peak 13.00)  free disk 18 GB  swap used 3072.00M  mem free 47% | 91741:864K/640K 91745:1392K/1056K 93417:13G/8230M
[03:07:34] tree 13.00 GB (peak 13.00)  free disk 18 GB  swap used 3072.00M  mem free 48% | 91741:864K/640K 91745:1392K/1056K 93417:13G/8419M
[03:08:35] tree 13.00 GB (peak 13.00)  free disk 18 GB  swap used 3072.00M  mem free 42% | 91741:864K/640K 91745:1392K/1056K 93417:13G/9224M
[03:09:36] tree 13.00 GB (peak 13.00)  free disk 18 GB  swap used 3072.00M  mem free 44% | 91741:864K/640K 91745:1392K/1056K 93417:13G/9001M
[03:10:36] tree 13.00 GB (peak 13.00)  free disk 18 GB  swap used 3072.00M  mem free 41% | 91741:864K/640K 91745:1392K/1056K 93417:13G/9579M
[03:11:37] tree 13.00 GB (peak 13.00)  free disk 18 GB  swap used 3072.00M  mem free 41% | 91741:864K/640K 91745:1392K/1056K 93417:13G/9681M
[03:12:37] tree 13.00 GB (peak 13.00)  free disk 18 GB  swap used 3072.00M  mem free 42% | 91741:864K/672K 91745:1392K/1104K 93417:13G/9646M
[03:13:38] tree 13.00 GB (peak 13.00)  free disk 18 GB  swap used 3072.00M  mem free 42% | 91741:864K/672K 91745:1392K/1104K 93417:13G/9556M
[03:14:39] tree 13.00 GB (peak 13.00)  free disk 18 GB  swap used 3072.00M  mem free 42% | 91741:864K/672K 91745:1392K/1104K 93417:13G/9612M
[03:15:39] tree 14.00 GB (peak 14.00)  free disk 18 GB  swap used 3072.00M  mem free 41% | 91741:864K/672K 91745:1392K/1104K 93417:14G/9934M
[03:16:40] tree 14.00 GB (peak 14.00)  free disk 18 GB  swap used 3072.00M  mem free 42% | 91741:864K/672K 91745:1392K/1104K 93417:14G/9848M
[03:17:40] tree 14.00 GB (peak 14.00)  free disk 18 GB  swap used 3072.00M  mem free 38% | 91741:864K/672K 91745:1392K/1104K 93417:14G/10G
[03:18:41] tree 14.00 GB (peak 14.00)  free disk 18 GB  swap used 3072.00M  mem free 43% | 91741:864K/672K 91745:1392K/1104K 93417:14G/10G
[03:19:42] tree 14.00 GB (peak 14.00)  free disk 18 GB  swap used 3072.00M  mem free 37% | 91741:864K/672K 91745:1392K/1104K 93417:14G/11G
[03:20:42] tree 14.00 GB (peak 14.00)  free disk 18 GB  swap used 3072.00M  mem free 40% | 91741:864K/672K 91745:1392K/1104K 93417:14G/10G
[03:21:43] tree 14.00 GB (peak 14.00)  free disk 18 GB  swap used 3072.00M  mem free 37% | 91741:864K/672K 91745:1392K/1104K 93417:14G/11G
[03:22:43] tree 14.00 GB (peak 14.00)  free disk 18 GB  swap used 3072.00M  mem free 37% | 91741:864K/672K 91745:1392K/1104K 93417:14G/11G
[03:23:44] tree 14.00 GB (peak 14.00)  free disk 18 GB  swap used 3072.00M  mem free 38% | 91741:864K/672K 91745:1392K/1104K 93417:14G/11G
[03:24:45] tree 15.00 GB (peak 15.00)  free disk 18 GB  swap used 3072.00M  mem free 40% | 91741:864K/672K 91745:1392K/1104K 93417:15G/11G
[Mon 03:24:45] WATCHDOG FIRED: tree footprint 15.00 GB > 15 GB -- killing tree of 91741
