[Mon 01:06:32] watchdog up: root 69794 72830 (ts2r6), kill if free disk < 5 GB or tree > 14 GB (0=off), every 60s
[01:06:34] tree 7.77 GB (peak 7.77)  free disk 23 GB  swap used 0.00M  mem free 62% | 69794:1040K/848K 69795:864K/640K 69797:4200M/4181M 72126:3752M/61M 72830:1424K/0B 72848:848K/0B
[01:07:35] tree 8.49 GB (peak 8.49)  free disk 23 GB  swap used 0.00M  mem free 63% | 69794:1040K/848K 69795:864K/640K 69797:4200M/4181M 72126:4486M/61M 72830:1392K/0B 73141:848K/0B
[01:08:37] tree 8.90 GB (peak 8.90)  free disk 23 GB  swap used 0.00M  mem free 64% | 69794:1040K/848K 69795:864K/640K 69797:4200M/4181M 72126:4913M/61M 72830:1424K/0B 73409:848K/0B
[01:09:38] tree 9.08 GB (peak 9.08)  free disk 23 GB  swap used 0.00M  mem free 64% | 69794:1040K/848K 69795:864K/640K 69797:4200M/4181M 72126:5093M/61M 72830:1424K/0B 73674:848K/0B
[01:10:39] tree 9.46 GB (peak 9.46)  free disk 23 GB  swap used 0.00M  mem free 64% | 69794:1040K/848K 69795:864K/640K 69797:4200M/4185M 72126:5486M/302M 72830:1424K/176K 73937:848K/0B
[01:11:41] tree 9.11 GB (peak 9.46)  free disk 23 GB  swap used 0.00M  mem free 63% | 69794:1040K/848K 69795:864K/640K 69797:4200M/4185M 72126:5127M/430M 72830:1424K/176K 74202:848K/0B
[01:12:42] tree 9.67 GB (peak 9.67)  free disk 23 GB  swap used 0.00M  mem free 62% | 69794:1040K/848K 69795:864K/640K 69797:4200M/4185M 72126:5696M/884M 72830:1424K/176K 74466:848K/0B
[01:13:44] tree 9.92 GB (peak 9.92)  free disk 23 GB  swap used 0.00M  mem free 57% | 69794:1040K/848K 69795:864K/640K 69797:4200M/4197M 72126:5954M/2107M 72830:1440K/176K 74753:848K/0B
[01:14:45] tree 10.51 GB (peak 10.51)  free disk 23 GB  swap used 0.00M  mem free 54% | 69794:1040K/848K 69795:864K/640K 69797:4200M/4197M 72126:6560M/2200M 72830:1440K/176K 75016:848K/0B
[01:15:47] tree 10.80 GB (peak 10.80)  free disk 23 GB  swap used 0.00M  mem free 49% | 69794:1040K/848K 69795:864K/640K 69797:4200M/4197M 72126:6860M/3096M 72830:1440K/224K 75282:848K/624K
[01:16:48] tree 10.00 GB (peak 10.80)  free disk 23 GB  swap used 0.00M  mem free 50% | 69794:1040K/848K 69795:864K/640K 69797:3438M/3435M 72126:6803M/3340M 72830:1440K/224K 75548:848K/0B
[01:17:49] tree 9.89 GB (peak 10.80)  free disk 23 GB  swap used 0.00M  mem free 53% | 69794:1040K/848K 69795:864K/640K 69797:3046M/3044M 72126:7080M/3245M 72830:1440K/224K 75816:848K/0B
[01:18:51] tree 10.54 GB (peak 10.80)  free disk 23 GB  swap used 0.00M  mem free 50% | 69794:1040K/848K 69795:864K/640K 69797:3046M/3044M 72126:7739M/3683M 72830:1440K/224K 76084:848K/0B
[01:19:52] tree 10.78 GB (peak 10.80)  free disk 23 GB  swap used 0.00M  mem free 48% | 69794:1040K/848K 69795:864K/640K 69797:3046M/3044M 72126:7993M/3873M 72830:1440K/224K 76372:848K/0B
[01:20:53] tree 10.67 GB (peak 10.80)  free disk 23 GB  swap used 0.00M  mem free 51% | 69794:1040K/848K 69795:864K/640K 69797:3046M/3044M 72126:7878M/3721M 72830:1440K/224K
[01:21:55] tree 10.90 GB (peak 10.90)  free disk 23 GB  swap used 0.00M  mem free 49% | 69794:1040K/848K 69795:864K/640K 69797:3046M/3044M 72126:8111M/3949M 72830:1440K/224K 76953:848K/0B
[01:22:56] tree 11.12 GB (peak 11.12)  free disk 23 GB  swap used 0.00M  mem free 47% | 69794:1040K/848K 69795:864K/640K 69797:3046M/3044M 72126:8338M/4339M 72830:1440K/224K 77218:848K/0B
[01:23:57] tree 11.16 GB (peak 11.16)  free disk 23 GB  swap used 0.00M  mem free 46% | 69794:1040K/848K 69795:864K/640K 69797:3046M/3044M 72126:8381M/4592M 72830:1440K/224K 77493:848K/0B
[01:24:59] tree 11.29 GB (peak 11.29)  free disk 23 GB  swap used 0.00M  mem free 45% | 69794:1040K/848K 69795:864K/640K 69797:3046M/3044M 72126:8513M/4674M 72830:1440K/224K 77761:848K/0B
[01:26:00] tree 11.04 GB (peak 11.29)  free disk 23 GB  swap used 0.00M  mem free 47% | 69794:1040K/848K 69795:864K/640K 69797:3046M/3044M 72126:8256M/4229M 72830:1440K/224K 78026:848K/0B
[01:27:01] tree 11.25 GB (peak 11.29)  free disk 23 GB  swap used 0.00M  mem free 47% | 69794:1040K/848K 69795:864K/640K 69797:3046M/3044M 72126:8470M/4279M 72830:1440K/224K 78291:848K/0B
[01:28:02] tree 11.54 GB (peak 11.54)  free disk 23 GB  swap used 0.00M  mem free 43% | 69794:1040K/848K 69795:864K/640K 69797:3046M/3044M 72126:8768M/5287M 72830:1440K/448K 78559:848K/624K
[01:29:04] tree 11.70 GB (peak 11.70)  free disk 23 GB  swap used 0.00M  mem free 43% | 69794:1040K/848K 69795:864K/640K 69797:3046M/3044M 72126:8927M/5299M 72830:1440K/400K 78834:848K/0B
[01:30:05] tree 11.88 GB (peak 11.88)  free disk 23 GB  swap used 0.00M  mem free 41% | 69794:1040K/848K 69795:864K/640K 69797:3046M/3044M 72126:9115M/5592M 72830:1440K/480K 79105:848K/624K
[01:31:06] tree 12.09 GB (peak 12.09)  free disk 23 GB  swap used 0.00M  mem free 39% | 69794:1040K/848K 69795:864K/640K 69797:3046M/3044M 72126:9333M/6085M 72830:1440K/512K 79371:848K/624K
[01:32:07] tree 12.42 GB (peak 12.42)  free disk 22 GB  swap used 1024.00M  mem free 36% | 69794:1040K/848K 69795:864K/640K 69797:3046M/3044M 72126:9666M/6630M 72830:1440K/1088K 79636:848K/624K
[01:33:09] tree 12.54 GB (peak 12.54)  free disk 22 GB  swap used 1024.00M  mem free 37% | 69794:1040K/848K 69795:864K/640K 69797:3046M/3044M 72126:9790M/6756M 72830:1440K/1088K 79898:848K/624K
[01:34:10] tree 12.68 GB (peak 12.68)  free disk 22 GB  swap used 1024.00M  mem free 39% | 69794:1040K/848K 69795:864K/640K 69797:3046M/3044M 72126:9939M/6281M 72830:1440K/1088K 80163:848K/624K
[01:35:11] tree 12.98 GB (peak 12.98)  free disk 22 GB  swap used 1024.00M  mem free 37% | 69794:1040K/848K 69795:864K/640K 69797:3046M/3044M 72126:10G/6893M 72830:1440K/1088K 80444:848K/624K
[01:36:13] tree 12.98 GB (peak 12.98)  free disk 22 GB  swap used 1024.00M  mem free 38% | 69794:1040K/848K 69795:864K/640K 69797:3046M/3044M 72126:10G/7104M 72830:1440K/1088K 80712:848K/624K
[01:37:14] tree 12.98 GB (peak 12.98)  free disk 21 GB  swap used 2048.00M  mem free 40% | 69794:1040K/848K 69795:864K/640K 69797:3046M/3044M 72126:10G/6788M 72830:1440K/320K
[01:38:16] tree 12.98 GB (peak 12.98)  free disk 21 GB  swap used 2048.00M  mem free 40% | 69794:1040K/848K 69795:864K/640K 69797:3046M/3044M 72126:10G/6856M 72830:1440K/320K 82009:848K/0B
[01:39:18] tree 12.98 GB (peak 12.98)  free disk 21 GB  swap used 2048.00M  mem free 36% | 69794:1040K/848K 69795:864K/640K 69797:3046M/3044M 72126:10G/7447M 72830:1440K/496K 82546:848K/624K
[01:40:19] tree 12.98 GB (peak 12.98)  free disk 21 GB  swap used 2048.00M  mem free 38% | 69794:1040K/848K 69795:864K/640K 69797:3046M/3044M 72126:10G/7134M 72830:1440K/1088K 83200:832K/592K
[01:41:20] tree 12.98 GB (peak 12.98)  free disk 21 GB  swap used 2048.00M  mem free 42% | 69794:1040K/848K 69795:864K/640K 69797:3046M/3044M 72126:10G/6753M 72830:1440K/480K 83610:848K/624K
[01:42:22] tree 12.98 GB (peak 12.98)  free disk 21 GB  swap used 2048.00M  mem free 40% | 69794:1040K/848K 69795:864K/640K 69797:3046M/3044M 72126:10G/7114M 72830:1440K/1088K 84041:848K/624K
[01:43:23] tree 12.98 GB (peak 12.98)  free disk 21 GB  swap used 2048.00M  mem free 41% | 69794:1040K/848K 69795:864K/672K 69797:3046M/3044M 72126:10G/7274M 72830:1440K/1040K 84330:848K/624K
[01:44:25] tree 13.98 GB (peak 13.98)  free disk 20 GB  swap used 3072.00M  mem free 43% | 69794:1040K/848K 69795:864K/672K 69797:3046M/3044M 72126:11G/7158M 72830:1440K/1136K 84629:848K/624K
[01:45:26] tree 13.98 GB (peak 13.98)  free disk 20 GB  swap used 3072.00M  mem free 41% | 69794:1040K/848K 69795:864K/672K 69797:3046M/3044M 72126:11G/7211M 72830:1440K/1136K 84923:848K/624K
[01:46:28] tree 13.98 GB (peak 13.98)  free disk 19 GB  swap used 4096.00M  mem free 43% | 69794:1040K/848K 69795:864K/672K 69797:3046M/3044M 72126:11G/7994M 72830:1440K/1136K 85213:848K/624K
[01:47:29] tree 13.98 GB (peak 13.98)  free disk 19 GB  swap used 4096.00M  mem free 37% | 69794:1040K/848K 69795:864K/672K 69797:3046M/3044M 72126:11G/9664M 72830:1440K/1152K 85519:848K/624K
[01:48:31] tree 13.98 GB (peak 13.98)  free disk 18 GB  swap used 5120.00M  mem free 46% | 69794:1040K/848K 69795:864K/672K 69797:3046M/3044M 72126:11G/7284M 72830:1440K/464K 85800:848K/624K
[01:49:32] tree 13.98 GB (peak 13.98)  free disk 18 GB  swap used 5120.00M  mem free 41% | 69794:1040K/848K 69795:864K/672K 69797:3046M/3044M 72126:11G/8203M 72830:1440K/1136K 86090:848K/624K
[01:50:34] tree 14.98 GB (peak 14.98)  free disk 17 GB  swap used 6144.00M  mem free 44% | 69794:1040K/848K 69795:864K/672K 69797:3046M/3044M 72126:12G/8272M 72830:1440K/1136K 86392:848K/624K
[Mon 01:50:34] WATCHDOG FIRED: tree footprint 14.98 GB > 14 GB -- killing tree of 69794 72830
