rank 4, L^7, box 25x22: 20930 unknowns, 14 Schwarzschild products (by Q power {0: 9, 1: 4, 2: 1}), prime 0 [9s]
  364 sources built [39s]
    [eps chi^2 timing] lcm+compare 3.4s | clear 11.8s = sources only (364)
    rust nullspace: 8 blocks (largest 4418 cols), nnz 1,194,081 -> peak 558,691, nullity 307, 1 thread(s), 2.6s
    residual guard: full, 307 vectors
  one system: 364 (product, deformation) columns, dim V = 293 [60s]

  shape-sector deformations keeping ALL 14: dim 1 of 18
  shape-sector deformations keeping H^1 Q^1 (pole order <= 0): dim 1
  shape-sector deformations keeping H^0 Q^2 (pole order <= 1): dim 3

  directions first appearing with Q^2 (pole order 1): 2
    1*l4tt_2 + -12*l4tt_4 + 16*l4tt_5 + -14*l4rr_3 + 95/2*l4ang_1 + 95/2*l4ang_2 + 6*l4ang_3 + -7*l4ang_4
      survivors (10, {0: 9, 1: 0, 2: 1})
    1*l4rr_2 + 5*l4ang_1 + 6*l4ang_2 + 4/3*l4ang_3
      survivors (10, {0: 9, 1: 0, 2: 1})

  named directions (§140, §141):
    control gaugeY2r_1: (14, {0: 9, 1: 4, 2: 1})
    control gaugeY2y_1: (14, {0: 9, 1: 4, 2: 1})
    control gaugeY2r_3: (14, {0: 9, 1: 4, 2: 1})
    control gaugeY2y_3: (14, {0: 9, 1: 4, 2: 1})
    control gaugeAx1_1: (14, {0: 9, 1: 4, 2: 1})
    control gaugeAxy2_1: (14, {0: 9, 1: 4, 2: 1})
    control gaugeAx1_3: (14, {0: 9, 1: 4, 2: 1})
    control gaugeAxy2_3: (14, {0: 9, 1: 4, 2: 1})
    random #0: (9, {0: 9, 1: 0, 2: 0})
    random #1: (9, {0: 9, 1: 0, 2: 0})
    random #2: (9, {0: 9, 1: 0, 2: 0})

  total 60s
