  Tomimatsu-Sato delta=2 p=4/5 rank 1 M=1 at (5/4,1/2) prime 0 branch e=0: matrix 12x12 (2 monomials x 6 jets), rank 10 -> bound 2  [flint 0.0s]
  Tomimatsu-Sato delta=2 p=4/5 rank 1 M=1 at (5/4,1/2) prime 0 branch e=1: matrix 18x12 (2 monomials x 6 jets), rank 12 -> bound 0  [flint 0.0s]
VERDICT Tomimatsu-Sato delta=2 p=4/5 rank 1 M=1 point (5/4,1/2) prime 0: upper bound 2 (even 2, odd 0); trivial 2; NO NONTRIVIAL KILLING TENSOR (bound = trivial)  [0s]
  Tomimatsu-Sato delta=2 p=4/5 rank 1 M=1 at (2,1/5) prime 0 branch e=0: matrix 12x12 (2 monomials x 6 jets), rank 10 -> bound 2  [flint 0.0s]
  Tomimatsu-Sato delta=2 p=4/5 rank 1 M=1 at (2,1/5) prime 0 branch e=1: matrix 18x12 (2 monomials x 6 jets), rank 12 -> bound 0  [flint 0.0s]
VERDICT Tomimatsu-Sato delta=2 p=4/5 rank 1 M=1 point (2,1/5) prime 0: upper bound 2 (even 2, odd 0); trivial 2; NO NONTRIVIAL KILLING TENSOR (bound = trivial)  [0s]
  Tomimatsu-Sato delta=2 p=4/5 rank 2 M=2 at (5/4,1/2) prime 0 branch e=0: matrix 60x60 (6 monomials x 10 jets), rank 56 -> bound 4  [flint 0.0s]
  Tomimatsu-Sato delta=2 p=4/5 rank 2 M=2 at (5/4,1/2) prime 0 branch e=1: matrix 60x40 (4 monomials x 10 jets), rank 40 -> bound 0  [flint 0.0s]
VERDICT Tomimatsu-Sato delta=2 p=4/5 rank 2 M=2 point (5/4,1/2) prime 0: upper bound 4 (even 4, odd 0); trivial 4; NO NONTRIVIAL KILLING TENSOR (bound = trivial)  [0s]
  Tomimatsu-Sato delta=2 p=4/5 rank 2 M=2 at (2,1/5) prime 0 branch e=0: matrix 60x60 (6 monomials x 10 jets), rank 56 -> bound 4  [flint 0.0s]
  Tomimatsu-Sato delta=2 p=4/5 rank 2 M=2 at (2,1/5) prime 0 branch e=1: matrix 60x40 (4 monomials x 10 jets), rank 40 -> bound 0  [flint 0.0s]
VERDICT Tomimatsu-Sato delta=2 p=4/5 rank 2 M=2 point (2,1/5) prime 0: upper bound 4 (even 4, odd 0); trivial 4; NO NONTRIVIAL KILLING TENSOR (bound = trivial)  [0s]
  Tomimatsu-Sato delta=2 p=4/5 rank 3 M=3 at (5/4,1/2) prime 0 branch e=0: matrix 160x150 (10 monomials x 15 jets), rank 144 -> bound 6  [flint 0.0s]
  Tomimatsu-Sato delta=2 p=4/5 rank 3 M=3 at (5/4,1/2) prime 0 branch e=1: matrix 190x150 (10 monomials x 15 jets), rank 150 -> bound 0  [flint 0.0s]
VERDICT Tomimatsu-Sato delta=2 p=4/5 rank 3 M=3 point (5/4,1/2) prime 0: upper bound 6 (even 6, odd 0); trivial 6; NO NONTRIVIAL KILLING TENSOR (bound = trivial)  [0s]
  Tomimatsu-Sato delta=2 p=4/5 rank 3 M=3 at (2,1/5) prime 0 branch e=0: matrix 160x150 (10 monomials x 15 jets), rank 144 -> bound 6  [flint 0.0s]
  Tomimatsu-Sato delta=2 p=4/5 rank 3 M=3 at (2,1/5) prime 0 branch e=1: matrix 190x150 (10 monomials x 15 jets), rank 150 -> bound 0  [flint 0.0s]
VERDICT Tomimatsu-Sato delta=2 p=4/5 rank 3 M=3 point (2,1/5) prime 0: upper bound 6 (even 6, odd 0); trivial 6; NO NONTRIVIAL KILLING TENSOR (bound = trivial)  [0s]
  Tomimatsu-Sato delta=2 p=4/5 rank 4 M=4 at (5/4,1/2) prime 0 branch e=0: matrix 420x399 (19 monomials x 21 jets), rank 390 -> bound 9  [flint 0.01s]
  Tomimatsu-Sato delta=2 p=4/5 rank 4 M=4 at (5/4,1/2) prime 0 branch e=1: matrix 420x336 (16 monomials x 21 jets), rank 336 -> bound 0  [flint 0.0s]
VERDICT Tomimatsu-Sato delta=2 p=4/5 rank 4 M=4 point (5/4,1/2) prime 0: upper bound 9 (even 9, odd 0); trivial 9; NO NONTRIVIAL KILLING TENSOR (bound = trivial)  [0s]
  Tomimatsu-Sato delta=2 p=4/5 rank 4 M=4 at (2,1/5) prime 0 branch e=0: matrix 420x399 (19 monomials x 21 jets), rank 390 -> bound 9  [flint 0.01s]
  Tomimatsu-Sato delta=2 p=4/5 rank 4 M=4 at (2,1/5) prime 0 branch e=1: matrix 420x336 (16 monomials x 21 jets), rank 336 -> bound 0  [flint 0.0s]
VERDICT Tomimatsu-Sato delta=2 p=4/5 rank 4 M=4 point (2,1/5) prime 0: upper bound 9 (even 9, odd 0); trivial 9; NO NONTRIVIAL KILLING TENSOR (bound = trivial)  [0s]
  Tomimatsu-Sato delta=2 p=4/5 rank 5 M=5 at (5/4,1/2) prime 0 branch e=0: matrix 840x784 (28 monomials x 28 jets), rank 772 -> bound 12  [flint 0.03s]
  Tomimatsu-Sato delta=2 p=4/5 rank 5 M=5 at (5/4,1/2) prime 0 branch e=1: matrix 924x784 (28 monomials x 28 jets), rank 784 -> bound 0  [flint 0.03s]
VERDICT Tomimatsu-Sato delta=2 p=4/5 rank 5 M=5 point (5/4,1/2) prime 0: upper bound 12 (even 12, odd 0); trivial 12; NO NONTRIVIAL KILLING TENSOR (bound = trivial)  [0s]
  Tomimatsu-Sato delta=2 p=4/5 rank 5 M=5 at (2,1/5) prime 0 branch e=0: matrix 840x784 (28 monomials x 28 jets), rank 772 -> bound 12  [flint 0.03s]
  Tomimatsu-Sato delta=2 p=4/5 rank 5 M=5 at (2,1/5) prime 0 branch e=1: matrix 924x784 (28 monomials x 28 jets), rank 784 -> bound 0  [flint 0.03s]
VERDICT Tomimatsu-Sato delta=2 p=4/5 rank 5 M=5 point (2,1/5) prime 0: upper bound 12 (even 12, odd 0); trivial 12; NO NONTRIVIAL KILLING TENSOR (bound = trivial)  [0s]
  Tomimatsu-Sato delta=2 p=4/5 rank 6 M=6 at (5/4,1/2) prime 0 branch e=0: matrix 1680x1584 (44 monomials x 36 jets), rank 1568 -> bound 16  [flint 0.16s]
  Tomimatsu-Sato delta=2 p=4/5 rank 6 M=6 at (5/4,1/2) prime 0 branch e=1: matrix 1680x1440 (40 monomials x 36 jets), rank 1440 -> bound 0  [flint 0.15s]
VERDICT Tomimatsu-Sato delta=2 p=4/5 rank 6 M=6 point (5/4,1/2) prime 0: upper bound 16 (even 16, odd 0); trivial 16; NO NONTRIVIAL KILLING TENSOR (bound = trivial)  [1s]
  Tomimatsu-Sato delta=2 p=4/5 rank 6 M=6 at (2,1/5) prime 0 branch e=0: matrix 1680x1584 (44 monomials x 36 jets), rank 1568 -> bound 16  [flint 0.15s]
  Tomimatsu-Sato delta=2 p=4/5 rank 6 M=6 at (2,1/5) prime 0 branch e=1: matrix 1680x1440 (40 monomials x 36 jets), rank 1440 -> bound 0  [flint 0.14s]
VERDICT Tomimatsu-Sato delta=2 p=4/5 rank 6 M=6 point (2,1/5) prime 0: upper bound 16 (even 16, odd 0); trivial 16; NO NONTRIVIAL KILLING TENSOR (bound = trivial)  [1s]
  Tomimatsu-Sato delta=2 p=4/5 rank 7 M=7 at (5/4,1/2) prime 0 branch e=0: matrix 2880x2700 (60 monomials x 45 jets), rank 2680 -> bound 20  [flint 0.64s]
  Tomimatsu-Sato delta=2 p=4/5 rank 7 M=7 at (5/4,1/2) prime 0 branch e=1: matrix 3060x2700 (60 monomials x 45 jets), rank 2700 -> bound 0  [flint 0.7s]
VERDICT Tomimatsu-Sato delta=2 p=4/5 rank 7 M=7 point (5/4,1/2) prime 0: upper bound 20 (even 20, odd 0); trivial 20; NO NONTRIVIAL KILLING TENSOR (bound = trivial)  [2s]
  Tomimatsu-Sato delta=2 p=4/5 rank 7 M=7 at (2,1/5) prime 0 branch e=0: matrix 2880x2700 (60 monomials x 45 jets), rank 2680 -> bound 20  [flint 0.65s]
  Tomimatsu-Sato delta=2 p=4/5 rank 7 M=7 at (2,1/5) prime 0 branch e=1: matrix 3060x2700 (60 monomials x 45 jets), rank 2700 -> bound 0  [flint 0.7s]
VERDICT Tomimatsu-Sato delta=2 p=4/5 rank 7 M=7 point (2,1/5) prime 0: upper bound 20 (even 20, odd 0); trivial 20; NO NONTRIVIAL KILLING TENSOR (bound = trivial)  [2s]
  Tomimatsu-Sato delta=2 p=4/5 rank 8 M=8 at (5/4,1/2) prime 0 branch e=0: matrix 4950x4675 (85 monomials x 55 jets), rank 4650 -> bound 25  [flint 3.14s]
  Tomimatsu-Sato delta=2 p=4/5 rank 8 M=8 at (5/4,1/2) prime 0 branch e=1: matrix 4950x4400 (80 monomials x 55 jets), rank 4400 -> bound 0  [flint 2.85s]
VERDICT Tomimatsu-Sato delta=2 p=4/5 rank 8 M=8 point (5/4,1/2) prime 0: upper bound 25 (even 25, odd 0); trivial 25; NO NONTRIVIAL KILLING TENSOR (bound = trivial)  [8s]
  Tomimatsu-Sato delta=2 p=4/5 rank 8 M=8 at (2,1/5) prime 0 branch e=0: matrix 4950x4675 (85 monomials x 55 jets), rank 4650 -> bound 25  [flint 3.11s]
  Tomimatsu-Sato delta=2 p=4/5 rank 8 M=8 at (2,1/5) prime 0 branch e=1: matrix 4950x4400 (80 monomials x 55 jets), rank 4400 -> bound 0  [flint 2.84s]
VERDICT Tomimatsu-Sato delta=2 p=4/5 rank 8 M=8 point (2,1/5) prime 0: upper bound 25 (even 25, odd 0); trivial 25; NO NONTRIVIAL KILLING TENSOR (bound = trivial)  [8s]
  Tomimatsu-Sato delta=2 p=4/5 rank 9 M=9 at (5/4,1/2) prime 0 branch e=0: matrix 7700x7260 (110 monomials x 66 jets), rank 7230 -> bound 30  [flint 10.51s]
  Tomimatsu-Sato delta=2 p=4/5 rank 9 M=9 at (5/4,1/2) prime 0 branch e=1: matrix 8030x7260 (110 monomials x 66 jets), rank 7260 -> bound 0  [flint 11.38s]
VERDICT Tomimatsu-Sato delta=2 p=4/5 rank 9 M=9 point (5/4,1/2) prime 0: upper bound 30 (even 30, odd 0); trivial 30; NO NONTRIVIAL KILLING TENSOR (bound = trivial)  [26s]
  Tomimatsu-Sato delta=2 p=4/5 rank 9 M=9 at (2,1/5) prime 0 branch e=0: matrix 7700x7260 (110 monomials x 66 jets), rank 7230 -> bound 30  [flint 10.63s]
  Tomimatsu-Sato delta=2 p=4/5 rank 9 M=9 at (2,1/5) prime 0 branch e=1: matrix 8030x7260 (110 monomials x 66 jets), rank 7260 -> bound 0  [flint 11.22s]
VERDICT Tomimatsu-Sato delta=2 p=4/5 rank 9 M=9 point (2,1/5) prime 0: upper bound 30 (even 30, odd 0); trivial 30; NO NONTRIVIAL KILLING TENSOR (bound = trivial)  [26s]
  Tomimatsu-Sato delta=2 p=4/5 rank 10 M=10 at (5/4,1/2) prime 0 branch e=0: matrix 12012x11388 (146 monomials x 78 jets), rank 11352 -> bound 36  [flint 38.05s]
  Tomimatsu-Sato delta=2 p=4/5 rank 10 M=10 at (5/4,1/2) prime 0 branch e=1: matrix 12012x10920 (140 monomials x 78 jets), rank 10920 -> bound 0  [flint 36.03s]
VERDICT Tomimatsu-Sato delta=2 p=4/5 rank 10 M=10 point (5/4,1/2) prime 0: upper bound 36 (even 36, odd 0); trivial 36; NO NONTRIVIAL KILLING TENSOR (bound = trivial)  [81s]
  Tomimatsu-Sato delta=2 p=4/5 rank 10 M=10 at (2,1/5) prime 0 branch e=0: matrix 12012x11388 (146 monomials x 78 jets), rank 11352 -> bound 36  [flint 38.11s]
  Tomimatsu-Sato delta=2 p=4/5 rank 10 M=10 at (2,1/5) prime 0 branch e=1: matrix 12012x10920 (140 monomials x 78 jets), rank 10920 -> bound 0  [flint 36.23s]
VERDICT Tomimatsu-Sato delta=2 p=4/5 rank 10 M=10 point (2,1/5) prime 0: upper bound 36 (even 36, odd 0); trivial 36; NO NONTRIVIAL KILLING TENSOR (bound = trivial)  [82s]
  Tomimatsu-Sato delta=2 p=3/5 rank 1 M=1 at (5/4,1/2) prime 0 branch e=0: matrix 12x12 (2 monomials x 6 jets), rank 10 -> bound 2  [flint 0.0s]
  Tomimatsu-Sato delta=2 p=3/5 rank 1 M=1 at (5/4,1/2) prime 0 branch e=1: matrix 18x12 (2 monomials x 6 jets), rank 12 -> bound 0  [flint 0.0s]
VERDICT Tomimatsu-Sato delta=2 p=3/5 rank 1 M=1 point (5/4,1/2) prime 0: upper bound 2 (even 2, odd 0); trivial 2; NO NONTRIVIAL KILLING TENSOR (bound = trivial)  [0s]
  Tomimatsu-Sato delta=2 p=3/5 rank 1 M=1 at (2,1/5) prime 0 branch e=0: matrix 12x12 (2 monomials x 6 jets), rank 10 -> bound 2  [flint 0.0s]
  Tomimatsu-Sato delta=2 p=3/5 rank 1 M=1 at (2,1/5) prime 0 branch e=1: matrix 18x12 (2 monomials x 6 jets), rank 12 -> bound 0  [flint 0.0s]
VERDICT Tomimatsu-Sato delta=2 p=3/5 rank 1 M=1 point (2,1/5) prime 0: upper bound 2 (even 2, odd 0); trivial 2; NO NONTRIVIAL KILLING TENSOR (bound = trivial)  [0s]
  Tomimatsu-Sato delta=2 p=3/5 rank 2 M=2 at (5/4,1/2) prime 0 branch e=0: matrix 60x60 (6 monomials x 10 jets), rank 56 -> bound 4  [flint 0.0s]
  Tomimatsu-Sato delta=2 p=3/5 rank 2 M=2 at (5/4,1/2) prime 0 branch e=1: matrix 60x40 (4 monomials x 10 jets), rank 40 -> bound 0  [flint 0.0s]
VERDICT Tomimatsu-Sato delta=2 p=3/5 rank 2 M=2 point (5/4,1/2) prime 0: upper bound 4 (even 4, odd 0); trivial 4; NO NONTRIVIAL KILLING TENSOR (bound = trivial)  [0s]
  Tomimatsu-Sato delta=2 p=3/5 rank 2 M=2 at (2,1/5) prime 0 branch e=0: matrix 60x60 (6 monomials x 10 jets), rank 56 -> bound 4  [flint 0.0s]
  Tomimatsu-Sato delta=2 p=3/5 rank 2 M=2 at (2,1/5) prime 0 branch e=1: matrix 60x40 (4 monomials x 10 jets), rank 40 -> bound 0  [flint 0.0s]
VERDICT Tomimatsu-Sato delta=2 p=3/5 rank 2 M=2 point (2,1/5) prime 0: upper bound 4 (even 4, odd 0); trivial 4; NO NONTRIVIAL KILLING TENSOR (bound = trivial)  [0s]
  Tomimatsu-Sato delta=2 p=3/5 rank 3 M=3 at (5/4,1/2) prime 0 branch e=0: matrix 160x150 (10 monomials x 15 jets), rank 144 -> bound 6  [flint 0.0s]
  Tomimatsu-Sato delta=2 p=3/5 rank 3 M=3 at (5/4,1/2) prime 0 branch e=1: matrix 190x150 (10 monomials x 15 jets), rank 150 -> bound 0  [flint 0.0s]
VERDICT Tomimatsu-Sato delta=2 p=3/5 rank 3 M=3 point (5/4,1/2) prime 0: upper bound 6 (even 6, odd 0); trivial 6; NO NONTRIVIAL KILLING TENSOR (bound = trivial)  [0s]
  Tomimatsu-Sato delta=2 p=3/5 rank 3 M=3 at (2,1/5) prime 0 branch e=0: matrix 160x150 (10 monomials x 15 jets), rank 144 -> bound 6  [flint 0.0s]
  Tomimatsu-Sato delta=2 p=3/5 rank 3 M=3 at (2,1/5) prime 0 branch e=1: matrix 190x150 (10 monomials x 15 jets), rank 150 -> bound 0  [flint 0.0s]
VERDICT Tomimatsu-Sato delta=2 p=3/5 rank 3 M=3 point (2,1/5) prime 0: upper bound 6 (even 6, odd 0); trivial 6; NO NONTRIVIAL KILLING TENSOR (bound = trivial)  [0s]
  Tomimatsu-Sato delta=2 p=3/5 rank 4 M=4 at (5/4,1/2) prime 0 branch e=0: matrix 420x399 (19 monomials x 21 jets), rank 390 -> bound 9  [flint 0.01s]
  Tomimatsu-Sato delta=2 p=3/5 rank 4 M=4 at (5/4,1/2) prime 0 branch e=1: matrix 420x336 (16 monomials x 21 jets), rank 336 -> bound 0  [flint 0.0s]
VERDICT Tomimatsu-Sato delta=2 p=3/5 rank 4 M=4 point (5/4,1/2) prime 0: upper bound 9 (even 9, odd 0); trivial 9; NO NONTRIVIAL KILLING TENSOR (bound = trivial)  [0s]
  Tomimatsu-Sato delta=2 p=3/5 rank 4 M=4 at (2,1/5) prime 0 branch e=0: matrix 420x399 (19 monomials x 21 jets), rank 390 -> bound 9  [flint 0.01s]
  Tomimatsu-Sato delta=2 p=3/5 rank 4 M=4 at (2,1/5) prime 0 branch e=1: matrix 420x336 (16 monomials x 21 jets), rank 336 -> bound 0  [flint 0.0s]
VERDICT Tomimatsu-Sato delta=2 p=3/5 rank 4 M=4 point (2,1/5) prime 0: upper bound 9 (even 9, odd 0); trivial 9; NO NONTRIVIAL KILLING TENSOR (bound = trivial)  [0s]
  Tomimatsu-Sato delta=2 p=3/5 rank 5 M=5 at (5/4,1/2) prime 0 branch e=0: matrix 840x784 (28 monomials x 28 jets), rank 772 -> bound 12  [flint 0.03s]
  Tomimatsu-Sato delta=2 p=3/5 rank 5 M=5 at (5/4,1/2) prime 0 branch e=1: matrix 924x784 (28 monomials x 28 jets), rank 784 -> bound 0  [flint 0.03s]
VERDICT Tomimatsu-Sato delta=2 p=3/5 rank 5 M=5 point (5/4,1/2) prime 0: upper bound 12 (even 12, odd 0); trivial 12; NO NONTRIVIAL KILLING TENSOR (bound = trivial)  [1s]
  Tomimatsu-Sato delta=2 p=3/5 rank 5 M=5 at (2,1/5) prime 0 branch e=0: matrix 840x784 (28 monomials x 28 jets), rank 772 -> bound 12  [flint 0.03s]
  Tomimatsu-Sato delta=2 p=3/5 rank 5 M=5 at (2,1/5) prime 0 branch e=1: matrix 924x784 (28 monomials x 28 jets), rank 784 -> bound 0  [flint 0.03s]
VERDICT Tomimatsu-Sato delta=2 p=3/5 rank 5 M=5 point (2,1/5) prime 0: upper bound 12 (even 12, odd 0); trivial 12; NO NONTRIVIAL KILLING TENSOR (bound = trivial)  [1s]
  Tomimatsu-Sato delta=2 p=3/5 rank 6 M=6 at (5/4,1/2) prime 0 branch e=0: matrix 1680x1584 (44 monomials x 36 jets), rank 1568 -> bound 16  [flint 0.15s]
  Tomimatsu-Sato delta=2 p=3/5 rank 6 M=6 at (5/4,1/2) prime 0 branch e=1: matrix 1680x1440 (40 monomials x 36 jets), rank 1440 -> bound 0  [flint 0.14s]
VERDICT Tomimatsu-Sato delta=2 p=3/5 rank 6 M=6 point (5/4,1/2) prime 0: upper bound 16 (even 16, odd 0); trivial 16; NO NONTRIVIAL KILLING TENSOR (bound = trivial)  [1s]
  Tomimatsu-Sato delta=2 p=3/5 rank 6 M=6 at (2,1/5) prime 0 branch e=0: matrix 1680x1584 (44 monomials x 36 jets), rank 1568 -> bound 16  [flint 0.16s]
  Tomimatsu-Sato delta=2 p=3/5 rank 6 M=6 at (2,1/5) prime 0 branch e=1: matrix 1680x1440 (40 monomials x 36 jets), rank 1440 -> bound 0  [flint 0.14s]
VERDICT Tomimatsu-Sato delta=2 p=3/5 rank 6 M=6 point (2,1/5) prime 0: upper bound 16 (even 16, odd 0); trivial 16; NO NONTRIVIAL KILLING TENSOR (bound = trivial)  [1s]
  Tomimatsu-Sato delta=2 p=3/5 rank 7 M=7 at (5/4,1/2) prime 0 branch e=0: matrix 2880x2700 (60 monomials x 45 jets), rank 2680 -> bound 20  [flint 0.64s]
  Tomimatsu-Sato delta=2 p=3/5 rank 7 M=7 at (5/4,1/2) prime 0 branch e=1: matrix 3060x2700 (60 monomials x 45 jets), rank 2700 -> bound 0  [flint 0.7s]
VERDICT Tomimatsu-Sato delta=2 p=3/5 rank 7 M=7 point (5/4,1/2) prime 0: upper bound 20 (even 20, odd 0); trivial 20; NO NONTRIVIAL KILLING TENSOR (bound = trivial)  [2s]
  Tomimatsu-Sato delta=2 p=3/5 rank 7 M=7 at (2,1/5) prime 0 branch e=0: matrix 2880x2700 (60 monomials x 45 jets), rank 2680 -> bound 20  [flint 0.64s]
  Tomimatsu-Sato delta=2 p=3/5 rank 7 M=7 at (2,1/5) prime 0 branch e=1: matrix 3060x2700 (60 monomials x 45 jets), rank 2700 -> bound 0  [flint 0.7s]
VERDICT Tomimatsu-Sato delta=2 p=3/5 rank 7 M=7 point (2,1/5) prime 0: upper bound 20 (even 20, odd 0); trivial 20; NO NONTRIVIAL KILLING TENSOR (bound = trivial)  [2s]
  Tomimatsu-Sato delta=2 p=3/5 rank 8 M=8 at (5/4,1/2) prime 0 branch e=0: matrix 4950x4675 (85 monomials x 55 jets), rank 4650 -> bound 25  [flint 3.12s]
  Tomimatsu-Sato delta=2 p=3/5 rank 8 M=8 at (5/4,1/2) prime 0 branch e=1: matrix 4950x4400 (80 monomials x 55 jets), rank 4400 -> bound 0  [flint 2.83s]
VERDICT Tomimatsu-Sato delta=2 p=3/5 rank 8 M=8 point (5/4,1/2) prime 0: upper bound 25 (even 25, odd 0); trivial 25; NO NONTRIVIAL KILLING TENSOR (bound = trivial)  [8s]
  Tomimatsu-Sato delta=2 p=3/5 rank 8 M=8 at (2,1/5) prime 0 branch e=0: matrix 4950x4675 (85 monomials x 55 jets), rank 4650 -> bound 25  [flint 3.09s]
  Tomimatsu-Sato delta=2 p=3/5 rank 8 M=8 at (2,1/5) prime 0 branch e=1: matrix 4950x4400 (80 monomials x 55 jets), rank 4400 -> bound 0  [flint 2.81s]
VERDICT Tomimatsu-Sato delta=2 p=3/5 rank 8 M=8 point (2,1/5) prime 0: upper bound 25 (even 25, odd 0); trivial 25; NO NONTRIVIAL KILLING TENSOR (bound = trivial)  [8s]
  Tomimatsu-Sato delta=2 p=3/5 rank 9 M=9 at (5/4,1/2) prime 0 branch e=0: matrix 7700x7260 (110 monomials x 66 jets), rank 7230 -> bound 30  [flint 10.56s]
  Tomimatsu-Sato delta=2 p=3/5 rank 9 M=9 at (5/4,1/2) prime 0 branch e=1: matrix 8030x7260 (110 monomials x 66 jets), rank 7260 -> bound 0  [flint 11.24s]
VERDICT Tomimatsu-Sato delta=2 p=3/5 rank 9 M=9 point (5/4,1/2) prime 0: upper bound 30 (even 30, odd 0); trivial 30; NO NONTRIVIAL KILLING TENSOR (bound = trivial)  [26s]
  Tomimatsu-Sato delta=2 p=3/5 rank 9 M=9 at (2,1/5) prime 0 branch e=0: matrix 7700x7260 (110 monomials x 66 jets), rank 7230 -> bound 30  [flint 10.62s]
  Tomimatsu-Sato delta=2 p=3/5 rank 9 M=9 at (2,1/5) prime 0 branch e=1: matrix 8030x7260 (110 monomials x 66 jets), rank 7260 -> bound 0  [flint 11.4s]
VERDICT Tomimatsu-Sato delta=2 p=3/5 rank 9 M=9 point (2,1/5) prime 0: upper bound 30 (even 30, odd 0); trivial 30; NO NONTRIVIAL KILLING TENSOR (bound = trivial)  [26s]
  Tomimatsu-Sato delta=2 p=3/5 rank 10 M=10 at (5/4,1/2) prime 0 branch e=0: matrix 12012x11388 (146 monomials x 78 jets), rank 11352 -> bound 36  [flint 38.06s]
  Tomimatsu-Sato delta=2 p=3/5 rank 10 M=10 at (5/4,1/2) prime 0 branch e=1: matrix 12012x10920 (140 monomials x 78 jets), rank 10920 -> bound 0  [flint 36.23s]
VERDICT Tomimatsu-Sato delta=2 p=3/5 rank 10 M=10 point (5/4,1/2) prime 0: upper bound 36 (even 36, odd 0); trivial 36; NO NONTRIVIAL KILLING TENSOR (bound = trivial)  [81s]
  Tomimatsu-Sato delta=2 p=3/5 rank 10 M=10 at (2,1/5) prime 0 branch e=0: matrix 12012x11388 (146 monomials x 78 jets), rank 11352 -> bound 36  [flint 38.43s]
  Tomimatsu-Sato delta=2 p=3/5 rank 10 M=10 at (2,1/5) prime 0 branch e=1: matrix 12012x10920 (140 monomials x 78 jets), rank 10920 -> bound 0  [flint 36.61s]
VERDICT Tomimatsu-Sato delta=2 p=3/5 rank 10 M=10 point (2,1/5) prime 0: upper bound 36 (even 36, odd 0); trivial 36; NO NONTRIVIAL KILLING TENSOR (bound = trivial)  [82s]
  Tomimatsu-Sato delta=2 p=4/5 rank 4 M=5 at (3,1/3) prime 0 branch e=0: matrix 588x532 (19 monomials x 28 jets), rank 523 -> bound 9  [flint 0.01s]
  Tomimatsu-Sato delta=2 p=4/5 rank 4 M=5 at (3,1/3) prime 0 branch e=1: matrix 588x448 (16 monomials x 28 jets), rank 448 -> bound 0  [flint 0.01s]
VERDICT Tomimatsu-Sato delta=2 p=4/5 rank 4 M=5 point (3,1/3) prime 0: upper bound 9 (even 9, odd 0); trivial 9; NO NONTRIVIAL KILLING TENSOR (bound = trivial)  [0s]
  Tomimatsu-Sato delta=2 p=4/5 rank 6 M=7 at (3,1/3) prime 0 branch e=0: matrix 2160x1980 (44 monomials x 45 jets), rank 1964 -> bound 16  [flint 0.31s]
  Tomimatsu-Sato delta=2 p=4/5 rank 6 M=7 at (3,1/3) prime 0 branch e=1: matrix 2160x1800 (40 monomials x 45 jets), rank 1800 -> bound 0  [flint 0.27s]
VERDICT Tomimatsu-Sato delta=2 p=4/5 rank 6 M=7 point (3,1/3) prime 0: upper bound 16 (even 16, odd 0); trivial 16; NO NONTRIVIAL KILLING TENSOR (bound = trivial)  [1s]
  Tomimatsu-Sato delta=2 p=4/5 rank 8 M=9 at (3,1/3) prime 0 branch e=0: matrix 6050x5610 (85 monomials x 66 jets), rank 5585 -> bound 25  [flint 5.12s]
  Tomimatsu-Sato delta=2 p=4/5 rank 8 M=9 at (3,1/3) prime 0 branch e=1: matrix 6050x5280 (80 monomials x 66 jets), rank 5280 -> bound 0  [flint 4.69s]
VERDICT Tomimatsu-Sato delta=2 p=4/5 rank 8 M=9 point (3,1/3) prime 0: upper bound 25 (even 25, odd 0); trivial 25; NO NONTRIVIAL KILLING TENSOR (bound = trivial)  [13s]
  Tomimatsu-Sato delta=2 p=4/5 rank 6 M=6 at (3,1/3) prime 1 branch e=0: matrix 1680x1584 (44 monomials x 36 jets), rank 1568 -> bound 16  [flint 0.16s]
  Tomimatsu-Sato delta=2 p=4/5 rank 6 M=6 at (3,1/3) prime 1 branch e=1: matrix 1680x1440 (40 monomials x 36 jets), rank 1440 -> bound 0  [flint 0.15s]
VERDICT Tomimatsu-Sato delta=2 p=4/5 rank 6 M=6 point (3,1/3) prime 1: upper bound 16 (even 16, odd 0); trivial 16; NO NONTRIVIAL KILLING TENSOR (bound = trivial)  [1s]
  Tomimatsu-Sato delta=2 p=4/5 rank 8 M=8 at (3,1/3) prime 1 branch e=0: matrix 4950x4675 (85 monomials x 55 jets), rank 4650 -> bound 25  [flint 3.1s]
  Tomimatsu-Sato delta=2 p=4/5 rank 8 M=8 at (3,1/3) prime 1 branch e=1: matrix 4950x4400 (80 monomials x 55 jets), rank 4400 -> bound 0  [flint 2.85s]
VERDICT Tomimatsu-Sato delta=2 p=4/5 rank 8 M=8 point (3,1/3) prime 1: upper bound 25 (even 25, odd 0); trivial 25; NO NONTRIVIAL KILLING TENSOR (bound = trivial)  [8s]
  Tomimatsu-Sato delta=2 p=4/5 rank 10 M=10 at (3,1/3) prime 1 branch e=0: matrix 12012x11388 (146 monomials x 78 jets), rank 11352 -> bound 36  [flint 38.15s]
  Tomimatsu-Sato delta=2 p=4/5 rank 10 M=10 at (3,1/3) prime 1 branch e=1: matrix 12012x10920 (140 monomials x 78 jets), rank 10920 -> bound 0  [flint 36.28s]
VERDICT Tomimatsu-Sato delta=2 p=4/5 rank 10 M=10 point (3,1/3) prime 1: upper bound 36 (even 36, odd 0); trivial 36; NO NONTRIVIAL KILLING TENSOR (bound = trivial)  [82s]
  Kerr M=1 a=1/2 rank 4 M=5 at (3,1/3) prime 0 branch e=0: matrix 588x532 (19 monomials x 28 jets), rank 518 -> bound 14  [flint 0.01s]
  Kerr M=1 a=1/2 rank 4 M=5 at (3,1/3) prime 0 branch e=1: matrix 588x448 (16 monomials x 28 jets), rank 448 -> bound 0  [flint 0.01s]
VERDICT Kerr M=1 a=1/2 rank 4 M=5 point (3,1/3) prime 0: upper bound 14 (even 14, odd 0); trivial 9; bound exceeds trivial by 5  [0s]
ALL DONE Sat Oct 10 01:50:42 IST 2026
