[p1] M=5 a=3 beta=1/5
    CTC region (g_phiphi < 0): present; x-extent 1.00010 .. 1.07537  (x - 1 from 1.00e-04); |y| range 0.000 .. 0.465
    ergoregion (f < 0): present; x-extent 1.00010 .. 1.35435  (x - 1 from 1.00e-04); |y| range 0.000 .. 0.999
    min |B| on grid = 1.596e-02  (B = 0 would make f singular)   min A = -inf, max A = inf
    f near x = 1+1e-4: range -4.6298e-02 .. inf
[p2] M=13 a=5 beta=-1/3
    CTC region (g_phiphi < 0): present; x-extent 1.00010 .. 1.12178  (x - 1 from 1.00e-04); |y| range 0.000 .. 0.485
    ergoregion (f < 0): present; x-extent 1.00010 .. 1.17386  (x - 1 from 1.00e-04); |y| range 0.015 .. 0.999
    min |B| on grid = 3.827e-02  (B = 0 would make f singular)   min A = -inf, max A = inf
    f near x = 1+1e-4: range -7.6940e-01 .. inf
[kerr] M=5 a=3 beta=0
    CTC region (g_phiphi < 0): none on the grid
    ergoregion (f < 0): present; x-extent 1.00010 .. 1.24821  (x - 1 from 1.00e-04); |y| range 0.000 .. 0.999
    min |B| on grid = 4.000e+00  (B = 0 would make f singular)   min A = -4.443e-01, max A = 2.765e+01
    f near x = 1+1e-4: range -1.1106e-01 .. -1.6436e-04

exponential blow-up locus (non-finite f), and |exponent of E_Q| vs R:
  [p1] non-finite or |f| > 1e12 on 20479 of 280700 grid points; max R there = 2.199e-01; x - 1 <= 5.68e-03, |y| <= 0.215
      R = 0.5: exponent of E_Q at y = 0 is -1.920e+00
      R = 0.2: exponent of E_Q at y = 0 is -4.687e+02
      R = 0.1: exponent of E_Q at y = 0 is -3.000e+04
      R = 0.05: exponent of E_Q at y = 0 is -1.920e+06
  [p2] non-finite or |f| > 1e12 on 15257 of 280700 grid points; max R there = 2.171e-01; x - 1 <= 2.32e-02, |y| <= 0.150
      R = 0.5: exponent of E_Q at y = 0 is -5.333e+00
      R = 0.2: exponent of E_Q at y = 0 is -1.302e+03
      R = 0.1: exponent of E_Q at y = 0 is -8.333e+04
      R = 0.05: exponent of E_Q at y = 0 is -5.333e+06
