spin parameter FIXED: t = 1/2  ->  p, q = (3/5, 4/5)
0. the Ernst potentials satisfy the Ernst equation (exact, at random rational points)
  ok    delta = 1: Ernst operator vanishes   [[0, 0, 0, 0]]
  ok    delta = 2: Ernst operator vanishes   [[0, 0, 0, 0]]

1. CONTROL: Kerr (delta = 1) through the SAME pipeline must be vacuum
  ok    twist equations solved exactly for omega   [sign s = 1]
  ok    Kerr: R_ab = 0 exactly at 4 random rational points   [max |R_ab| = 0]

2. Tomimatsu-Sato delta = 2
  ok    twist equations solved exactly for omega (ansatz degree 8)   [sign s = 1]
  ok    TS delta=2: R_ab = 0 exactly at 4 random rational points   [max |R_ab| = 0]

3. CONTROL: a perturbed TS metric must NOT be vacuum (the test can fail)
  ok    perturbed e^{2gamma}: R_ab != 0   [max |R_ab| = 0.002714]

4. asymptotics: mass and angular momentum read off (not assumed)
      m / sigma = 10/3     (1 - f ~ 2m/(sigma x))
  ok    m = 2 sigma / p  (the delta = 2 relation sigma = m p / 2)
      omega ~ 160*sigma/9 (1-y^2)/x  ->  J / m^2 = 4/5
  ok    |J| = q m^2 (sign fixed by the chart's orientation)

5. rational structure (what a Kovacic-based tool needs)
  ok    every metric component is a rational function of (x, y, t, sigma)

  components written to data/sealed/TS2_for_quantum/ts2_metric_components_t1o2.txt

PASS -- all checks
