dCS rational-Carter test at rank 6

  solution re-derived: 181 equations, 26 gauge parameters set to 0
  c2 = -5/16
  rank 6, L^8, box 30x28, prime 0, 30 Kerr directions [61s]
    [eps chi^0 timing] lcm+compare 0.1s | clear 0.7s = sources only (30)
    rust nullspace: 8 blocks (largest 13640 cols), nnz 4,006,722 -> peak 6,035,931, nullity 60, 4 thread(s), 61.2s
    residual guard: full, 60 vectors
  eps chi^0: 30 columns, 1 deformations with every chain extending [121s]
    [eps chi^1 timing] lcm+compare 0.1s | clear 0.7s = sources only (30)
    rust nullspace: 8 blocks (largest 13640 cols), nnz 4,006,722 -> peak 6,035,931, nullity 60, 4 thread(s), 66.1s
    residual guard: full, 60 vectors
  eps chi^1: 30 columns, 1 deformations with every chain extending [190s]
    [eps chi^2 timing] lcm+compare 35.3s | clear 76.3s = RESCALED 75516 operator columns as arrays, nnz 4,006,722 -> 49,675,736, by q (88 terms, 13.5s) + cleared 30 sources; new denominator factor 94080*(x - 2)**10*(y - 1)**7*(y + 1)**7
    rust nullspace: 8 blocks (largest 13659 cols), nnz 50,035,126 -> peak 26,659,471, nullity 46, 4 thread(s), 318.9s
    residual guard: full, 46 vectors
  eps chi^2: 30 (chain, deformation) columns, dim V = 16 [719s]

  survivors, by leading power of Carter: (16, {0: 16, 1: 0, 2: 0, 3: 0})

  reducible floor at rank 6: 16
  total survivors: 16   ABOVE THE FLOOR: 0

  => the floor and nothing else. NO rational Carter of pole order 2 for dCS.
     Consistent with Owen-Yunes-Witek's rank-6 null, and with our own
     §142 prediction that it would be.

  total 741s
