CONTROL: skipped by flag (passed at 230 s; nothing upstream of it changed)



LHS: loading data/dcs_lhs_srepr.txt

  loaded

  built [0s]; nonzero components:
    (0,0)  97 terms
    (1,1)  69 terms
    (1,2)  57 terms
    (2,2)  104 terms
    (3,3)  117 terms
  saved to data/dcs_lhs_srepr.txt (0.1 MB)

SOURCE: rebuilding the O(zeta chi^2) right-hand side

  source built
  ansatz: each of 9 functions as sum_k c_k / r^(k+1), k = 0..11  (108 unknowns + c2)

    (0,0) -> 32 equations so far [9s]
    (1,1) -> 64 equations so far [11s]
    (1,2) -> 96 equations so far [13s]
    (2,2) -> 130 equations so far [16s]
    (3,3) -> 181 equations so far [20s]

  181 equations, 109 unknowns [20s]

  SOLVED. 94 nonzero coefficients:
    a0_0 = -d0_1/(16*M**3) - e2_2/(96*M**3) + 121729/(188160*M**3) - d0_2/(16*M**4) + d2_2/(128*M**4) - e2_3/(160*M**4) - 3*d0_3/(64*M**5) + 11*d2_3/(1280*M**5) - 19*e2_4/(5760*M**5) - d0_4/(32*M**6) + 13*d2_4/(1920*M**6) - 17*e2_5/(10080*M**6) - 5*d0_5/(256*M**7) + 25*d2_5/(5376*M**7) - 55*e2_6/(64512*M**7) - 3*d0_6/(256*M**8) + 85*d2_6/(28672*M**8) - 83*e2_7/(193536*M**8) - 7*d0_7/(1024*M**9) + 133*d2_7/(73728*M**9) - 119*e2_8/(552960*M**9) - d0_8/(256*M**10) + 49*d2_8/(46080*M**10) - 41*e2_9/(380160*M**10)
    a0_3 = d0_1 + e2_2/6 - 4139/672 + 3*d0_2/(4*M) - d2_2/(8*M) + e2_3/(15*M) + d0_3/(2*M**2) - 9*d2_3/(80*M**2) + 11*e2_4/(360*M**2) + 5*d0_4/(16*M**3) - 19*d2_4/(240*M**3) + 37*e2_5/(2520*M**3) + 3*d0_5/(16*M**4) - 17*d2_5/(336*M**4) + 29*e2_6/(4032*M**4) + 7*d0_6/(64*M**5) - 55*d2_6/(1792*M**5) + 43*e2_7/(12096*M**5) + d0_7/(16*M**6) - 83*d2_7/(4608*M**6) + 61*e2_8/(34560*M**6) + 9*d0_8/(256*M**7) - 119*d2_8/(11520*M**7) + 167*e2_9/(190080*M**7)
    a0_4 = -M*d0_1 - M*e2_2/6 + 227*M/560 + d2_2/8 + e2_3/30 + 3*d2_3/(80*M) + e2_4/(120*M) + d2_4/(80*M**2) + e2_5/(420*M**2) + d2_5/(224*M**3) + e2_6/(1344*M**3) + 3*d2_6/(1792*M**4) + e2_7/(4032*M**4) + d2_7/(1536*M**5) + e2_8/(11520*M**5) + d2_8/(3840*M**6) + e2_9/(31680*M**6)
    a0_5 = 1891*M**2/735 - M*d0_2 - 2*M*e2_3/15 + d2_3/10 + e2_4/45 + d2_4/(30*M) + 2*e2_5/(315*M) + d2_5/(84*M**2) + e2_6/(504*M**2) + d2_6/(224*M**3) + e2_7/(1512*M**3) + d2_7/(576*M**4) + e2_8/(4320*M**4) + d2_8/(1440*M**5) + e2_9/(11880*M**5)
    a0_6 = 5933*M**3/1176 - M*d0_3 - M*e2_4/9 + d2_4/12 + e2_5/63 + 5*d2_5/(168*M) + 5*e2_6/(1008*M) + 5*d2_6/(448*M**2) + 5*e2_7/(3024*M**2) + 5*d2_7/(1152*M**3) + e2_8/(1728*M**3) + d2_8/(576*M**4) + e2_9/(4752*M**4)
    a0_7 = 1928*M**4/245 - M*d0_4 - 2*M*e2_5/21 + d2_5/14 + e2_6/84 + 3*d2_6/(112*M) + e2_7/(252*M) + d2_7/(96*M**2) + e2_8/(720*M**2) + d2_8/(240*M**3) + e2_9/(1980*M**3)
    a0_8 = -9*M**5/2 - M*d0_5 - M*e2_6/12 + d2_6/16 + e2_7/108 + 7*d2_7/(288*M) + 7*e2_8/(2160*M) + 7*d2_8/(720*M**2) + 7*e2_9/(5940*M**2)
    a0_9 = -M*d0_6 - 2*M*e2_7/27 + d2_7/18 + e2_8/135 + d2_8/(45*M) + 4*e2_9/(1485*M)
    a0_10 = -M*d0_7 - M*e2_8/15 + d2_8/20 + e2_9/165
    a0_11 = -M*d0_8 - 2*M*e2_9/33
    a2_2 = -201/(560*M)
    a2_3 = 10181/5880 - d2_2/(4*M) - e2_3/(15*M) - d2_3/(5*M**2) - 2*e2_4/(45*M**2) - 31*d2_4/(240*M**3) - 31*e2_5/(1260*M**3) - 13*d2_5/(168*M**4) - 13*e2_6/(1008*M**4) - 5*d2_6/(112*M**5) - 5*e2_7/(756*M**5) - 29*d2_7/(1152*M**6) - 29*e2_8/(8640*M**6) - 161*d2_8/(11520*M**7) - 161*e2_9/(95040*M**7)
    a2_4 = -2222*M/735 + d2_2 + 4*e2_3/15 + 11*d2_3/(20*M) + 11*e2_4/(90*M) + 37*d2_4/(120*M**2) + 37*e2_5/(630*M**2) + 29*d2_5/(168*M**3) + 29*e2_6/(1008*M**3) + 43*d2_6/(448*M**4) + 43*e2_7/(3024*M**4) + 61*d2_7/(1152*M**5) + 61*e2_8/(8640*M**5) + 167*d2_8/(5760*M**6) + 167*e2_9/(47520*M**6)
    a2_5 = 199*M**2/210 - M*d2_2 - 4*M*e2_3/15 + d2_3/5 + 2*e2_4/45 + d2_4/(15*M) + 4*e2_5/(315*M) + d2_5/(42*M**2) + e2_6/(252*M**2) + d2_6/(112*M**3) + e2_7/(756*M**3) + d2_7/(288*M**4) + e2_8/(2160*M**4) + d2_8/(720*M**5) + e2_9/(5940*M**5)
    a2_6 = -13*M**3/588 - M*d2_3 - 2*M*e2_4/9 + d2_4/6 + 2*e2_5/63 + 5*d2_5/(84*M) + 5*e2_6/(504*M) + 5*d2_6/(224*M**2) + 5*e2_7/(1512*M**2) + 5*d2_7/(576*M**3) + e2_8/(864*M**3) + d2_8/(288*M**4) + e2_9/(2376*M**4)
    a2_7 = 151*M**4/245 - M*d2_4 - 4*M*e2_5/21 + d2_5/7 + e2_6/42 + 3*d2_6/(56*M) + e2_7/(126*M) + d2_7/(48*M**2) + e2_8/(360*M**2) + d2_8/(120*M**3) + e2_9/(990*M**3)
    a2_8 = -99*M**5/5 - M*d2_5 - M*e2_6/6 + d2_6/8 + e2_7/54 + 7*d2_7/(144*M) + 7*e2_8/(1080*M) + 7*d2_8/(360*M**2) + 7*e2_9/(2970*M**2)
    a2_9 = -M*d2_6 - 4*M*e2_7/27 + d2_7/9 + 2*e2_8/135 + 2*d2_8/(45*M) + 8*e2_9/(1485*M)
    a2_10 = -M*d2_7 - 2*M*e2_8/15 + d2_8/10 + 2*e2_9/165
    a2_11 = -M*d2_8 - 4*M*e2_9/33
    b0_0 = -d0_1/(16*M**3) - e2_2/(96*M**3) + 121729/(188160*M**3) - d0_2/(16*M**4) + d2_2/(128*M**4) - e2_3/(160*M**4) - 3*d0_3/(64*M**5) + 11*d2_3/(1280*M**5) - 19*e2_4/(5760*M**5) - d0_4/(32*M**6) + 13*d2_4/(1920*M**6) - 17*e2_5/(10080*M**6) - 5*d0_5/(256*M**7) + 25*d2_5/(5376*M**7) - 55*e2_6/(64512*M**7) - 3*d0_6/(256*M**8) + 85*d2_6/(28672*M**8) - 83*e2_7/(193536*M**8) - 7*d0_7/(1024*M**9) + 133*d2_7/(73728*M**9) - 119*e2_8/(552960*M**9) - d0_8/(256*M**10) + 49*d2_8/(46080*M**10) - 41*e2_9/(380160*M**10)
    b0_1 = -d0_1/(4*M**2) - e2_2/(24*M**2) + 121729/(47040*M**2) - d0_2/(4*M**3) + d2_2/(32*M**3) - e2_3/(40*M**3) - 3*d0_3/(16*M**4) + 11*d2_3/(320*M**4) - 19*e2_4/(1440*M**4) - d0_4/(8*M**5) + 13*d2_4/(480*M**5) - 17*e2_5/(2520*M**5) - 5*d0_5/(64*M**6) + 25*d2_5/(1344*M**6) - 55*e2_6/(16128*M**6) - 3*d0_6/(64*M**7) + 85*d2_6/(7168*M**7) - 83*e2_7/(48384*M**7) - 7*d0_7/(256*M**8) + 133*d2_7/(18432*M**8) - 119*e2_8/(138240*M**8) - d0_8/(64*M**9) + 49*d2_8/(11520*M**9) - 41*e2_9/(95040*M**9)
    b0_2 = 5*d0_1/(4*M) + 5*e2_2/(24*M) - 214273/(47040*M) + 3*d0_2/(4*M**2) - 5*d2_2/(32*M**2) + 7*e2_3/(120*M**2) + 7*d0_3/(16*M**3) - 39*d2_3/(320*M**3) + 31*e2_4/(1440*M**3) + d0_4/(4*M**4) - 37*d2_4/(480*M**4) + 23*e2_5/(2520*M**4) + 9*d0_5/(64*M**5) - 61*d2_5/(1344*M**5) + 67*e2_6/(16128*M**5) + 5*d0_6/(64*M**6) - 185*d2_6/(7168*M**6) + 95*e2_7/(48384*M**6) + 11*d0_7/(256*M**7) - 265*d2_7/(18432*M**7) + 131*e2_8/(138240*M**7) + 3*d0_8/(128*M**8) - 91*d2_8/(11520*M**8) + e2_9/(2160*M**8)
    b0_3 = -207827/23520 + 7*d0_2/(4*M) + 7*e2_3/(30*M) + d0_3/M**2 - 7*d2_3/(40*M**2) + 13*e2_4/(180*M**2) + 9*d0_4/(16*M**3) - 17*d2_4/(120*M**3) + 67*e2_5/(2520*M**3) + 5*d0_5/(16*M**4) - 61*d2_5/(672*M**4) + 11*e2_6/(1008*M**4) + 11*d0_6/(64*M**5) - 3*d2_6/(56*M**5) + 29*e2_7/(6048*M**5) + 3*d0_7/(32*M**6) - 35*d2_7/(1152*M**6) + 19*e2_8/(8640*M**6) + 13*d0_8/(256*M**7) - 97*d2_8/(5760*M**7) + 197*e2_9/(190080*M**7)
    b0_4 = -16441*M/980 + 9*d0_3/(4*M) + e2_4/(4*M) + 5*d0_4/(4*M**2) - 3*d2_4/(16*M**2) + e2_5/(12*M**2) + 11*d0_5/(16*M**3) - 5*d2_5/(32*M**3) + e2_6/(32*M**3) + 3*d0_6/(8*M**4) - 13*d2_6/(128*M**4) + 11*e2_7/(864*M**4) + 13*d0_7/(64*M**5) - 139*d2_7/(2304*M**5) + 19*e2_8/(3456*M**5) + 7*d0_8/(64*M**6) - 79*d2_8/(2304*M**6) + 47*e2_9/(19008*M**6)
    b0_5 = -22993*M**2/980 + 11*d0_4/(4*M) + 11*e2_5/(42*M) + 3*d0_5/(2*M**2) - 11*d2_5/(56*M**2) + 31*e2_6/(336*M**2) + 13*d0_6/(16*M**3) - 75*d2_6/(448*M**3) + 107*e2_7/(3024*M**3) + 7*d0_7/(16*M**4) - 127*d2_7/(1152*M**4) + 25*e2_8/(1728*M**4) + 15*d0_8/(64*M**5) - 19*d2_8/(288*M**5) + 59*e2_9/(9504*M**5)
    b0_6 = -963*M**3/40 + 13*d0_5/(4*M) + 13*e2_6/(48*M) + 7*d0_6/(4*M**2) - 13*d2_6/(64*M**2) + 43*e2_7/(432*M**2) + 15*d0_7/(16*M**3) - 203*d2_7/(1152*M**3) + 337*e2_8/(8640*M**3) + d0_8/(2*M**4) - 169*d2_8/(1440*M**4) + 191*e2_9/(11880*M**4)
    b0_7 = 15*d0_6/(4*M) + 5*e2_7/(18*M) + 2*d0_7/M**2 - 5*d2_7/(24*M**2) + 19*e2_8/(180*M**2) + 17*d0_8/(16*M**3) - 11*d2_8/(60*M**3) + 167*e2_9/(3960*M**3)
    b0_8 = 17*d0_7/(4*M) + 17*e2_8/(60*M) + 9*d0_8/(4*M**2) - 17*d2_8/(80*M**2) + 73*e2_9/(660*M**2)
    b0_9 = 19*d0_8/(4*M) + 19*e2_9/(66*M)
    b2_2 = 8989/(2352*M) - d2_2/(2*M**2) - 2*e2_3/(15*M**2) - 2*d2_3/(5*M**3) - 4*e2_4/(45*M**3) - 31*d2_4/(120*M**4) - 31*e2_5/(630*M**4) - 13*d2_5/(84*M**5) - 13*e2_6/(504*M**5) - 5*d2_6/(56*M**6) - 5*e2_7/(378*M**6) - 29*d2_7/(576*M**7) - 29*e2_8/(4320*M**7) - 161*d2_8/(5760*M**8) - 161*e2_9/(47520*M**8)
    b2_3 = 5513/5880 + 7*d2_2/(4*M) + 7*e2_3/(15*M) + 13*d2_3/(20*M**2) + 13*e2_4/(90*M**2) + 67*d2_4/(240*M**3) + 67*e2_5/(1260*M**3) + 11*d2_5/(84*M**4) + 11*e2_6/(504*M**4) + 29*d2_6/(448*M**5) + 29*e2_7/(3024*M**5) + 19*d2_7/(576*M**6) + 19*e2_8/(4320*M**6) + 197*d2_8/(11520*M**7) + 197*e2_9/(95040*M**7)
    b2_4 = -787*M/980 + 9*d2_3/(4*M) + e2_4/(2*M) + 7*d2_4/(8*M**2) + e2_5/(6*M**2) + 3*d2_5/(8*M**3) + e2_6/(16*M**3) + 11*d2_6/(64*M**4) + 11*e2_7/(432*M**4) + 95*d2_7/(1152*M**5) + 19*e2_8/(1728*M**5) + 47*d2_8/(1152*M**6) + 47*e2_9/(9504*M**6)
    b2_5 = -3277*M**2/490 + 11*d2_4/(4*M) + 11*e2_5/(21*M) + 31*d2_5/(28*M**2) + 31*e2_6/(168*M**2) + 107*d2_6/(224*M**3) + 107*e2_7/(1512*M**3) + 125*d2_7/(576*M**4) + 25*e2_8/(864*M**4) + 59*d2_8/(576*M**5) + 59*e2_9/(4752*M**5)
    b2_6 = -261*M**3/20 + 13*d2_5/(4*M) + 13*e2_6/(24*M) + 43*d2_6/(32*M**2) + 43*e2_7/(216*M**2) + 337*d2_7/(576*M**3) + 337*e2_8/(4320*M**3) + 191*d2_8/(720*M**4) + 191*e2_9/(5940*M**4)
    b2_7 = 15*d2_6/(4*M) + 5*e2_7/(9*M) + 19*d2_7/(12*M**2) + 19*e2_8/(90*M**2) + 167*d2_8/(240*M**3) + 167*e2_9/(1980*M**3)
    b2_8 = 17*d2_7/(4*M) + 17*e2_8/(30*M) + 73*d2_8/(40*M**2) + 73*e2_9/(330*M**2)
    b2_9 = 19*d2_8/(4*M) + 19*e2_9/(33*M)
    c0_0 = 2*e2_1/9 - d0_1/M - e2_2/(6*M) + 385429/(70560*M) - 3*d0_2/(4*M**2) + 5*d2_2/(24*M**2) - 2*e2_3/(45*M**2) - d0_3/(2*M**3) + 43*d2_3/(240*M**3) - 17*e2_4/(1080*M**3) - 5*d0_4/(16*M**4) + 11*d2_4/(90*M**4) - 7*e2_5/(1080*M**4) - 3*d0_5/(16*M**5) + 11*d2_5/(144*M**5) - 5*e2_6/(1728*M**5) - 7*d0_6/(64*M**6) + 35*d2_6/(768*M**6) - 7*e2_7/(5184*M**6) - d0_7/(16*M**7) + 365*d2_7/(13824*M**7) - 67*e2_8/(103680*M**7) - 9*d0_8/(256*M**8) + 259*d2_8/(17280*M**8) - 179*e2_9/(570240*M**8)
    c0_1 = d0_1 + e2_2/3 - 323/420 - d2_2/(4*M) - e2_3/(15*M) - 3*d2_3/(40*M**2) - e2_4/(60*M**2) - d2_4/(40*M**3) - e2_5/(210*M**3) - d2_5/(112*M**4) - e2_6/(672*M**4) - 3*d2_6/(896*M**5) - e2_7/(2016*M**5) - d2_7/(768*M**6) - e2_8/(5760*M**6) - d2_8/(1920*M**7) - e2_9/(15840*M**7)
    c0_2 = -1439*M/1470 + d0_2 + 4*e2_3/15 - d2_3/(5*M) - 2*e2_4/(45*M) - d2_4/(15*M**2) - 4*e2_5/(315*M**2) - d2_5/(42*M**3) - e2_6/(252*M**3) - d2_6/(112*M**4) - e2_7/(756*M**4) - d2_7/(288*M**5) - e2_8/(2160*M**5) - d2_8/(720*M**6) - e2_9/(5940*M**6)
    c0_3 = -295*M**2/147 + d0_3 + 2*e2_4/9 - d2_4/(6*M) - 2*e2_5/(63*M) - 5*d2_5/(84*M**2) - 5*e2_6/(504*M**2) - 5*d2_6/(224*M**3) - 5*e2_7/(1512*M**3) - 5*d2_7/(576*M**4) - e2_8/(864*M**4) - d2_8/(288*M**5) - e2_9/(2376*M**5)
    c0_4 = -1237*M**3/490 + d0_4 + 4*e2_5/21 - d2_5/(7*M) - e2_6/(42*M) - 3*d2_6/(56*M**2) - e2_7/(126*M**2) - d2_7/(48*M**3) - e2_8/(360*M**3) - d2_8/(120*M**4) - e2_9/(990*M**4)
    c0_5 = -18*M**4/5 + d0_5 + e2_6/6 - d2_6/(8*M) - e2_7/(54*M) - 7*d2_7/(144*M**2) - 7*e2_8/(1080*M**2) - 7*d2_8/(360*M**3) - 7*e2_9/(2970*M**3)
    c0_6 = d0_6 + 4*e2_7/27 - d2_7/(9*M) - 2*e2_8/(135*M) - 2*d2_8/(45*M**2) - 8*e2_9/(1485*M**2)
    c0_7 = d0_7 + 2*e2_8/15 - d2_8/(10*M) - 2*e2_9/(165*M)
    c0_8 = d0_8 + 4*e2_9/33
    c0_9 = e2_10/18
    c0_10 = 2*e2_11/39
    c2_0 = -8*e2_1/9 + 149/(441*M) - d2_2/(12*M**2) - e2_3/(45*M**2) - d2_3/(15*M**3) - 2*e2_4/(135*M**3) - 31*d2_4/(720*M**4) - 31*e2_5/(3780*M**4) - 13*d2_5/(504*M**5) - 13*e2_6/(3024*M**5) - 5*d2_6/(336*M**6) - 5*e2_7/(2268*M**6) - 29*d2_7/(3456*M**7) - 29*e2_8/(25920*M**7) - 161*d2_8/(34560*M**8) - 161*e2_9/(285120*M**8)
    c2_1 = -2*e2_2/3 + 19613/5880 - d2_2/(2*M) - 2*e2_3/(15*M) - 2*d2_3/(5*M**2) - 4*e2_4/(45*M**2) - 31*d2_4/(120*M**3) - 31*e2_5/(630*M**3) - 13*d2_5/(84*M**4) - 13*e2_6/(504*M**4) - 5*d2_6/(56*M**5) - 5*e2_7/(378*M**5) - 29*d2_7/(576*M**6) - 29*e2_8/(4320*M**6) - 161*d2_8/(5760*M**7) - 161*e2_9/(47520*M**7)
    c2_2 = 1439*M/1470 + d2_2 - 4*e2_3/15 + d2_3/(5*M) + 2*e2_4/(45*M) + d2_4/(15*M**2) + 4*e2_5/(315*M**2) + d2_5/(42*M**3) + e2_6/(252*M**3) + d2_6/(112*M**4) + e2_7/(756*M**4) + d2_7/(288*M**5) + e2_8/(2160*M**5) + d2_8/(720*M**6) + e2_9/(5940*M**6)
    c2_3 = 295*M**2/147 + d2_3 - 2*e2_4/9 + d2_4/(6*M) + 2*e2_5/(63*M) + 5*d2_5/(84*M**2) + 5*e2_6/(504*M**2) + 5*d2_6/(224*M**3) + 5*e2_7/(1512*M**3) + 5*d2_7/(576*M**4) + e2_8/(864*M**4) + d2_8/(288*M**5) + e2_9/(2376*M**5)
    c2_4 = 1237*M**3/490 + d2_4 - 4*e2_5/21 + d2_5/(7*M) + e2_6/(42*M) + 3*d2_6/(56*M**2) + e2_7/(126*M**2) + d2_7/(48*M**3) + e2_8/(360*M**3) + d2_8/(120*M**4) + e2_9/(990*M**4)
    c2_5 = 18*M**4/5 + d2_5 - e2_6/6 + d2_6/(8*M) + e2_7/(54*M) + 7*d2_7/(144*M**2) + 7*e2_8/(1080*M**2) + 7*d2_8/(360*M**3) + 7*e2_9/(2970*M**3)
    c2_6 = d2_6 - 4*e2_7/27 + d2_7/(9*M) + 2*e2_8/(135*M) + 2*d2_8/(45*M**2) + 8*e2_9/(1485*M**2)
    c2_7 = d2_7 - 2*e2_8/15 + d2_8/(10*M) + 2*e2_9/(165*M)
    c2_8 = d2_8 - 4*e2_9/33
    c2_9 = -2*e2_10/9
    c2_10 = -8*e2_11/39
    d0_0 = -2*e2_1/9 - d0_1/M - e2_2/(6*M) + 483761/(70560*M) - 3*d0_2/(4*M**2) + d2_2/(24*M**2) - 4*e2_3/(45*M**2) - d0_3/(2*M**3) + 11*d2_3/(240*M**3) - 49*e2_4/(1080*M**3) - 5*d0_4/(16*M**4) + 13*d2_4/(360*M**4) - 173*e2_5/(7560*M**4) - 3*d0_5/(16*M**5) + 25*d2_5/(1008*M**5) - 139*e2_6/(12096*M**5) - 7*d0_6/(64*M**6) + 85*d2_6/(5376*M**6) - 209*e2_7/(36288*M**6) - d0_7/(16*M**7) + 133*d2_7/(13824*M**7) - 299*e2_8/(103680*M**7) - 9*d0_8/(256*M**8) + 49*d2_8/(8640*M**8) - 823*e2_9/(570240*M**8)
    d0_1 = d0_1
    d0_2 = d0_2
    d0_3 = d0_3
    d0_4 = d0_4
    d0_5 = d0_5
    d0_6 = d0_6
    d0_7 = d0_7
    d0_8 = d0_8
    d0_9 = -e2_10/18
    d0_10 = -2*e2_11/39
    d2_0 = -4*e2_1/9 - 18623/(17640*M) + d2_2/(12*M**2) + e2_3/(45*M**2) + d2_3/(15*M**3) + 2*e2_4/(135*M**3) + 31*d2_4/(720*M**4) + 31*e2_5/(3780*M**4) + 13*d2_5/(504*M**5) + 13*e2_6/(3024*M**5) + 5*d2_6/(336*M**6) + 5*e2_7/(2268*M**6) + 29*d2_7/(3456*M**7) + 29*e2_8/(25920*M**7) + 161*d2_8/(34560*M**8) + 161*e2_9/(285120*M**8)
    d2_1 = -e2_2/3 + 15091/5880 - 3*d2_2/(4*M) - e2_3/(5*M) - 19*d2_3/(40*M**2) - 19*e2_4/(180*M**2) - 17*d2_4/(60*M**3) - 17*e2_5/(315*M**3) - 55*d2_5/(336*M**4) - 55*e2_6/(2016*M**4) - 83*d2_6/(896*M**5) - 83*e2_7/(6048*M**5) - 119*d2_7/(2304*M**6) - 119*e2_8/(17280*M**6) - 41*d2_8/(1440*M**7) - 41*e2_9/(11880*M**7)
    d2_2 = d2_2
    d2_3 = d2_3
    d2_4 = d2_4
    d2_5 = d2_5
    d2_6 = d2_6
    d2_7 = d2_7
    d2_8 = d2_8
    d2_9 = -e2_10/9
    d2_10 = -4*e2_11/39
    e2_1 = e2_1
    e2_2 = e2_2
    e2_3 = e2_3
    e2_4 = e2_4
    e2_5 = e2_5
    e2_6 = e2_6
    e2_7 = e2_7
    e2_8 = e2_8
    e2_9 = e2_9
    e2_10 = e2_10
    e2_11 = e2_11
    c2 = -5/16

  c2 = -5/16

  total 20s
