background Schwarzschild + Lense-Thirring, M=1, a=1/5; dipole theta

  building pieces ...
  built; assembling variants

  eps free-slot=mid   dual=right  traceless: True    |C|^2 != 0: True
        r=7/2, c=1/3: trace = 9.8710318E-178
        r=5, c=-2/5: trace = -6.1693949E-179
        r=11/4, c=3/4: trace = 9.8710318E-178
  eps free-slot=mid   dual=left   traceless: True    |C|^2 != 0: True
        r=7/2, c=1/3: trace = 9.8710318E-178
        r=5, c=-2/5: trace = -6.1693949E-179
        r=11/4, c=3/4: trace = 9.8710318E-178
  eps free-slot=last  dual=right  traceless: True    |C|^2 != 0: True
        r=7/2, c=1/3: trace = 9.8710318E-178
        r=5, c=-2/5: trace = -6.1693949E-179
        r=11/4, c=3/4: trace = 9.8710318E-178
  eps free-slot=last  dual=left   traceless: True    |C|^2 != 0: True
        r=7/2, c=1/3: trace = 9.8710318E-178
        r=5, c=-2/5: trace = -6.1693949E-179
        r=11/4, c=3/4: trace = 9.8710318E-178

  AMBIGUOUS: [('mid', 'right'), ('mid', 'left'), ('last', 'right'), ('last', 'left')] all pass -- tracelessness does not discriminate; need another control.
