object C, rank 2, prime 0 [9s]


  --- prime 0 ---
    [eps chi^0 timing] lcm+compare 0.0s | clear 0.1s = sources only (5)
    rust nullspace: 8 blocks (largest 2590 cols), nnz 446,391 -> peak 127,477, nullity 10, 4 thread(s), 0.0s
    residual guard: full, 10 vectors
  eps chi^0: chains extending = [0, 1, 2, 3, 4]
    [eps chi^1 timing] lcm+compare 0.0s | clear 0.1s = sources only (5)
    rust nullspace: 8 blocks (largest 2590 cols), nnz 446,391 -> peak 127,477, nullity 10, 4 thread(s), 0.0s
    residual guard: full, 10 vectors
  eps chi^1: chains extending = [0, 1, 2, 3, 4]
    [eps chi^2 timing] lcm+compare 3.8s | clear 5.2s = RESCALED 10150 operator columns as arrays, nnz 446,391 -> 5,259,417, by q (88 terms, 1.8s) + cleared 5 sources; new denominator factor (x - 2)**10*(y - 1)**7*(y + 1)**7
    rust nullspace: 8 blocks (largest 2593 cols), nnz 5,269,614 -> peak 1,516,967, nullity 9, 4 thread(s), 1.7s
    residual guard: full, 9 vectors
  eps chi^2: chains extending = [0, 1, 2]

  --- prime 1 ---
    [eps chi^0 timing] lcm+compare 0.0s | clear 0.1s = sources only (5)
    rust nullspace: 8 blocks (largest 2590 cols), nnz 446,391 -> peak 127,477, nullity 10, 4 thread(s), 0.1s
    residual guard: full, 10 vectors
  eps chi^0: chains extending = [0, 1, 2, 3, 4]
    [eps chi^1 timing] lcm+compare 0.0s | clear 0.1s = sources only (5)
    rust nullspace: 8 blocks (largest 2590 cols), nnz 446,391 -> peak 127,477, nullity 10, 4 thread(s), 0.0s
    residual guard: full, 10 vectors
  eps chi^1: chains extending = [0, 1, 2, 3, 4]
    [eps chi^2 timing] lcm+compare 2.8s | clear 4.1s = RESCALED 10150 operator columns as arrays, nnz 446,391 -> 5,259,417, by q (88 terms, 1.3s) + cleared 5 sources; new denominator factor (x - 2)**10*(y - 1)**7*(y + 1)**7
    rust nullspace: 8 blocks (largest 2593 cols), nnz 5,269,614 -> peak 1,516,967, nullity 9, 4 thread(s), 1.7s
    residual guard: full, 9 vectors
  eps chi^2: chains extending = [0, 1, 2]

  Carter chain (4) extends at every order: False
  It FAILS at chi^[2] -- so no polynomial K1 exists for C. That asymmetry IS
  the content and must be reported, not worked around.
