Schwarzschild background: L = x**2*(x - 2)*(y - 1)*(y + 1)
  generators ['p_t', 'p_phi', 'H', 'Lsq']; 20 reducible products at rank 5
  box x<=27 y<=24; den = L^7
  39200 coefficient unknowns per level
    operator from templates: 168 SymPy brackets for 39200 columns
    [operator timing] templates 5.3s (168 SymPy brackets for 39200 columns) | D = 2*x**17*(x - 2)**9*(y - 1)**10*(y + 1)**10
  operator matrix (84171, 39200) [8s]
    op rust nullspace: 8 blocks (largest 7000 cols), nnz 2,023,156 -> peak 542,957, nullity 20, 4 thread(s), 1.4s
    operator held as arrays: 2,023,156 nonzeros [0.5s]
  chi^0 level: Schwarzschild Killing space = 20
    [chi^1] computing bracket 1/20 [14s]
    [chi^1] computing bracket 2/20 [14s]
    [chi^1] computing bracket 3/20 [14s]
    [chi^1] computing bracket 4/20 [15s]
    [chi^1] computing bracket 5/20 [15s]
    [chi^1] computing bracket 6/20 [15s]
    [chi^1] computing bracket 7/20 [15s]
    [chi^1] computing bracket 8/20 [15s]
    [chi^1] computing bracket 9/20 [15s]
    [chi^1] computing bracket 10/20 [16s]
    [chi^1] computing bracket 11/20 [17s]
    [chi^1] computing bracket 12/20 [18s]
    [chi^1] computing bracket 13/20 [19s]
    [chi^1] computing bracket 14/20 [19s]
    [chi^1] computing bracket 15/20 [20s]
    [chi^1] computing bracket 16/20 [20s]
    [chi^1] computing bracket 17/20 [20s]
    [chi^1] computing bracket 18/20 [21s]
    [chi^1] computing bracket 19/20 [21s]
    [chi^1] computing bracket 20/20 [21s]
    [chi^1 timing] lcm+compare 0.6s | clear 0.9s = sources only (20)
    rust nullspace: 8 blocks (largest 7000 cols), nnz 2,027,816 -> peak 478,208, nullity 40, 4 thread(s), 1.1s
    [chi^1 timing] solve+guard 1.6s
  chi^1 level: 20 of 20 extend  [24s]
    [chi^1] reconstructing solution 1/20 [24s]
    [chi^1] reconstructing solution 6/20 [25s]
    [chi^1] reconstructing solution 11/20 [25s]
    [chi^1] reconstructing solution 16/20 [26s]
  chi^1 chains CHECKPOINTED to kt_double_chains_r5_d7_b27x24_p1.pkl (20 chains, depth 2) [29s]
    [chi^2] computing bracket 1/20 [29s]
    [chi^2] computing bracket 2/20 [29s]
    [chi^2] computing bracket 3/20 [29s]
    [chi^2] computing bracket 4/20 [29s]
    [chi^2] computing bracket 5/20 [30s]
    [chi^2] computing bracket 6/20 [30s]
    [chi^2] computing bracket 7/20 [30s]
    [chi^2] computing bracket 8/20 [31s]
    [chi^2] computing bracket 9/20 [31s]
    [chi^2] computing bracket 10/20 [32s]
    [chi^2] computing bracket 11/20 [33s]
    [chi^2] computing bracket 12/20 [34s]
    [chi^2] computing bracket 13/20 [36s]
    [chi^2] computing bracket 14/20 [37s]
    [chi^2] computing bracket 15/20 [37s]
    [chi^2] computing bracket 16/20 [38s]
    [chi^2] computing bracket 17/20 [40s]
    [chi^2] computing bracket 18/20 [42s]
    [chi^2] computing bracket 19/20 [43s]
    [chi^2] computing bracket 20/20 [45s]
    [chi^2 timing] lcm+compare 11.2s | clear 21.2s = RESCALED 39200 operator columns as arrays, nnz 2,023,156 -> 27,836,912, by q (98 terms, 4.5s) + cleared 20 sources; new denominator factor (x - 2)**13*(y - 1)**6*(y + 1)**6
    rust nullspace: 8 blocks (largest 7000 cols), nnz 27,948,030 -> peak 6,524,006, nullity 40, 4 thread(s), 25.9s
    [chi^2 timing] solve+guard 32.2s
  chi^2 level: 20 of 20 extend  [110s]
    [chi^2] reconstructing solution 1/20 [110s]
    [chi^2] reconstructing solution 6/20 [111s]
    [chi^2] reconstructing solution 11/20 [113s]
    [chi^2] reconstructing solution 16/20 [115s]
  chi^2 chains CHECKPOINTED to kt_double_chains_r5_d7_b27x24_p1.pkl (20 chains, depth 3) [120s]

  Kerr Killing space at rank 5: got 20, expect None
  count check passed, but a COUNT IS NOT ENOUGH HERE.
  Schwarzschild and Kerr have the SAME dimension at every rank (5, 8, 14) because
  Lsq maps one-to-one onto Carter -- so 'the count is preserved' would also pass if
  the tower did nothing. Identifying the direction is the real test.

  Carter's O(chi^2) piece should be  y^2 (mu^2 - p_t^2)
    = y**2*(-P_phi**2*(2 - x) - P_t**2*x**3*(1 - y**2) - P_t**2*x**2*(x - 2)*(y**2 - 1) - P_x**2*x*(x - 2)**2*(y**2 - 1) + P_y**2*(x - 2)*(y**2 - 1)**2)/(x**2*(x - 2)*(y**2 - 1))
  prediction self-check: {H,F} at chi^0 = True, chi^1 = True, chi^2 = True

  {H_Kerr, Lsq} at chi^2 is NONZERO
  THE COUNT IS DECISIVE: Lsq alone does NOT extend to O(chi^2), so a tower doing nothing would have reported 12 of 20 -- only the directions built from p_t, p_phi and H, which survive trivially. Reporting 20 means it found a nonzero F^(0,2), and the verified prediction above identifies that deformation as Carter's.

  CONTROL PASSED, non-vacuously: the chi-tower deforms Lsq into Carter.

  sGB Hamiltonian pieces built and REPRESENTABLE [123s]
  reducible floor (products of p_t, p_phi, H at rank 5): 12 combinatorial, 12 REPRESENTABLE at denpow 7
    [zeta chi^0] computing bracket 1/20 [124s]
    [zeta chi^0] computing bracket 2/20 [124s]
    [zeta chi^0] computing bracket 3/20 [124s]
    [zeta chi^0] computing bracket 4/20 [124s]
    [zeta chi^0] computing bracket 5/20 [124s]
    [zeta chi^0] computing bracket 6/20 [124s]
    [zeta chi^0] computing bracket 7/20 [125s]
    [zeta chi^0] computing bracket 8/20 [125s]
    [zeta chi^0] computing bracket 9/20 [125s]
    [zeta chi^0] computing bracket 10/20 [125s]
    [zeta chi^0] computing bracket 11/20 [126s]
    [zeta chi^0] computing bracket 12/20 [127s]
    [zeta chi^0] computing bracket 13/20 [127s]
    [zeta chi^0] computing bracket 14/20 [128s]
    [zeta chi^0] computing bracket 15/20 [128s]
    [zeta chi^0] computing bracket 16/20 [128s]
    [zeta chi^0] computing bracket 17/20 [129s]
    [zeta chi^0] computing bracket 18/20 [129s]
    [zeta chi^0] computing bracket 19/20 [130s]
    [zeta chi^0] computing bracket 20/20 [130s]
    [zeta chi^0 timing] lcm+compare 6.1s | clear 10.0s = RESCALED 39200 operator columns as arrays, nnz 2,023,156 -> 16,640,984, by q (50 terms, 2.6s) + cleared 20 sources; new denominator factor 15*(x - 2)**9*(y - 1)**4*(y + 1)**4
    rust nullspace: 8 blocks (largest 7000 cols), nnz 16,682,614 -> peak 4,679,359, nullity 40, 4 thread(s), 18.3s
    [zeta chi^0 timing] solve+guard 22.2s
  zeta chi^0 level: 20 of 20 survive  [169s]
    [zeta chi^0] reconstructing solution 1/20 [169s]
    [zeta chi^0] reconstructing solution 6/20 [170s]
    [zeta chi^0] reconstructing solution 11/20 [172s]
    [zeta chi^0] reconstructing solution 16/20 [176s]
    level 0 checkpointed (kt_double_z_r5_d7_n0_p1.pkl)
    [zeta chi^1] computing bracket 1/20 [181s]
    [zeta chi^1] computing bracket 2/20 [181s]
    [zeta chi^1] computing bracket 3/20 [181s]
    [zeta chi^1] computing bracket 4/20 [182s]
    [zeta chi^1] computing bracket 5/20 [182s]
    [zeta chi^1] computing bracket 6/20 [182s]
    [zeta chi^1] computing bracket 7/20 [182s]
    [zeta chi^1] computing bracket 8/20 [182s]
    [zeta chi^1] computing bracket 9/20 [182s]
    [zeta chi^1] computing bracket 10/20 [184s]
    [zeta chi^1] computing bracket 11/20 [185s]
    [zeta chi^1] computing bracket 12/20 [186s]
    [zeta chi^1] computing bracket 13/20 [188s]
    [zeta chi^1] computing bracket 14/20 [189s]
    [zeta chi^1] computing bracket 15/20 [189s]
    [zeta chi^1] computing bracket 16/20 [190s]
    [zeta chi^1] computing bracket 17/20 [192s]
    [zeta chi^1] computing bracket 18/20 [193s]
    [zeta chi^1] computing bracket 19/20 [194s]
    [zeta chi^1] computing bracket 20/20 [195s]
    [zeta chi^1 timing] lcm+compare 5.5s | clear 10.0s = RESCALED 39200 operator columns as arrays, nnz 2,023,156 -> 19,415,248, by q (60 terms, 3.1s) + cleared 20 sources; new denominator factor 15*(x - 2)**11*(y - 1)**4*(y + 1)**4
    rust nullspace: 8 blocks (largest 7000 cols), nnz 19,440,918 -> peak 5,388,276, nullity 40, 4 thread(s), 22.4s
    [zeta chi^1 timing] solve+guard 26.9s
  zeta chi^1 level: 20 of 20 survive  [237s]
    [zeta chi^1] reconstructing solution 1/20 [237s]
    [zeta chi^1] reconstructing solution 6/20 [238s]
    [zeta chi^1] reconstructing solution 11/20 [241s]
    [zeta chi^1] reconstructing solution 16/20 [244s]
    level 1 checkpointed (kt_double_z_r5_d7_n1_p1.pkl)
    [zeta chi^2] computing bracket 1/20 [251s]
    [zeta chi^2] computing bracket 2/20 [251s]
    [zeta chi^2] computing bracket 3/20 [251s]
    [zeta chi^2] computing bracket 4/20 [252s]
    [zeta chi^2] computing bracket 5/20 [254s]
    [zeta chi^2] computing bracket 6/20 [254s]
    [zeta chi^2] computing bracket 7/20 [255s]
    [zeta chi^2] computing bracket 8/20 [256s]
    [zeta chi^2] computing bracket 9/20 [257s]
    [zeta chi^2] computing bracket 10/20 [261s]
    [zeta chi^2] computing bracket 11/20 [265s]
    [zeta chi^2] computing bracket 12/20 [268s]
    [zeta chi^2] computing bracket 13/20 [272s]
    [zeta chi^2] computing bracket 14/20 [276s]
    [zeta chi^2] computing bracket 15/20 [277s]
    [zeta chi^2] computing bracket 16/20 [281s]
    [zeta chi^2] computing bracket 17/20 [285s]
    [zeta chi^2] computing bracket 18/20 [289s]
    [zeta chi^2] computing bracket 19/20 [294s]
    [zeta chi^2] computing bracket 20/20 [298s]
    [zeta chi^2 timing] lcm+compare 27.4s | clear 64.6s = RESCALED 39200 operator columns as arrays, nnz 2,023,156 -> 54,482,976, by q (216 terms, 11.5s) + cleared 20 sources; new denominator factor 55125*(x - 2)**23*(y - 1)**8*(y + 1)**8
    rust nullspace: 8 blocks (largest 7000 cols), nnz 54,714,518 -> peak 12,042,635, nullity 32, 4 thread(s), 51.6s
    [zeta chi^2 timing] solve+guard 61.6s
  zeta chi^2 level: 12 of 20 survive  [452s]
    [zeta chi^2] reconstructing solution 1/12 [452s]
    [zeta chi^2] reconstructing solution 6/12 [454s]
    [zeta chi^2] reconstructing solution 11/12 [466s]
    level 2 checkpointed (kt_double_z_r5_d7_n2_p1.pkl)

  SURVIVING at O(zeta chi^2), rank 5: 12
  reducible floor: 12
  => only the reducible floor survives: no irreducible rank-5 Killing tensor at O(zeta chi^2) that is analytic in zeta with a Kerr root.
     NO PUBLISHED ARGUMENT REACHES THIS RANK -- there is nothing here to agree with. Petrov type I forbids a rank-2 tensor and says nothing above it; Owen-Yunes-Witek searched rank 2. Do not report this as corroborated.
     NOT A NEW RUNG (D42): the highest power of Carter here is Q^2, which first appeared at rank 4; everything above the floor is Q^q times odd-degree reducibles (q = 1..2). Rank 4's outcome made this the strongly favoured one. Not a corollary -- the extra momentum factor changes the O(zeta) source, as at rank 3 -- but not an independent test either.
