Schwarzschild background: L = x**2*(x - 2)*(y - 1)*(y + 1)
  generators ['p_t', 'p_phi', 'H', 'Lsq']; 5 reducible products at rank 2
  box x<=24 y<=20; den = L^6
  5250 coefficient unknowns per level
    op 200/5250 brackets (1s)
    op 400/5250 brackets (2s)
    op 600/5250 brackets (4s)
    op 800/5250 brackets (5s)
    op 1000/5250 brackets (7s)
    op 1200/5250 brackets (8s)
    op 1400/5250 brackets (9s)
    op 1600/5250 brackets (11s)
    op 1800/5250 brackets (12s)
    op 2000/5250 brackets (13s)
    op 2200/5250 brackets (14s)
    op 2400/5250 brackets (16s)
    op 2600/5250 brackets (17s)
    op 2800/5250 brackets (19s)
    op 3000/5250 brackets (21s)
    op 3200/5250 brackets (22s)
    op 3400/5250 brackets (24s)
    op 3600/5250 brackets (25s)
    op 3800/5250 brackets (27s)
    op 4000/5250 brackets (28s)
    op 4200/5250 brackets (30s)
    op 4400/5250 brackets (31s)
    op 4600/5250 brackets (32s)
    op 4800/5250 brackets (34s)
    op 5000/5250 brackets (35s)
    op 5200/5250 brackets (36s)
