Schwarzschild background: L = x**2*(x - 2)*(y - 1)*(y + 1)
  generators ['p_t', 'p_phi', 'H', 'Lsq']; 20 reducible products at rank 5
  box x<=27 y<=24; den = L^7
  39200 coefficient unknowns per level
    op 200/39200 brackets (2s)
    op 400/39200 brackets (3s)
    op 600/39200 brackets (5s)
    op 800/39200 brackets (6s)
    op 1000/39200 brackets (8s)
    op 1200/39200 brackets (10s)
    op 1400/39200 brackets (12s)
    op 1600/39200 brackets (14s)
    op 1800/39200 brackets (16s)
    op 2000/39200 brackets (17s)
    op 2200/39200 brackets (19s)
    op 2400/39200 brackets (21s)
    op 2600/39200 brackets (22s)
    op 2800/39200 brackets (24s)
    op 3000/39200 brackets (26s)
    op 3200/39200 brackets (28s)
    op 3400/39200 brackets (29s)
    op 3600/39200 brackets (31s)
    op 3800/39200 brackets (34s)
    op 4000/39200 brackets (36s)
    op 4200/39200 brackets (38s)
    op 4400/39200 brackets (40s)
    op 4600/39200 brackets (42s)
    op 4800/39200 brackets (44s)
    op 5000/39200 brackets (46s)
    op 5200/39200 brackets (47s)
    op 5400/39200 brackets (49s)
    op 5600/39200 brackets (51s)
    op 5800/39200 brackets (53s)
    op 6000/39200 brackets (54s)
    op 6200/39200 brackets (56s)
    op 6400/39200 brackets (58s)
    op 6600/39200 brackets (59s)
    op 6800/39200 brackets (61s)
    op 7000/39200 brackets (62s)
    op 7200/39200 brackets (64s)
    op 7400/39200 brackets (66s)
    op 7600/39200 brackets (68s)
    op 7800/39200 brackets (70s)
    op 8000/39200 brackets (72s)
    op 8200/39200 brackets (74s)
    op 8400/39200 brackets (77s)
    op 8600/39200 brackets (79s)
    op 8800/39200 brackets (82s)
    op 9000/39200 brackets (84s)
    op 9200/39200 brackets (86s)
    op 9400/39200 brackets (88s)
    op 9600/39200 brackets (90s)
    op 9800/39200 brackets (92s)
    op 10000/39200 brackets (95s)
    op 10200/39200 brackets (97s)
    op 10400/39200 brackets (99s)
    op 10600/39200 brackets (101s)
    op 10800/39200 brackets (103s)
    op 11000/39200 brackets (105s)
    op 11200/39200 brackets (107s)
    op 11400/39200 brackets (109s)
    op 11600/39200 brackets (111s)
    op 11800/39200 brackets (113s)
    op 12000/39200 brackets (115s)
    op 12200/39200 brackets (117s)
    op 12400/39200 brackets (119s)
    op 12600/39200 brackets (120s)
    op 12800/39200 brackets (122s)
    op 13000/39200 brackets (124s)
    op 13200/39200 brackets (126s)
    op 13400/39200 brackets (127s)
    op 13600/39200 brackets (129s)
    op 13800/39200 brackets (130s)
    op 14000/39200 brackets (132s)
    op 14200/39200 brackets (134s)
    op 14400/39200 brackets (136s)
    op 14600/39200 brackets (138s)
    op 14800/39200 brackets (140s)
    op 15000/39200 brackets (143s)
    op 15200/39200 brackets (145s)
    op 15400/39200 brackets (147s)
    op 15600/39200 brackets (149s)
    op 15800/39200 brackets (151s)
    op 16000/39200 brackets (153s)
    op 16200/39200 brackets (156s)
    op 16400/39200 brackets (158s)
    op 16600/39200 brackets (161s)
    op 16800/39200 brackets (163s)
    op 17000/39200 brackets (165s)
    op 17200/39200 brackets (167s)
    op 17400/39200 brackets (170s)
    op 17600/39200 brackets (172s)
    op 17800/39200 brackets (174s)
    op 18000/39200 brackets (176s)
    op 18200/39200 brackets (178s)
    op 18400/39200 brackets (180s)
    op 18600/39200 brackets (182s)
    op 18800/39200 brackets (184s)
    op 19000/39200 brackets (186s)
    op 19200/39200 brackets (188s)
    op 19400/39200 brackets (190s)
    op 19600/39200 brackets (193s)
    op 19800/39200 brackets (195s)
    op 20000/39200 brackets (197s)
    op 20200/39200 brackets (200s)
    op 20400/39200 brackets (202s)
    op 20600/39200 brackets (205s)
    op 20800/39200 brackets (207s)
    op 21000/39200 brackets (209s)
    op 21200/39200 brackets (211s)
    op 21400/39200 brackets (213s)
    op 21600/39200 brackets (215s)
    op 21800/39200 brackets (216s)
    op 22000/39200 brackets (218s)
    op 22200/39200 brackets (220s)
    op 22400/39200 brackets (222s)
    op 22600/39200 brackets (224s)
    op 22800/39200 brackets (226s)
    op 23000/39200 brackets (228s)
    op 23200/39200 brackets (230s)
    op 23400/39200 brackets (232s)
    op 23600/39200 brackets (233s)
    op 23800/39200 brackets (235s)
    op 24000/39200 brackets (237s)
    op 24200/39200 brackets (238s)
    op 24400/39200 brackets (240s)
    op 24600/39200 brackets (242s)
    op 24800/39200 brackets (244s)
    op 25000/39200 brackets (246s)
    op 25200/39200 brackets (248s)
    op 25400/39200 brackets (250s)
    op 25600/39200 brackets (252s)
    op 25800/39200 brackets (254s)
    op 26000/39200 brackets (256s)
    op 26200/39200 brackets (258s)
    op 26400/39200 brackets (260s)
    op 26600/39200 brackets (262s)
    op 26800/39200 brackets (265s)
    op 27000/39200 brackets (267s)
    op 27200/39200 brackets (270s)
    op 27400/39200 brackets (272s)
    op 27600/39200 brackets (274s)
    op 27800/39200 brackets (276s)
    op 28000/39200 brackets (279s)
    op 28200/39200 brackets (281s)
    op 28400/39200 brackets (283s)
    op 28600/39200 brackets (285s)
    op 28800/39200 brackets (287s)
    op 29000/39200 brackets (289s)
    op 29200/39200 brackets (291s)
    op 29400/39200 brackets (293s)
    op 29600/39200 brackets (295s)
    op 29800/39200 brackets (297s)
    op 30000/39200 brackets (299s)
    op 30200/39200 brackets (302s)
    op 30400/39200 brackets (304s)
    op 30600/39200 brackets (307s)
    op 30800/39200 brackets (309s)
    op 31000/39200 brackets (311s)
    op 31200/39200 brackets (313s)
    op 31400/39200 brackets (315s)
    op 31600/39200 brackets (317s)
    op 31800/39200 brackets (320s)
    op 32000/39200 brackets (322s)
    op 32200/39200 brackets (325s)
    op 32400/39200 brackets (327s)
    op 32600/39200 brackets (329s)
    op 32800/39200 brackets (331s)
    op 33000/39200 brackets (333s)
    op 33200/39200 brackets (336s)
    op 33400/39200 brackets (338s)
    op 33600/39200 brackets (340s)
    op 33800/39200 brackets (342s)
    op 34000/39200 brackets (344s)
    op 34200/39200 brackets (346s)
    op 34400/39200 brackets (348s)
    op 34600/39200 brackets (350s)
    op 34800/39200 brackets (352s)
    op 35000/39200 brackets (354s)
    op 35200/39200 brackets (356s)
    op 35400/39200 brackets (358s)
    op 35600/39200 brackets (359s)
    op 35800/39200 brackets (361s)
    op 36000/39200 brackets (363s)
    op 36200/39200 brackets (364s)
    op 36400/39200 brackets (366s)
    op 36600/39200 brackets (368s)
    op 36800/39200 brackets (370s)
    op 37000/39200 brackets (372s)
    op 37200/39200 brackets (375s)
    op 37400/39200 brackets (376s)
    op 37600/39200 brackets (378s)
    op 37800/39200 brackets (380s)
    op 38000/39200 brackets (381s)
    op 38200/39200 brackets (383s)
    op 38400/39200 brackets (385s)
    op 38600/39200 brackets (387s)
    op 38800/39200 brackets (388s)
    op 39000/39200 brackets (390s)
    op 39200/39200 brackets (391s)
