Schwarzschild background: L = x**2*(x - 2)*(y - 1)*(y + 1)
  generators ['p_t', 'p_phi', 'H', 'Lsq']; 30 reducible products at rank 6
  box x<=30 y<=28; den = L^8
  75516 coefficient unknowns per level
    op 200/75516 brackets (2s)
    op 400/75516 brackets (4s)
    op 600/75516 brackets (5s)
    op 800/75516 brackets (7s)
    op 1000/75516 brackets (9s)
    op 1200/75516 brackets (11s)
    op 1400/75516 brackets (13s)
    op 1600/75516 brackets (15s)
    op 1800/75516 brackets (18s)
    op 2000/75516 brackets (20s)
    op 2200/75516 brackets (21s)
    op 2400/75516 brackets (23s)
    op 2600/75516 brackets (25s)
    op 2800/75516 brackets (27s)
    op 3000/75516 brackets (29s)
    op 3200/75516 brackets (31s)
    op 3400/75516 brackets (32s)
    op 3600/75516 brackets (34s)
    op 3800/75516 brackets (36s)
    op 4000/75516 brackets (39s)
    op 4200/75516 brackets (41s)
    op 4400/75516 brackets (43s)
    op 4600/75516 brackets (45s)
    op 4800/75516 brackets (48s)
    op 5000/75516 brackets (50s)
    op 5200/75516 brackets (52s)
    op 5400/75516 brackets (55s)
    op 5600/75516 brackets (57s)
    op 5800/75516 brackets (59s)
    op 6000/75516 brackets (61s)
    op 6200/75516 brackets (63s)
    op 6400/75516 brackets (65s)
    op 6600/75516 brackets (67s)
    op 6800/75516 brackets (69s)
    op 7000/75516 brackets (71s)
    op 7200/75516 brackets (73s)
    op 7400/75516 brackets (75s)
    op 7600/75516 brackets (77s)
    op 7800/75516 brackets (79s)
    op 8000/75516 brackets (81s)
    op 8200/75516 brackets (83s)
    op 8400/75516 brackets (85s)
    op 8600/75516 brackets (87s)
    op 8800/75516 brackets (88s)
    op 9000/75516 brackets (90s)
    op 9200/75516 brackets (92s)
    op 9400/75516 brackets (95s)
    op 9600/75516 brackets (97s)
    op 9800/75516 brackets (99s)
    op 10000/75516 brackets (101s)
    op 10200/75516 brackets (104s)
    op 10400/75516 brackets (106s)
    op 10600/75516 brackets (108s)
    op 10800/75516 brackets (111s)
    op 11000/75516 brackets (113s)
    op 11200/75516 brackets (115s)
    op 11400/75516 brackets (117s)
    op 11600/75516 brackets (119s)
    op 11800/75516 brackets (122s)
    op 12000/75516 brackets (124s)
    op 12200/75516 brackets (126s)
    op 12400/75516 brackets (129s)
    op 12600/75516 brackets (131s)
    op 12800/75516 brackets (134s)
    op 13000/75516 brackets (136s)
    op 13200/75516 brackets (139s)
    op 13400/75516 brackets (141s)
    op 13600/75516 brackets (143s)
    op 13800/75516 brackets (146s)
    op 14000/75516 brackets (148s)
    op 14200/75516 brackets (150s)
    op 14400/75516 brackets (152s)
    op 14600/75516 brackets (154s)
    op 14800/75516 brackets (156s)
    op 15000/75516 brackets (158s)
    op 15200/75516 brackets (160s)
    op 15400/75516 brackets (162s)
    op 15600/75516 brackets (164s)
    op 15800/75516 brackets (166s)
    op 16000/75516 brackets (168s)
    op 16200/75516 brackets (170s)
    op 16400/75516 brackets (172s)
    op 16600/75516 brackets (174s)
    op 16800/75516 brackets (176s)
    op 17000/75516 brackets (179s)
    op 17200/75516 brackets (180s)
    op 17400/75516 brackets (182s)
    op 17600/75516 brackets (184s)
    op 17800/75516 brackets (186s)
    op 18000/75516 brackets (188s)
    op 18200/75516 brackets (190s)
    op 18400/75516 brackets (192s)
    op 18600/75516 brackets (194s)
    op 18800/75516 brackets (196s)
    op 19000/75516 brackets (199s)
    op 19200/75516 brackets (201s)
    op 19400/75516 brackets (204s)
    op 19600/75516 brackets (206s)
    op 19800/75516 brackets (208s)
    op 20000/75516 brackets (211s)
    op 20200/75516 brackets (213s)
    op 20400/75516 brackets (215s)
    op 20600/75516 brackets (217s)
    op 20800/75516 brackets (220s)
    op 21000/75516 brackets (222s)
    op 21200/75516 brackets (224s)
    op 21400/75516 brackets (227s)
    op 21600/75516 brackets (229s)
    op 21800/75516 brackets (232s)
    op 22000/75516 brackets (234s)
    op 22200/75516 brackets (237s)
    op 22400/75516 brackets (239s)
    op 22600/75516 brackets (241s)
    op 22800/75516 brackets (244s)
    op 23000/75516 brackets (246s)
    op 23200/75516 brackets (248s)
    op 23400/75516 brackets (250s)
    op 23600/75516 brackets (253s)
    op 23800/75516 brackets (255s)
    op 24000/75516 brackets (257s)
    op 24200/75516 brackets (260s)
    op 24400/75516 brackets (262s)
    op 24600/75516 brackets (265s)
    op 24800/75516 brackets (267s)
    op 25000/75516 brackets (270s)
    op 25200/75516 brackets (272s)
    op 25400/75516 brackets (275s)
    op 25600/75516 brackets (277s)
    op 25800/75516 brackets (279s)
    op 26000/75516 brackets (282s)
    op 26200/75516 brackets (284s)
    op 26400/75516 brackets (286s)
    op 26600/75516 brackets (289s)
    op 26800/75516 brackets (291s)
    op 27000/75516 brackets (293s)
    op 27200/75516 brackets (295s)
    op 27400/75516 brackets (297s)
    op 27600/75516 brackets (299s)
    op 27800/75516 brackets (301s)
    op 28000/75516 brackets (303s)
    op 28200/75516 brackets (305s)
    op 28400/75516 brackets (307s)
    op 28600/75516 brackets (309s)
    op 28800/75516 brackets (311s)
    op 29000/75516 brackets (313s)
    op 29200/75516 brackets (315s)
    op 29400/75516 brackets (317s)
    op 29600/75516 brackets (319s)
    op 29800/75516 brackets (321s)
    op 30000/75516 brackets (323s)
    op 30200/75516 brackets (325s)
    op 30400/75516 brackets (327s)
    op 30600/75516 brackets (329s)
    op 30800/75516 brackets (331s)
    op 31000/75516 brackets (333s)
    op 31200/75516 brackets (335s)
    op 31400/75516 brackets (336s)
    op 31600/75516 brackets (338s)
    op 31800/75516 brackets (341s)
    op 32000/75516 brackets (343s)
    op 32200/75516 brackets (345s)
    op 32400/75516 brackets (347s)
    op 32600/75516 brackets (350s)
    op 32800/75516 brackets (352s)
    op 33000/75516 brackets (355s)
    op 33200/75516 brackets (357s)
    op 33400/75516 brackets (359s)
    op 33600/75516 brackets (361s)
    op 33800/75516 brackets (364s)
    op 34000/75516 brackets (366s)
    op 34200/75516 brackets (368s)
    op 34400/75516 brackets (371s)
    op 34600/75516 brackets (373s)
    op 34800/75516 brackets (376s)
    op 35000/75516 brackets (378s)
    op 35200/75516 brackets (380s)
    op 35400/75516 brackets (383s)
    op 35600/75516 brackets (385s)
    op 35800/75516 brackets (388s)
    op 36000/75516 brackets (390s)
    op 36200/75516 brackets (392s)
    op 36400/75516 brackets (395s)
    op 36600/75516 brackets (397s)
    op 36800/75516 brackets (399s)
    op 37000/75516 brackets (401s)
    op 37200/75516 brackets (404s)
    op 37400/75516 brackets (406s)
    op 37600/75516 brackets (409s)
    op 37800/75516 brackets (411s)
    op 38000/75516 brackets (414s)
    op 38200/75516 brackets (416s)
    op 38400/75516 brackets (419s)
    op 38600/75516 brackets (421s)
    op 38800/75516 brackets (423s)
    op 39000/75516 brackets (426s)
    op 39200/75516 brackets (428s)
    op 39400/75516 brackets (431s)
    op 39600/75516 brackets (433s)
    op 39800/75516 brackets (435s)
    op 40000/75516 brackets (438s)
    op 40200/75516 brackets (440s)
    op 40400/75516 brackets (442s)
    op 40600/75516 brackets (444s)
    op 40800/75516 brackets (447s)
    op 41000/75516 brackets (449s)
    op 41200/75516 brackets (452s)
    op 41400/75516 brackets (454s)
    op 41600/75516 brackets (456s)
    op 41800/75516 brackets (459s)
    op 42000/75516 brackets (461s)
    op 42200/75516 brackets (464s)
    op 42400/75516 brackets (466s)
    op 42600/75516 brackets (469s)
    op 42800/75516 brackets (471s)
    op 43000/75516 brackets (473s)
    op 43200/75516 brackets (476s)
    op 43400/75516 brackets (478s)
    op 43600/75516 brackets (481s)
    op 43800/75516 brackets (483s)
    op 44000/75516 brackets (486s)
    op 44200/75516 brackets (488s)
    op 44400/75516 brackets (490s)
    op 44600/75516 brackets (492s)
    op 44800/75516 brackets (495s)
    op 45000/75516 brackets (497s)
    op 45200/75516 brackets (499s)
    op 45400/75516 brackets (501s)
    op 45600/75516 brackets (503s)
    op 45800/75516 brackets (505s)
    op 46000/75516 brackets (507s)
    op 46200/75516 brackets (509s)
    op 46400/75516 brackets (511s)
    op 46600/75516 brackets (513s)
    op 46800/75516 brackets (515s)
    op 47000/75516 brackets (517s)
    op 47200/75516 brackets (519s)
    op 47400/75516 brackets (521s)
    op 47600/75516 brackets (523s)
    op 47800/75516 brackets (525s)
    op 48000/75516 brackets (527s)
    op 48200/75516 brackets (529s)
    op 48400/75516 brackets (531s)
    op 48600/75516 brackets (533s)
    op 48800/75516 brackets (535s)
    op 49000/75516 brackets (537s)
    op 49200/75516 brackets (539s)
    op 49400/75516 brackets (541s)
    op 49600/75516 brackets (543s)
    op 49800/75516 brackets (545s)
    op 50000/75516 brackets (547s)
    op 50200/75516 brackets (549s)
    op 50400/75516 brackets (551s)
    op 50600/75516 brackets (553s)
    op 50800/75516 brackets (555s)
    op 51000/75516 brackets (557s)
    op 51200/75516 brackets (559s)
    op 51400/75516 brackets (562s)
    op 51600/75516 brackets (564s)
    op 51800/75516 brackets (566s)
    op 52000/75516 brackets (569s)
    op 52200/75516 brackets (571s)
    op 52400/75516 brackets (573s)
    op 52600/75516 brackets (576s)
    op 52800/75516 brackets (578s)
    op 53000/75516 brackets (581s)
    op 53200/75516 brackets (583s)
    op 53400/75516 brackets (586s)
    op 53600/75516 brackets (588s)
    op 53800/75516 brackets (590s)
    op 54000/75516 brackets (593s)
    op 54200/75516 brackets (595s)
    op 54400/75516 brackets (598s)
    op 54600/75516 brackets (600s)
    op 54800/75516 brackets (603s)
    op 55000/75516 brackets (605s)
    op 55200/75516 brackets (607s)
    op 55400/75516 brackets (609s)
    op 55600/75516 brackets (611s)
    op 55800/75516 brackets (614s)
    op 56000/75516 brackets (616s)
    op 56200/75516 brackets (618s)
    op 56400/75516 brackets (621s)
    op 56600/75516 brackets (623s)
    op 56800/75516 brackets (626s)
    op 57000/75516 brackets (628s)
    op 57200/75516 brackets (631s)
    op 57400/75516 brackets (633s)
    op 57600/75516 brackets (636s)
    op 57800/75516 brackets (638s)
    op 58000/75516 brackets (641s)
    op 58200/75516 brackets (643s)
    op 58400/75516 brackets (645s)
    op 58600/75516 brackets (648s)
    op 58800/75516 brackets (650s)
    op 59000/75516 brackets (652s)
    op 59200/75516 brackets (654s)
    op 59400/75516 brackets (657s)
    op 59600/75516 brackets (659s)
    op 59800/75516 brackets (661s)
    op 60000/75516 brackets (664s)
    op 60200/75516 brackets (666s)
    op 60400/75516 brackets (669s)
    op 60600/75516 brackets (671s)
    op 60800/75516 brackets (674s)
    op 61000/75516 brackets (676s)
    op 61200/75516 brackets (678s)
    op 61400/75516 brackets (681s)
    op 61600/75516 brackets (683s)
    op 61800/75516 brackets (686s)
    op 62000/75516 brackets (688s)
    op 62200/75516 brackets (691s)
    op 62400/75516 brackets (694s)
    op 62600/75516 brackets (696s)
    op 62800/75516 brackets (699s)
    op 63000/75516 brackets (701s)
    op 63200/75516 brackets (704s)
    op 63400/75516 brackets (706s)
    op 63600/75516 brackets (708s)
    op 63800/75516 brackets (710s)
    op 64000/75516 brackets (713s)
    op 64200/75516 brackets (715s)
    op 64400/75516 brackets (717s)
    op 64600/75516 brackets (720s)
    op 64800/75516 brackets (722s)
    op 65000/75516 brackets (725s)
    op 65200/75516 brackets (727s)
    op 65400/75516 brackets (729s)
    op 65600/75516 brackets (732s)
    op 65800/75516 brackets (735s)
    op 66000/75516 brackets (737s)
    op 66200/75516 brackets (740s)
    op 66400/75516 brackets (742s)
    op 66600/75516 brackets (744s)
    op 66800/75516 brackets (747s)
    op 67000/75516 brackets (749s)
    op 67200/75516 brackets (752s)
    op 67400/75516 brackets (754s)
    op 67600/75516 brackets (756s)
    op 67800/75516 brackets (759s)
    op 68000/75516 brackets (761s)
    op 68200/75516 brackets (764s)
    op 68400/75516 brackets (766s)
    op 68600/75516 brackets (768s)
    op 68800/75516 brackets (770s)
    op 69000/75516 brackets (773s)
    op 69200/75516 brackets (775s)
    op 69400/75516 brackets (777s)
    op 69600/75516 brackets (779s)
    op 69800/75516 brackets (781s)
    op 70000/75516 brackets (783s)
    op 70200/75516 brackets (785s)
    op 70400/75516 brackets (786s)
    op 70600/75516 brackets (788s)
    op 70800/75516 brackets (790s)
    op 71000/75516 brackets (792s)
    op 71200/75516 brackets (794s)
    op 71400/75516 brackets (796s)
    op 71600/75516 brackets (798s)
    op 71800/75516 brackets (800s)
    op 72000/75516 brackets (802s)
    op 72200/75516 brackets (804s)
    op 72400/75516 brackets (806s)
    op 72600/75516 brackets (808s)
    op 72800/75516 brackets (810s)
    op 73000/75516 brackets (812s)
    op 73200/75516 brackets (814s)
    op 73400/75516 brackets (816s)
    op 73600/75516 brackets (818s)
    op 73800/75516 brackets (820s)
    op 74000/75516 brackets (822s)
    op 74200/75516 brackets (824s)
    op 74400/75516 brackets (826s)
    op 74600/75516 brackets (828s)
    op 74800/75516 brackets (830s)
    op 75000/75516 brackets (831s)
    op 75200/75516 brackets (833s)
    op 75400/75516 brackets (835s)
