Schwarzschild background: L = x**2*(x - 2)*(y - 1)*(y + 1)
  generators ['p_t', 'p_phi', 'H', 'Lsq']; 14 reducible products at rank 4
  box x<=27 y<=24; den = L^7
  24500 coefficient unknowns per level
    operator from templates: 105 SymPy brackets for 24500 columns
    [operator timing] templates 3.4s (105 SymPy brackets for 24500 columns) | D = 2*x**17*(x - 2)**9*(y - 1)**10*(y + 1)**10
  operator matrix (55663, 24500) [6s]
    op rust nullspace: 8 blocks (largest 4984 cols), nnz 1,219,864 -> peak 494,301, nullity 14, 3 thread(s), 1.0s
  chi^0 level: Schwarzschild Killing space = 14
    [chi^1] computing bracket 1/14 [9s]
    [chi^1] computing bracket 2/14 [9s]
    [chi^1] computing bracket 3/14 [9s]
    [chi^1] computing bracket 4/14 [10s]
    [chi^1] computing bracket 5/14 [10s]
    [chi^1] computing bracket 6/14 [10s]
    [chi^1] computing bracket 7/14 [10s]
    [chi^1] computing bracket 8/14 [10s]
    [chi^1] computing bracket 9/14 [10s]
    [chi^1] computing bracket 10/14 [11s]
    [chi^1] computing bracket 11/14 [12s]
    [chi^1] computing bracket 12/14 [13s]
    [chi^1] computing bracket 13/14 [14s]
    [chi^1] computing bracket 14/14 [14s]
    [chi^1 timing] lcm+compare 0.4s | clear 0.6s = sources only (14)
    rust nullspace: 8 blocks (largest 4986 cols), nnz 1,222,414 -> peak 494,111, nullity 28, 3 thread(s), 1.0s
    [chi^1 timing] solve+guard 1.5s
  chi^1 level: 14 of 14 extend  [17s]
    [chi^1] reconstructing solution 1/14 [17s]
    [chi^1] reconstructing solution 6/14 [17s]
    [chi^1] reconstructing solution 11/14 [18s]
  chi^1 chains CHECKPOINTED to kt_double_chains_r4_d7_b27x24_p1.pkl (14 chains, depth 2) [19s]
    [chi^2] computing bracket 1/14 [19s]
    [chi^2] computing bracket 2/14 [19s]
    [chi^2] computing bracket 3/14 [19s]
    [chi^2] computing bracket 4/14 [20s]
    [chi^2] computing bracket 5/14 [20s]
    [chi^2] computing bracket 6/14 [20s]
    [chi^2] computing bracket 7/14 [21s]
    [chi^2] computing bracket 8/14 [21s]
    [chi^2] computing bracket 9/14 [21s]
    [chi^2] computing bracket 10/14 [22s]
    [chi^2] computing bracket 11/14 [24s]
    [chi^2] computing bracket 12/14 [25s]
    [chi^2] computing bracket 13/14 [26s]
    [chi^2] computing bracket 14/14 [27s]
    [chi^2 timing] lcm+compare 7.5s | clear 32.7s = RESCALED 24500 operator columns by q (98 terms, 22.1s) + cleared 14 sources; new denominator factor (x - 2)**13*(y - 1)**6*(y + 1)**6
    rust nullspace: 8 blocks (largest 4993 cols), nnz 16,689,230 -> peak 4,555,069, nullity 28, 3 thread(s), 12.1s
    [chi^2 timing] solve+guard 19.9s
  chi^2 level: 14 of 14 extend  [88s]
    [chi^2] reconstructing solution 1/14 [88s]
    [chi^2] reconstructing solution 6/14 [88s]
    [chi^2] reconstructing solution 11/14 [90s]
  chi^2 chains CHECKPOINTED to kt_double_chains_r4_d7_b27x24_p1.pkl (14 chains, depth 3) [94s]

  Kerr Killing space at rank 4: got 14, expect 14
  count check passed, but a COUNT IS NOT ENOUGH HERE.
  Schwarzschild and Kerr have the SAME dimension at every rank (5, 8, 14) because
  Lsq maps one-to-one onto Carter -- so 'the count is preserved' would also pass if
  the tower did nothing. Identifying the direction is the real test.

  Carter's O(chi^2) piece should be  y^2 (mu^2 - p_t^2)
    = y**2*(-P_phi**2*(2 - x) - P_t**2*x**3*(1 - y**2) - P_t**2*x**2*(x - 2)*(y**2 - 1) - P_x**2*x*(x - 2)**2*(y**2 - 1) + P_y**2*(x - 2)*(y**2 - 1)**2)/(x**2*(x - 2)*(y**2 - 1))
  prediction self-check: {H,F} at chi^0 = True, chi^1 = True, chi^2 = True

  {H_Kerr, Lsq} at chi^2 is NONZERO
  THE COUNT IS DECISIVE: Lsq alone does NOT extend to O(chi^2), so a tower doing nothing would have reported 9 of 14 -- only the directions built from p_t, p_phi and H, which survive trivially. Reporting 14 means it found a nonzero F^(0,2), and the verified prediction above identifies that deformation as Carter's.

  CONTROL PASSED, non-vacuously: the chi-tower deforms Lsq into Carter.

  sGB Hamiltonian pieces built and REPRESENTABLE [97s]
  reducible floor (products of p_t, p_phi, H at rank 4): 9 combinatorial, 9 REPRESENTABLE at denpow 7
    [zeta chi^0] computing bracket 1/14 [114s]
    [zeta chi^0] computing bracket 2/14 [114s]
    [zeta chi^0] computing bracket 3/14 [114s]
    [zeta chi^0] computing bracket 4/14 [114s]
    [zeta chi^0] computing bracket 5/14 [115s]
    [zeta chi^0] computing bracket 6/14 [115s]
    [zeta chi^0] computing bracket 7/14 [115s]
    [zeta chi^0] computing bracket 8/14 [115s]
    [zeta chi^0] computing bracket 9/14 [115s]
    [zeta chi^0] computing bracket 10/14 [116s]
    [zeta chi^0] computing bracket 11/14 [116s]
    [zeta chi^0] computing bracket 12/14 [117s]
    [zeta chi^0] computing bracket 13/14 [118s]
    [zeta chi^0] computing bracket 14/14 [118s]
    [zeta chi^0 timing] lcm+compare 4.1s | clear 16.5s = RESCALED 24500 operator columns by q (50 terms, 11.2s) + cleared 14 sources; new denominator factor 15*(x - 2)**9*(y - 1)**4*(y + 1)**4
    rust nullspace: 8 blocks (largest 4991 cols), nnz 9,973,257 -> peak 3,037,314, nullity 28, 3 thread(s), 8.6s
    [zeta chi^0 timing] solve+guard 13.3s
  zeta chi^0 level: 14 of 14 survive  [153s]
    [zeta chi^0] reconstructing solution 1/14 [153s]
    [zeta chi^0] reconstructing solution 6/14 [153s]
    [zeta chi^0] reconstructing solution 11/14 [156s]
    level 0 checkpointed (kt_double_z_r4_d7_n0_p1.pkl)
    [zeta chi^1] computing bracket 1/14 [160s]
    [zeta chi^1] computing bracket 2/14 [160s]
    [zeta chi^1] computing bracket 3/14 [160s]
    [zeta chi^1] computing bracket 4/14 [160s]
    [zeta chi^1] computing bracket 5/14 [161s]
    [zeta chi^1] computing bracket 6/14 [161s]
    [zeta chi^1] computing bracket 7/14 [161s]
    [zeta chi^1] computing bracket 8/14 [161s]
    [zeta chi^1] computing bracket 9/14 [161s]
    [zeta chi^1] computing bracket 10/14 [162s]
    [zeta chi^1] computing bracket 11/14 [164s]
    [zeta chi^1] computing bracket 12/14 [165s]
    [zeta chi^1] computing bracket 13/14 [166s]
    [zeta chi^1] computing bracket 14/14 [168s]
    [zeta chi^1 timing] lcm+compare 3.1s | clear 17.2s = RESCALED 24500 operator columns by q (60 terms, 14.0s) + cleared 14 sources; new denominator factor 15*(x - 2)**11*(y - 1)**4*(y + 1)**4
    rust nullspace: 8 blocks (largest 4986 cols), nnz 11,610,477 -> peak 3,560,746, nullity 28, 3 thread(s), 8.2s
    [zeta chi^1 timing] solve+guard 13.7s
  zeta chi^1 level: 14 of 14 survive  [202s]
    [zeta chi^1] reconstructing solution 1/14 [202s]
    [zeta chi^1] reconstructing solution 6/14 [203s]
    [zeta chi^1] reconstructing solution 11/14 [205s]
    level 1 checkpointed (kt_double_z_r4_d7_n1_p1.pkl)
    [zeta chi^2] computing bracket 1/14 [208s]
    [zeta chi^2] computing bracket 2/14 [208s]
    [zeta chi^2] computing bracket 3/14 [208s]
    [zeta chi^2] computing bracket 4/14 [210s]
    [zeta chi^2] computing bracket 5/14 [211s]
    [zeta chi^2] computing bracket 6/14 [212s]
    [zeta chi^2] computing bracket 7/14 [213s]
    [zeta chi^2] computing bracket 8/14 [214s]
    [zeta chi^2] computing bracket 9/14 [214s]
    [zeta chi^2] computing bracket 10/14 [218s]
    [zeta chi^2] computing bracket 11/14 [222s]
    [zeta chi^2] computing bracket 12/14 [226s]
    [zeta chi^2] computing bracket 13/14 [230s]
    [zeta chi^2] computing bracket 14/14 [234s]
    [zeta chi^2 timing] lcm+compare 17.2s | clear 103.8s = RESCALED 24500 operator columns by q (216 terms, 57.7s) + cleared 14 sources; new denominator factor 55125*(x - 2)**23*(y - 1)**8*(y + 1)**8
    rust nullspace: 8 blocks (largest 4993 cols), nnz 32,650,144 -> peak 9,033,596, nullity 23, 3 thread(s), 24.1s
    [zeta chi^2 timing] solve+guard 40.8s
  zeta chi^2 level: 9 of 14 survive  [397s]
    [zeta chi^2] reconstructing solution 1/9 [397s]
    [zeta chi^2] reconstructing solution 6/9 [401s]
    level 2 checkpointed (kt_double_z_r4_d7_n2_p1.pkl)

  SURVIVING at O(zeta chi^2), rank 4: 9
  reducible floor: 9
  => only the reducible floor survives: no irreducible rank-4 Killing tensor at O(zeta chi^2) that is analytic in zeta with a Kerr root.
     NO PUBLISHED ARGUMENT REACHES THIS RANK -- there is nothing here to agree with. Petrov type I forbids a rank-2 tensor and says nothing above it; Owen-Yunes-Witek searched rank 2. Do not report this as corroborated.
     INDEPENDENT RUNG (D42): the rank-4 Kerr Killing space is 9 (floor) + 4 (Q^1) + 1 (Q^2) = 14. Q^2 FIRST APPEARS AT THIS RANK, so this outcome was NOT forced by Carter's death at rank 2 -- a Q^2 direction can die or survive independently of Q x momenta. This is the first rank whose answer the lower ranks do not imply.
