Schwarzschild background: L = x**2*(x - 2)*(y - 1)*(y + 1)
  generators ['p_t', 'p_phi', 'H', 'Lsq']; 14 reducible products at rank 4
  box x<=25 y<=22; den = L^7
  20930 coefficient unknowns per level
    op 200/20930 brackets (1s)
    op 400/20930 brackets (3s)
    op 600/20930 brackets (4s)
    op 800/20930 brackets (5s)
    op 1000/20930 brackets (7s)
    op 1200/20930 brackets (9s)
    op 1400/20930 brackets (10s)
    op 1600/20930 brackets (12s)
    op 1800/20930 brackets (13s)
    op 2000/20930 brackets (14s)
    op 2200/20930 brackets (16s)
    op 2400/20930 brackets (17s)
    op 2600/20930 brackets (19s)
    op 2800/20930 brackets (21s)
    op 3000/20930 brackets (22s)
    op 3200/20930 brackets (24s)
    op 3400/20930 brackets (26s)
    op 3600/20930 brackets (28s)
    op 3800/20930 brackets (30s)
    op 4000/20930 brackets (31s)
    op 4200/20930 brackets (33s)
    op 4400/20930 brackets (35s)
    op 4600/20930 brackets (36s)
    op 4800/20930 brackets (38s)
    op 5000/20930 brackets (39s)
    op 5200/20930 brackets (41s)
    op 5400/20930 brackets (42s)
    op 5600/20930 brackets (43s)
    op 5800/20930 brackets (45s)
    op 6000/20930 brackets (46s)
    op 6200/20930 brackets (48s)
    op 6400/20930 brackets (50s)
    op 6600/20930 brackets (51s)
    op 6800/20930 brackets (53s)
    op 7000/20930 brackets (55s)
    op 7200/20930 brackets (57s)
    op 7400/20930 brackets (59s)
    op 7600/20930 brackets (61s)
    op 7800/20930 brackets (62s)
    op 8000/20930 brackets (64s)
    op 8200/20930 brackets (66s)
    op 8400/20930 brackets (68s)
    op 8600/20930 brackets (70s)
    op 8800/20930 brackets (72s)
    op 9000/20930 brackets (74s)
    op 9200/20930 brackets (76s)
    op 9400/20930 brackets (77s)
    op 9600/20930 brackets (79s)
    op 9800/20930 brackets (81s)
    op 10000/20930 brackets (82s)
    op 10200/20930 brackets (84s)
    op 10400/20930 brackets (85s)
    op 10600/20930 brackets (87s)
    op 10800/20930 brackets (88s)
    op 11000/20930 brackets (90s)
    op 11200/20930 brackets (91s)
    op 11400/20930 brackets (93s)
    op 11600/20930 brackets (94s)
    op 11800/20930 brackets (95s)
    op 12000/20930 brackets (97s)
    op 12200/20930 brackets (99s)
    op 12400/20930 brackets (100s)
    op 12600/20930 brackets (102s)
    op 12800/20930 brackets (104s)
    op 13000/20930 brackets (106s)
    op 13200/20930 brackets (108s)
    op 13400/20930 brackets (109s)
    op 13600/20930 brackets (111s)
    op 13800/20930 brackets (113s)
    op 14000/20930 brackets (115s)
    op 14200/20930 brackets (117s)
    op 14400/20930 brackets (118s)
    op 14600/20930 brackets (120s)
    op 14800/20930 brackets (122s)
    op 15000/20930 brackets (124s)
    op 15200/20930 brackets (126s)
    op 15400/20930 brackets (128s)
    op 15600/20930 brackets (129s)
    op 15800/20930 brackets (131s)
    op 16000/20930 brackets (133s)
    op 16200/20930 brackets (135s)
    op 16400/20930 brackets (137s)
    op 16600/20930 brackets (139s)
    op 16800/20930 brackets (141s)
    op 17000/20930 brackets (143s)
    op 17200/20930 brackets (145s)
    op 17400/20930 brackets (147s)
    op 17600/20930 brackets (148s)
    op 17800/20930 brackets (150s)
    op 18000/20930 brackets (152s)
    op 18200/20930 brackets (153s)
    op 18400/20930 brackets (155s)
    op 18600/20930 brackets (156s)
    op 18800/20930 brackets (158s)
    op 19000/20930 brackets (159s)
    op 19200/20930 brackets (161s)
    op 19400/20930 brackets (162s)
    op 19600/20930 brackets (164s)
    op 19800/20930 brackets (166s)
    op 20000/20930 brackets (167s)
    op 20200/20930 brackets (169s)
    op 20400/20930 brackets (170s)
    op 20600/20930 brackets (171s)
    op 20800/20930 brackets (173s)
