Schwarzschild background: L = x**2*(x - 2)*(y - 1)*(y + 1)
  generators ['p_t', 'p_phi', 'H', 'Lsq']; 5 reducible products at rank 2
  box x<=10 y<=10; den = L^2
  1210 coefficient unknowns per level
    op 200/1210 brackets (1s)
    op 400/1210 brackets (2s)
    op 600/1210 brackets (3s)
    op 800/1210 brackets (5s)
    op 1000/1210 brackets (6s)
    op 1200/1210 brackets (6s)
  operator matrix (4780, 1210) [41s]
  chi^0 level: Schwarzschild Killing space = 5
  chi^1 level: 5 of 5 extend  [42s]
  chi^2 level: 5 of 5 extend  [204s]

  Kerr Killing space at rank 2: got 5, expect 5
  count check passed, but a COUNT IS NOT ENOUGH HERE.
  Schwarzschild and Kerr have the SAME dimension at every rank (5, 8, 14) because
  Lsq maps one-to-one onto Carter -- so 'the count is preserved' would also pass if
  the tower did nothing. Identifying the direction is the real test.

  Carter's O(chi^2) piece should be  y^2 (mu^2 - p_t^2)
    = y**2*(-P_phi**2*(2 - x) - P_t**2*x**3*(1 - y**2) - P_t**2*x**2*(x - 2)*(y**2 - 1) - P_x**2*x*(x - 2)**2*(y**2 - 1) + P_y**2*(x - 2)*(y**2 - 1)**2)/(x**2*(x - 2)*(y**2 - 1))
  prediction self-check: {H,F} at chi^0 = True, chi^1 = True, chi^2 = True

  CONTROL PASSED on count; prediction verified independently. The direction-identification check against the tower's own F^(0,2) is the next step.
