Schwarzschild background: L = x**2*(x - 2)*(y - 1)*(y + 1)
  generators ['p_t', 'p_phi', 'H', 'Lsq']; 30 reducible products at rank 6
  box x<=30 y<=28; den = L^8
  75516 coefficient unknowns per level
    operator from templates: 252 SymPy brackets for 75516 columns
    [operator timing] templates 10.4s (252 SymPy brackets for 75516 columns) | D = 2*x**19*(x - 2)**10*(y - 1)**11*(y + 1)**11
  operator matrix (149072, 75516) [16s]
    op rust nullspace: 8 blocks (largest 13640 cols), nnz 4,006,722 -> peak 6,303,684, nullity 30, 4 thread(s), 53.4s
    operator held as arrays: 4,006,722 nonzeros [1.0s]
  chi^0 level: Schwarzschild Killing space = 30
  RESUMED chi-tower from kt_double_chains_r6_d8_b30x28.pkl: 30 chains

  Kerr Killing space at rank 6: got 30, expect None
  count check passed, but a COUNT IS NOT ENOUGH HERE.
  Schwarzschild and Kerr have the SAME dimension at every rank (5, 8, 14) because
  Lsq maps one-to-one onto Carter -- so 'the count is preserved' would also pass if
  the tower did nothing. Identifying the direction is the real test.

  Carter's O(chi^2) piece should be  y^2 (mu^2 - p_t^2)
    = y**2*(-P_phi**2*(2 - x) - P_t**2*x**3*(1 - y**2) - P_t**2*x**2*(x - 2)*(y**2 - 1) - P_x**2*x*(x - 2)**2*(y**2 - 1) + P_y**2*(x - 2)*(y**2 - 1)**2)/(x**2*(x - 2)*(y**2 - 1))
  prediction self-check: {H,F} at chi^0 = True, chi^1 = True, chi^2 = True

  {H_Kerr, Lsq} at chi^2 is NONZERO
  THE COUNT IS DECISIVE: Lsq alone does NOT extend to O(chi^2), so a tower doing nothing would have reported 16 of 30 -- only the directions built from p_t, p_phi and H, which survive trivially. Reporting 30 means it found a nonzero F^(0,2), and the verified prediction above identifies that deformation as Carter's.

  CONTROL PASSED, non-vacuously: the chi-tower deforms Lsq into Carter.

  sGB Hamiltonian pieces built and REPRESENTABLE [88s]
  reducible floor (products of p_t, p_phi, H at rank 6): 16 combinatorial, 16 REPRESENTABLE at denpow 8
  RESUMED zeta-tower from kt_double_z_r6_d8_n1.pkl: level 1 complete (30 directions)
    [zeta chi^2] computing bracket 1/30 [109s]
    [zeta chi^2] computing bracket 2/30 [109s]
    [zeta chi^2] computing bracket 3/30 [109s]
    [zeta chi^2] computing bracket 4/30 [112s]
    [zeta chi^2] computing bracket 5/30 [114s]
    [zeta chi^2] computing bracket 6/30 [115s]
    [zeta chi^2] computing bracket 7/30 [116s]
    [zeta chi^2] computing bracket 8/30 [117s]
    [zeta chi^2] computing bracket 9/30 [118s]
    [zeta chi^2] computing bracket 10/30 [124s]
    [zeta chi^2] computing bracket 11/30 [130s]
    [zeta chi^2] computing bracket 12/30 [136s]
    [zeta chi^2] computing bracket 13/30 [143s]
    [zeta chi^2] computing bracket 14/30 [149s]
    [zeta chi^2] computing bracket 15/30 [150s]
    [zeta chi^2] computing bracket 16/30 [154s]
    [zeta chi^2] computing bracket 17/30 [160s]
    [zeta chi^2] computing bracket 18/30 [165s]
    [zeta chi^2] computing bracket 19/30 [171s]
    [zeta chi^2] computing bracket 20/30 [177s]
    [zeta chi^2] computing bracket 21/30 [178s]
    [zeta chi^2] computing bracket 22/30 [191s]
    [zeta chi^2] computing bracket 23/30 [205s]
    [zeta chi^2] computing bracket 24/30 [219s]
    [zeta chi^2] computing bracket 25/30 [234s]
    [zeta chi^2] computing bracket 26/30 [249s]
    [zeta chi^2] computing bracket 27/30 [261s]
    [zeta chi^2] computing bracket 28/30 [277s]
    [zeta chi^2] computing bracket 29/30 [292s]
    [zeta chi^2] computing bracket 30/30 [304s]
    [zeta chi^2 timing] lcm+compare 76.4s | clear 195.0s = RESCALED 75516 operator columns as arrays, nnz 4,006,722 -> 122,450,823, by q (250 terms, 27.4s) + cleared 30 sources; new denominator factor 55125*(x - 2)**24*(y - 1)**9*(y + 1)**9
    rust nullspace: 8 blocks (largest 13659 cols), nnz 123,096,337 -> peak 56,257,472, nullity 46, 4 thread(s), 551.5s
    [zeta chi^2 timing] solve+guard 584.5s
  zeta chi^2 level: 16 of 30 survive  [1162s]
    [zeta chi^2] reconstructing solution 1/16 [1162s]
    [zeta chi^2] reconstructing solution 6/16 [1165s]
    [zeta chi^2] reconstructing solution 11/16 [1179s]
    [zeta chi^2] reconstructing solution 16/16 [1219s]
    level 2 checkpointed (kt_double_z_r6_d8_n2.pkl)

  SURVIVING at O(zeta chi^2), rank 6: 16
  reducible floor: 16
  => only the reducible floor survives: no irreducible rank-6 Killing tensor at O(zeta chi^2) that is analytic in zeta with a Kerr root.
     NO PUBLISHED ARGUMENT REACHES THIS RANK -- there is nothing here to agree with. Petrov type I forbids a rank-2 tensor and says nothing above it; Owen-Yunes-Witek searched rank 2. Do not report this as corroborated.
     INDEPENDENT RUNG (D42): the rank-6 Kerr Killing space is 16 (floor) + 9 (Q^1) + 4 (Q^2) + 1 (Q^3) = 30. Q^3 FIRST APPEARS AT THIS RANK, so this outcome was NOT forced by Carter's death at rank 2 -- a Q^3 direction can die or survive independently of Q x momenta. This is the first rank whose answer the lower ranks do not imply.
