Schwarzschild background: L = x**2*(x - 2)*(y - 1)*(y + 1)
  generators ['p_t', 'p_phi', 'H', 'Lsq']; 5 reducible products at rank 2
  box x<=24 y<=20; den = L^6
  5250 coefficient unknowns per level
    operator from templates: 30 SymPy brackets for 5250 columns
    [operator timing] templates 1.6s (30 SymPy brackets for 5250 columns) | D = 2*x**15*(x - 2)**8*(y - 1)**9*(y + 1)**9
  operator matrix (15220, 5250) [3s]
    op rust nullspace: 8 blocks (largest 1350 cols), nnz 228,789 -> peak 59,669, nullity 5, 2 thread(s), 0.0s
  chi^0 level: Schwarzschild Killing space = 5
    [chi^1] computing bracket 1/5 [3s]
    [chi^1] computing bracket 2/5 [3s]
    [chi^1] computing bracket 3/5 [3s]
    [chi^1] computing bracket 4/5 [4s]
    [chi^1] computing bracket 5/5 [4s]
    [chi^1 timing] lcm+compare 0.1s | clear 0.3s = sources only (5)
    rust nullspace: 8 blocks (largest 1350 cols), nnz 228,969 -> peak 59,669, nullity 10, 2 thread(s), 0.0s
    [chi^1 timing] solve+guard 0.1s
  chi^1 level: 5 of 5 extend  [4s]
    [chi^1] reconstructing solution 1/5 [4s]
  chi^1 chains CHECKPOINTED to kt_double_chains_r2_d6_b24x20.pkl (5 chains, depth 2) [5s]
    [chi^2] computing bracket 1/5 [5s]
    [chi^2] computing bracket 2/5 [5s]
    [chi^2] computing bracket 3/5 [5s]
    [chi^2] computing bracket 4/5 [5s]
    [chi^2] computing bracket 5/5 [5s]
    [chi^2 timing] lcm+compare 1.8s | clear 27.2s = RESCALED 5250 operator columns by q (66 terms, 2.7s) + cleared 5 sources; new denominator factor (x - 2)**10*(y - 1)**5*(y + 1)**5
    rust nullspace: 8 blocks (largest 1353 cols), nnz 2,223,711 -> peak 578,108, nullity 10, 2 thread(s), 0.5s
    [chi^2 timing] solve+guard 1.3s
  chi^2 level: 5 of 5 extend  [36s]
    [chi^2] reconstructing solution 1/5 [36s]
  chi^2 chains CHECKPOINTED to kt_double_chains_r2_d6_b24x20.pkl (5 chains, depth 3) [36s]

  Kerr Killing space at rank 2: got 5, expect 5
  count check passed, but a COUNT IS NOT ENOUGH HERE.
  Schwarzschild and Kerr have the SAME dimension at every rank (5, 8, 14) because
  Lsq maps one-to-one onto Carter -- so 'the count is preserved' would also pass if
  the tower did nothing. Identifying the direction is the real test.

  Carter's O(chi^2) piece should be  y^2 (mu^2 - p_t^2)
    = y**2*(-P_phi**2*(2 - x) - P_t**2*x**3*(1 - y**2) - P_t**2*x**2*(x - 2)*(y**2 - 1) - P_x**2*x*(x - 2)**2*(y**2 - 1) + P_y**2*(x - 2)*(y**2 - 1)**2)/(x**2*(x - 2)*(y**2 - 1))
  prediction self-check: {H,F} at chi^0 = True, chi^1 = True, chi^2 = True

  {H_Kerr, Lsq} at chi^2 is NONZERO
  THE COUNT IS DECISIVE: Lsq alone does NOT extend to O(chi^2), so a tower doing nothing would have reported 4 of 5 -- only the directions built from p_t, p_phi and H, which survive trivially. Reporting 5 means it found a nonzero F^(0,2), and the verified prediction above identifies that deformation as Carter's.

  CONTROL PASSED, non-vacuously: the chi-tower deforms Lsq into Carter.

  sGB Hamiltonian pieces built and REPRESENTABLE [39s]
  reducible floor (products of p_t, p_phi, H at rank 2): 4 combinatorial, 4 REPRESENTABLE at denpow 6
    [zeta chi^0] computing bracket 1/5 [40s]
    [zeta chi^0] computing bracket 2/5 [40s]
    [zeta chi^0] computing bracket 3/5 [40s]
    [zeta chi^0] computing bracket 4/5 [40s]
    [zeta chi^0] computing bracket 5/5 [40s]
    [zeta chi^0 timing] lcm+compare 1.2s | clear 8.3s = RESCALED 5250 operator columns by q (36 terms, 1.5s) + cleared 5 sources; new denominator factor 15*(x - 2)**8*(y - 1)**3*(y + 1)**3
    rust nullspace: 8 blocks (largest 1352 cols), nnz 1,466,813 -> peak 383,352, nullity 10, 2 thread(s), 0.3s
    [zeta chi^0 timing] solve+guard 0.8s
  zeta chi^0 level: 5 of 5 survive  [50s]
    [zeta chi^0] reconstructing solution 1/5 [50s]
    level 0 checkpointed (kt_double_z_r2_d6_n0.pkl)
    [zeta chi^1] computing bracket 1/5 [51s]
    [zeta chi^1] computing bracket 2/5 [51s]
    [zeta chi^1] computing bracket 3/5 [51s]
    [zeta chi^1] computing bracket 4/5 [51s]
    [zeta chi^1] computing bracket 5/5 [52s]
    [zeta chi^1 timing] lcm+compare 1.0s | clear 4.0s = RESCALED 5250 operator columns by q (44 terms, 1.9s) + cleared 5 sources; new denominator factor 15*(x - 2)**10*(y - 1)**3*(y + 1)**3
    rust nullspace: 8 blocks (largest 1350 cols), nnz 1,727,877 -> peak 445,826, nullity 10, 2 thread(s), 0.4s
    [zeta chi^1 timing] solve+guard 1.1s
  zeta chi^1 level: 5 of 5 survive  [58s]
    [zeta chi^1] reconstructing solution 1/5 [58s]
    level 1 checkpointed (kt_double_z_r2_d6_n1.pkl)
    [zeta chi^2] computing bracket 1/5 [58s]
    [zeta chi^2] computing bracket 2/5 [58s]
    [zeta chi^2] computing bracket 3/5 [59s]
    [zeta chi^2] computing bracket 4/5 [60s]
    [zeta chi^2] computing bracket 5/5 [61s]
    [zeta chi^2 timing] lcm+compare 3.8s | clear 114.8s = RESCALED 5250 operator columns by q (168 terms, 7.8s) + cleared 5 sources; new denominator factor 55125*(x - 2)**20*(y - 1)**7*(y + 1)**7
    rust nullspace: 8 blocks (largest 1353 cols), nnz 4,817,722 -> peak 1,234,096, nullity 9, 2 thread(s), 1.5s
    [zeta chi^2 timing] solve+guard 3.6s
  zeta chi^2 level: 4 of 5 survive  [183s]
    [zeta chi^2] reconstructing solution 1/4 [183s]
    level 2 checkpointed (kt_double_z_r2_d6_n2.pkl)

  SURVIVING at O(zeta chi^2), rank 2: 4
  reducible floor: 4
  => only the reducible floor survives. Carter does NOT extend, which is what three independent published arguments require (Petrov type I in Ayzenberg-Yunes; Owen-Yunes-Witek's Killing search; Deich et al.'s chaotic Poincare sections).
