ZV delta=2 rank 4 den^2, box x<=18 y<=22 (437 funcs), 413 points, prime 2147483647
  loaded 24 cached nullspace vectors
    bracket 1/24: denominator (x - 1)**8*(x + 1)**24*(y - 1)**3*(y + 1)**3  (0s)
    bracket 2/24: denominator (x - 1)**8*(x + 1)**24*(y - 1)**3*(y + 1)**3  (0s)
    bracket 3/24: denominator (x - 1)**8*(x + 1)**24*(y - 1)**3*(y + 1)**3  (1s)
    bracket 4/24: denominator (x - 1)**8*(x + 1)**24*(y - 1)**3*(y + 1)**3  (1s)
    bracket 5/24: denominator (x - 1)**8*(x + 1)**24*(y - 1)**3*(y + 1)**3  (1s)
    bracket 6/24: denominator (x - 1)**8*(x + 1)**24*(y - 1)**3*(y + 1)**3  (1s)
    bracket 7/24: denominator (x - 1)**8*(x + 1)**24*(y - 1)**3*(y + 1)**3  (2s)
    bracket 8/24: denominator (x - 1)**8*(x + 1)**24*(y - 1)**3*(y + 1)**3  (2s)
    bracket 9/24: denominator (x - 1)**15*(x + 1)**41*(y - 1)**5*(y + 1)**5  (2s)
    bracket 10/24: denominator (x - 1)**15*(x + 1)**41*(y - 1)**5*(y + 1)**5  (3s)
    bracket 11/24: denominator (x - 1)**15*(x + 1)**41*(y - 1)**5*(y + 1)**5  (3s)
    bracket 12/24: denominator (x - 1)**8*(x + 1)**24*(y - 1)**3*(y + 1)**3  (4s)
    bracket 13/24: denominator (x - 1)**15*(x + 1)**41*(y - 1)**5*(y + 1)**5  (4s)
    bracket 14/24: denominator (x - 1)**15*(x + 1)**41*(y - 1)**5*(y + 1)**5  (4s)
    bracket 15/24: denominator (x - 1)**15*(x + 1)**41*(y - 1)**5*(y + 1)**5  (5s)
    bracket 16/24: denominator (x - 1)**15*(x + 1)**41*(y - 1)**5*(y + 1)**5  (5s)
    bracket 17/24: denominator (x - 1)**8*(x + 1)**24*(y - 1)**3*(y + 1)**3  (5s)
    bracket 18/24: denominator (x - 1)**15*(x + 1)**41*(y - 1)**5*(y + 1)**5  (6s)
    bracket 19/24: denominator (x - 1)**15*(x + 1)**41*(y - 1)**5*(y + 1)**5  (6s)
    bracket 20/24: denominator (x - 1)**15*(x + 1)**41*(y - 1)**5*(y + 1)**5  (7s)
    bracket 21/24: denominator (x - 1)**15*(x + 1)**41*(y - 1)**5*(y + 1)**5  (8s)
    bracket 22/24: denominator (x - 1)**15*(x + 1)**41*(y - 1)**5*(y + 1)**5  (10s)
    bracket 23/24: denominator (x - 1)**8*(x + 1)**24*(y - 1)**3*(y + 1)**3  (10s)
    bracket 24/24: denominator (x - 1)**15*(x + 1)**41*(y - 1)**5*(y + 1)**5  (11s)
  common denominator for all 24 brackets: (x - 1)**15*(x + 1)**41*(y - 1)**5*(y + 1)**5
    cleared 1/24: 0 nonzero terms (14s)
    cleared 2/24: 909 nonzero terms (20s)
    cleared 3/24: 909 nonzero terms (26s)
    cleared 4/24: 964 nonzero terms (33s)
    cleared 5/24: 0 nonzero terms (34s)
    cleared 6/24: 909 nonzero terms (40s)
    cleared 7/24: 909 nonzero terms (46s)
    cleared 8/24: 964 nonzero terms (53s)
    cleared 9/24: 0 nonzero terms (78s)
    cleared 10/24: 0 nonzero terms (103s)
    cleared 11/24: 909 nonzero terms (139s)
    cleared 12/24: 909 nonzero terms (145s)
    cleared 13/24: 964 nonzero terms (180s)
    cleared 14/24: 0 nonzero terms (206s)
    cleared 15/24: 0 nonzero terms (232s)
    cleared 16/24: 909 nonzero terms (265s)
    cleared 17/24: 909 nonzero terms (271s)
    cleared 18/24: 964 nonzero terms (304s)
    cleared 19/24: 0 nonzero terms (378s)
    cleared 20/24: 0 nonzero terms (457s)
    cleared 21/24: 0 nonzero terms (538s)
    cleared 22/24: 909 nonzero terms (631s)
    cleared 23/24: 909 nonzero terms (637s)
    cleared 24/24: 964 nonzero terms (732s)
  vectors with identically-zero bracket: [0, 4, 8, 9, 13, 14, 18, 19, 20]
  no _kt_nullvec reference for this box; cross-check not applicable (indices are not comparable across boxes)
  C is 9365 x 24 over GF(2147483647)

  sampled nullspace dimension : 24
  rank of the bracket map C   : 15
  EXACT solution dimension    : 9

  9 reducible products: H^2, p_phi^2 H, p_phi^4, p_t p_phi H, p_t p_phi^3, p_t^2 H, p_t^2 p_phi^2, p_t^3 p_phi, p_t^4
  reducible span dimension    : 9

  IRREDUCIBLE at delta=2, rank 4, den^2, box 18x22: 0
  (the sampled 24 was an upper bound carrying 15 dimensions of sampling slack)
