==============================================================================
P0 PHASE 1 -- CK order-2 stage profile   started 2026-08-16T05:38:36
pid 64531   log /Users/sumit/Github/conjecture_machine/data/p0_stage_profile.log
==============================================================================

  === Schwarzschild M=1 (order2=True) ===
    [Schwarzschild M=1] weyl_tensor                             0.76s  ops=104       peak_rss=    63MB  (+4)
    [Schwarzschild M=1] null_tetrad                             0.42s  ops=62        peak_rss=    66MB  (+3)
    [Schwarzschild M=1] canonical_frame                         0.01s  ops=65        peak_rss=    66MB  (+0)
    -> Petrov type D, isotropy dim 2
    [Schwarzschild M=1] ricci_scalar (zsimp)                    0.00s  ops=0         peak_rss=    66MB  (+0)
    [Schwarzschild M=1] ricci_invariants                        0.03s  ops=0         peak_rss=    66MB  (+0)
    [Schwarzschild M=1] segre_type                              0.00s  ops=0         peak_rss=    66MB  (+0)
    [Schwarzschild M=1] riemann_zero scan                       0.01s  ops=0         peak_rss=    66MB  (+0)
    [Schwarzschild M=1] functional_rank order 0                 0.00s  ops=0         peak_rss=    66MB  (+0)
    [Schwarzschild M=1] covariant_derivative_weyl (order 1)      0.05s  ops=1942      peak_rss=    66MB  (+0)
    [Schwarzschild M=1] nabla_C_zero scan                       0.31s  ops=0         peak_rss=    66MB  (+0)
    [Schwarzschild M=1] cartan_order1 (frame components)        0.34s  ops=19        peak_rss=    66MB  (+0)
    [Schwarzschild M=1] isotropy_invariants order 1             0.01s  ops=5         peak_rss=    66MB  (+0)
    [Schwarzschild M=1] functional_rank order 1                 0.01s  ops=0         peak_rss=    66MB  (+0)
      . second_frame_component #1       0.03s  (cumulative 0.0s, rss 66MB)
      . second_frame_component #2       0.02s  (cumulative 0.1s, rss 66MB)
      . second_frame_component #3       0.14s  (cumulative 0.2s, rss 66MB)
      . second_frame_component #4       0.10s  (cumulative 0.3s, rss 67MB)
      . second_frame_component #5       0.02s  (cumulative 0.3s, rss 67MB)
      . second_frame_component #6       0.02s  (cumulative 0.3s, rss 67MB)
      . second_frame_component #7       0.12s  (cumulative 0.5s, rss 67MB)
      . second_frame_component #8       0.11s  (cumulative 0.6s, rss 67MB)
      . second_frame_component #9       0.49s  (cumulative 1.1s, rss 69MB)
      . second_frame_component #10      0.44s  (cumulative 1.5s, rss 70MB)
      . second_frame_component #11      7.61s  (cumulative 9.1s, rss 80MB)
      . second_frame_component #12      7.62s  (cumulative 16.7s, rss 81MB)
      . second_frame_component #13      0.39s  (cumulative 17.1s, rss 81MB)
      . second_frame_component #14      0.41s  (cumulative 17.5s, rss 81MB)
      . second_frame_component #15      7.36s  (cumulative 24.9s, rss 82MB)
      . second_frame_component #16      7.18s  (cumulative 32.1s, rss 82MB)
    [Schwarzschild M=1] cartan_order2 (nabla-nabla-C + frame)     32.11s  ops=24        peak_rss=    82MB  (+16)

  INSIDE THE HOT STAGE -- Schwarzschild M=1   (stage took 32.1s)
    function (nested, do not sum)         calls    seconds   share    us/call
    second_frame_component                   16      32.07   99.9%    2004497
    frame_component5                        176      27.48   85.6%     156145
    zsimp                                    16       4.35   13.5%     271702
    covariant_derivative_vector               4       0.03    0.1%       7098
    [Schwarzschild M=1] weight_invariants order 2               0.05s  ops=23        peak_rss=    82MB  (+0)
    [Schwarzschild M=1] functional_rank order 2                 0.07s  ops=0         peak_rss=    82MB  (+0)
    [Schwarzschild M=1] residual_isotropy                       0.00s  ops=0         peak_rss=    82MB  (+0)
    -> t0=1 t1=1 t2=1   order-1 comps=2 order-2 comps=6

  PER-STAGE PROFILE -- Schwarzschild M=1   (accounted 34.2s)
    stage                                 seconds   share  output ops
    cartan_order2 (nabla-nabla-C + frame)      32.11   93.9%          24
    weyl_tensor                              0.76    2.2%         104
    null_tetrad                              0.42    1.2%          62
    cartan_order1 (frame components)         0.34    1.0%          19
    nabla_C_zero scan                        0.31    0.9%           0
    functional_rank order 2                  0.07    0.2%           0
    covariant_derivative_weyl (order 1)       0.05    0.1%        1942
    weight_invariants order 2                0.05    0.1%          23
    ricci_invariants                         0.03    0.1%           0
    isotropy_invariants order 1              0.01    0.0%           5
    canonical_frame                          0.01    0.0%          65
    riemann_zero scan                        0.01    0.0%           0
    functional_rank order 1                  0.01    0.0%           0
    functional_rank order 0                  0.00    0.0%           0
    segre_type                               0.00    0.0%           0
    residual_isotropy                        0.00    0.0%           0
    ricci_scalar (zsimp)                     0.00    0.0%           0
    >=80% of wall-clock is in 1 stage(s): cartan_order2 (nabla-nabla-C + frame)

  === Kerr a=1/2 (order2=True) ===
    [Kerr a=1/2] weyl_tensor                             7.21s  ops=3864      peak_rss=    82MB  (+0)
    [Kerr a=1/2] null_tetrad                             0.00s  ops=119       peak_rss=    82MB  (+0)
    [Kerr a=1/2] canonical_frame                         3.57s  ops=135       peak_rss=    89MB  (+7)
    -> Petrov type D, isotropy dim 2
    [Kerr a=1/2] ricci_scalar (zsimp)                    0.00s  ops=0         peak_rss=    89MB  (+0)
    [Kerr a=1/2] ricci_invariants                        0.00s  ops=0         peak_rss=    89MB  (+0)
    [Kerr a=1/2] segre_type                              0.00s  ops=0         peak_rss=    89MB  (+0)
    [Kerr a=1/2] riemann_zero scan                       0.14s  ops=0         peak_rss=    89MB  (+0)
    [Kerr a=1/2] functional_rank order 0                 0.03s  ops=0         peak_rss=    89MB  (+0)
    [Kerr a=1/2] covariant_derivative_weyl (order 1)     10.80s  ops=18536     peak_rss=    90MB  (+1)
    [Kerr a=1/2] nabla_C_zero scan                       0.48s  ops=0         peak_rss=    91MB  (+1)
