family ('l2tt', 'l2rr', 'l2ang') x 1/r^1..6: 18 slots, rank 2, prime 0 [7s]
    [eps chi^0 timing] lcm+compare 0.2s | clear 1.8s = sources only (90)
    rust nullspace: 8 blocks (largest 2590 cols), nnz 446,391 -> peak 127,477, nullity 95, 2 thread(s), 0.0s
    residual guard: full, 95 vectors
  eps chi^0: 90 columns, every Kerr direction extends for a 18-dim space of the 18 [9s]
    [eps chi^1 timing] lcm+compare 0.1s | clear 2.0s = sources only (90)
    rust nullspace: 8 blocks (largest 2590 cols), nnz 446,391 -> peak 127,477, nullity 95, 2 thread(s), 0.0s
    residual guard: full, 95 vectors
  eps chi^1: 90 columns, every Kerr direction extends for a 18-dim space of the 18 [12s]
    [eps chi^2 timing] lcm+compare 19.6s | clear 20.1s = RESCALED 10150 operator columns as arrays, nnz 446,391 -> 3,643,785, by q (56 terms, 1.1s) + cleared 90 sources; new denominator factor (x - 2)**6*(y - 1)**7*(y + 1)**7
    rust nullspace: 8 blocks (largest 2644 cols), nnz 3,699,665 -> peak 1,049,744, nullity 82, 2 thread(s), 1.2s
    residual guard: full, 82 vectors
  eps chi^2: 90 columns, every Kerr direction extends for a 5-dim space of the 18 [65s]
  Carter-compatible subspace: dim 5 of 18

  A (keeps Carter)        : {'l2tt_2': 1, 'l2tt_5': -32, 'l2tt_6': 48, 'l2rr_3': 4, 'l2rr_4': -84, 'l2ang_3': 4, 'l2ang_4': 8, 'l2ang_5': -48}
  B (A with l2rr_4 bumped) : {'l2tt_2': 1, 'l2tt_5': -32, 'l2tt_6': 48, 'l2rr_3': 4, 'l2rr_4': -251/3, 'l2ang_3': 4, 'l2ang_4': 8, 'l2ang_5': -48}
  C (rational, pole 1)    : {'l2rr_3': 1, 'l2ang_3': 1, 'l2ang_4': 3/2}

  RE-VERIFYING each on the exact object emitted:
    [eps chi^0 timing] lcm+compare 0.0s | clear 0.1s = sources only (5)
    rust nullspace: 8 blocks (largest 2590 cols), nnz 446,391 -> peak 127,477, nullity 10, 2 thread(s), 0.1s
    residual guard: full, 10 vectors
  eps chi^0: 5 columns, every Kerr direction extends for a 1-dim space of the 1 [66s]
    [eps chi^1 timing] lcm+compare 0.0s | clear 0.1s = sources only (5)
    rust nullspace: 8 blocks (largest 2590 cols), nnz 446,391 -> peak 127,477, nullity 10, 2 thread(s), 0.0s
    residual guard: full, 10 vectors
  eps chi^1: 5 columns, every Kerr direction extends for a 1-dim space of the 1 [66s]
    [eps chi^2 timing] lcm+compare 2.7s | clear 3.3s = RESCALED 10150 operator columns as arrays, nnz 446,391 -> 3,643,785, by q (56 terms, 0.9s) + cleared 5 sources; new denominator factor (x - 2)**6*(y - 1)**7*(y + 1)**7
    rust nullspace: 8 blocks (largest 2593 cols), nnz 3,651,805 -> peak 1,049,744, nullity 10, 2 thread(s), 1.1s
    residual guard: full, 10 vectors
  eps chi^2: 5 columns, every Kerr direction extends for a 1-dim space of the 1 [75s]
    A: Carter survives at rank 2 = True
    [eps chi^0 timing] lcm+compare 0.0s | clear 0.1s = sources only (5)
    rust nullspace: 8 blocks (largest 2590 cols), nnz 446,391 -> peak 127,477, nullity 10, 2 thread(s), 0.1s
    residual guard: full, 10 vectors
  eps chi^0: 5 columns, every Kerr direction extends for a 1-dim space of the 1 [75s]
    [eps chi^1 timing] lcm+compare 0.0s | clear 0.1s = sources only (5)
    rust nullspace: 8 blocks (largest 2590 cols), nnz 446,391 -> peak 127,477, nullity 10, 2 thread(s), 0.0s
    residual guard: full, 10 vectors
  eps chi^1: 5 columns, every Kerr direction extends for a 1-dim space of the 1 [75s]
    [eps chi^2 timing] lcm+compare 3.2s | clear 3.2s = RESCALED 10150 operator columns as arrays, nnz 446,391 -> 3,643,785, by q (56 terms, 0.8s) + cleared 5 sources; new denominator factor 3*(x - 2)**6*(y - 1)**7*(y + 1)**7
    rust nullspace: 8 blocks (largest 2593 cols), nnz 3,651,805 -> peak 1,049,744, nullity 9, 2 thread(s), 1.1s
    residual guard: full, 9 vectors
  eps chi^2: 5 columns, every Kerr direction extends for a 0-dim space of the 1 [85s]
    B: Carter survives at rank 2 = False
    [eps chi^0 timing] lcm+compare 0.0s | clear 0.1s = sources only (5)
    rust nullspace: 8 blocks (largest 2590 cols), nnz 446,391 -> peak 127,477, nullity 10, 2 thread(s), 0.0s
    residual guard: full, 10 vectors
  eps chi^0: 5 columns, every Kerr direction extends for a 1-dim space of the 1 [85s]
    [eps chi^1 timing] lcm+compare 0.0s | clear 0.1s = sources only (5)
    rust nullspace: 8 blocks (largest 2590 cols), nnz 446,391 -> peak 127,477, nullity 10, 2 thread(s), 0.1s
    residual guard: full, 10 vectors
  eps chi^1: 5 columns, every Kerr direction extends for a 1-dim space of the 1 [85s]
    [eps chi^2 timing] lcm+compare 2.5s | clear 3.0s = RESCALED 10150 operator columns as arrays, nnz 446,391 -> 3,643,785, by q (56 terms, 0.8s) + cleared 5 sources; new denominator factor (x - 2)**6*(y - 1)**7*(y + 1)**7
    rust nullspace: 8 blocks (largest 2593 cols), nnz 3,650,205 -> peak 1,049,744, nullity 9, 2 thread(s), 1.1s
    residual guard: full, 9 vectors
  eps chi^2: 5 columns, every Kerr direction extends for a 0-dim space of the 1 [94s]
    C: Carter survives at rank 2 = False

  matched pair valid (A keeps, B does not, C does not): True

  wrote data/triple/objects.txt and data/triple/KEY.txt
  total 97s
