  PASS  01 verifier (+Kerr)  (8s)
  PASS  02 fingerprints  (3s)
  PASS  03 rediscovery  (6s)
  PASS  04 campaign  (194s)
  PASS  05 catalog growth  (4s)
  PASS  06 two-function hall  (42s)
  PASS  07 expedition  (42s)
  PASS  08 stationary hall  (14s)
  PASS  10 EdGB E0 (vs Kanti)  (2s)
  PASS  21 rotating fingerprint  (207s)
  PASS  22 rotating fit (banked-formula verify)  (0s)
  PASS  SH sealed-holdout guard  (0s)
  PASS  24 abstractor (recovers Tangherlini law)  (1s)
  PASS  26 information meter (hair counter)  (1s)
  PASS  27 scalar source (sanity)  (1s)
  PASS  28 maxwell source (RN)  (0s)
  PASS  29 matter meter (RN hair=2)  (1s)
  PASS  30 dilaton (secondary hair)  (0s)
  PASS  31 matter discovery (RN)  (5s)
  PASS  32 no-hair (proven + searched)  (1s)
  PASS  33 no-hair ladder (structural, any n,Λ)  (4s)
  PASS  34 hair criterion (no-hair⇔angular source)  (1s)
  PASS  35 thermodynamics (recovers S=A/4, first law)  (0s)
  PASS  36 energy conditions (physicality classifier)  (1s)
  PASS  37 cosmology (Friedmann + expansion law)  (1s)
  PASS  38 exotic spacetimes (wormhole/warp need exotic matter)  (2s)
  PASS  40 general analyzer (one tool, the whole zoo)  (4s)
  PASS  41 atlas (12 spacetimes incl. Kerr & Gödel)  (32s)
  PASS  42 causal structure (spacelike vs timelike singularity)  (4s)
  PASS  43 discovery (invents Schwarzschild, survivable, de Sitter, exotic)  (97s)
  PASS  44 rotating discovery (rediscovers Kerr + Kerr-Newman)  (57s)
  PASS  45 observables (photon sphere + EHT shadow)  (1s)
  PASS  46 numeric curvature (verifies Kerr-de Sitter)  (1s)
  PASS  47 Kasner (recovers Σp=1, Σp²=1 anisotropic-vacuum law)  (0s)
  PASS  48 ring singularity (numeric Kretschmann, Kerr ring)  (1s)
  PASS  49 light bending (1919 Eddington test)  (8s)
  PASS  50 perihelion precession (Mercury test, diverges at ISCO)  (1s)
  PASS  51 gravitational redshift (Pound-Rebka, third classic test)  (0s)
  PASS  52 stellar structure (recovers TOV — the engine builds a star)  (1s)
  PASS  53 Buchdahl bound (max star compactness M/R=4/9)  (0s)
  PASS  54 mass-radius (max neutron-star mass, Oppenheimer-Volkoff)  (0s)
  PASS  55 analyzer reaches a star (general tool, honest boundary)  (14s)
  PASS  56 ringdown (exact wave potential + eikonal QNM from the metric)  (1s)
  PASS  57 Petrov type (Weyl algebra: black holes=D, waves=N, flat=O)  (4s)
  PASS  58 Killing symmetries (SO(3) + Kerr's hidden Carter constant)  (1s)
  PASS  59 tidal forces (spaghettification, real-vs-coordinate singularity)  (0s)
  PASS  60 frame dragging (ergosphere, Lense-Thirring, Penrose)  (1s)
  PASS  61 Kerr thermodynamics (rotating-horizon T/S, Smarr, first law)  (1s)
  PASS  62 Komar charges (mass & spin as symmetry charges)  (0s)
  PASS  63 embedding (Flamm paraboloid, proper distance, the throat)  (0s)
  PASS  64 cosmological horizon (de Sitter Gibbons-Hawking T, S)  (1s)
  PASS  65 Raychaudhuri focusing (SEC -> singularity, the dark-energy escape)  (0s)
  PASS  66 effective potential (ISCO/photon sphere as a well; the GR term)  (1s)
  PASS  67 gravitational lensing (Einstein ring, double images, microlensing)  (0s)
  PASS  68 Kerr shadow (split light ring, asymmetric D-shaped shadow)  (0s)
  PASS  69 Killing-Yano (root of the Carter constant: K=Y.Y)  (0s)
  PASS  70 Hawking spectrum (greybody, negative heat capacity, M^3 lifetime)  (1s)
  PASS  71 ADM 3+1 (Friedmann = the Hamiltonian constraint)  (0s)
  PASS  72 ringdown template (no-hair spectroscopy, Q=l/(2n+1))  (0s)
  PASS  73 inspiral chirp (chirp mass, (t_c-t)^-3/8 sweep)  (1s)
  PASS  74 GW polarizations (spin-2 +/x, the 2-vs-6 modes-of-gravity test)  (0s)
  PASS  75 area theorem (2nd law; merger energy budget, consistency oracle)  (0s)
  PASS  76 invariant fingerprint (coordinate-free signature; learned-geometry oracle)  (8s)
  PASS  77 precise QNM oracle (Leaver/qnm; 0.1% ringdown, the 221 overtone)  (2s)
  PASS  78 symbolic Killing-tensor proof (Carter constant, exact)  (3s)
  PASS  79 geodesic + chaos lens (Kerr regular vs di-hole chaotic)  (7s)
  PASS  80 Petrov type of Kerr (numeric: type D, completes §57)  (2s)
  PASS  81 analyzer robustness audit (verdicts vs ground truth)  (8s)
  PASS  82 integrability frontier (deform Kerr: Carter tensor fails, no visible chaos, fate open)  (88s)
  PASS  83 tetrad-free Weyl invariants I,J (coordinate-free speciality; Kerr type D off-diagonal)  (10s)
  PASS  84 Poincaré integrability lens (Kerr tori; deformation regular-or-destroyed, no bounded chaos)  (166s)
  PASS  85 no Carter under deformation (numeric: recovers Kerr Carter, deformed has none -> non-integrable)  (345s)
  PASS  86 Kerr observables (ISCO 6M->M/9M; full EHT shadow silhouette circle->D-shape)  (0s)
  PASS  87 observe any rotating BH (numeric photon ring/shadow/ISCO; Kerr-Newman & deformed distinct)  (0s)
  PASS  88 three messengers (shadow EHT + ISCO X-ray + ringdown LIGO; complementary discrimination)  (0s)
  PASS  89 photon subrings (Schwarzschild gamma=pi; same lambda in EHT subrings & LIGO ringdown)  (0s)
  PASS  90 black hole or imposter (wormhole fakes shadow; naked singularity breaks it; shadow != horizon)  (1s)
  PASS  91 shadow inclination (asymmetry scales with tilt; face-on->circular; spin-inclination degeneracy)  (0s)
  PASS  92 accretion engine (efficiency 5.7%->42%; smaller ISCO=hotter; spin->ISCO->X-ray continuum)  (0s)
  PASS  93 weigh spin 3 ways (Kerr consistent; charge degenerate; near-horizon deformation caught -- null test of no-hair)  (23s)
  PASS  94 precession & QPOs (nu_r=0 at ISCO; periastron+nodal Lense-Thirring; matches kHz-QPO band)  (0s)
  PASS  95 strong lensing (weak->4M/b; strong log-divergence a=1; a=Omega_c/lambda, a*gamma=pi)  (0s)
  PASS  96 tidal forces (E_rr=-2M/r^3 spaghettification; horizon tidal ~1/M^2; Hills mass; BH Love number=0)  (0s)
  PASS  97 Zipoy-Voorhees (exact vacuum quadrupole BH; recovers Carter at delta=1, no conserved quadratic for delta!=1; validates 85)  (48s)
  PASS  98 no quartic Killing tensor either (delta=1 recovers K and K^2; delta!=1 has no rank-2 or rank-4 invariant; closes 97's caveat)  (132s)
  PASS  99 the rotating wall: Manko-Novikov (exact rotating vacuum bumpy-Kerr; recovers Carter at q=0, none for q!=0)  (99s)
  PASS  100 EMRI radiation reaction (GW flux validated vs Peters + frequency map; drives inspiral in Kerr & bumpy metric; bridge B1)  (208s)
  PASS  101 EMRI Carter flux dQ/dtau + lyapunov FD-roundoff fix (box-dim is the robust chaos detector; bridge follow-ups A + heads-up)  (208s)
  PASS  105 Laskar frequency-drift chaos detector (Hénon-Heiles + Kerr validated; MN thin-layer chaos exhibited on the EXACT metric — positive control closed)  (47s)
  PASS  106 ZV delta=2 thin-layer chaos exhibited (layer fires + escapes, island/torus quiet — §97/§98's geometric caveat closed)  (224s)
  PASS  107 resonance frequency-locking: the devil's staircase (1/5 and 1/4 plateaus in bumpy ZV; Kerr control no-lock — the quasi-static LISA signature)  (571s)
  PASS  108 dynamic plateau: sustained resonance locking under drift (trapped orbit holds 1/4 while Lz sweeps; transit control sweeps past — the time-domain LISA signature)  (169s)
  PASS  109 integrability/chaos as an analyzer lens (Kerr integrable · ZV delta=2 non-integrable thin-layer · specific — the toolchain, one verdict on the general tool)  (313s)
  PASS  110 two-light-ring test (horizonless UCO has an inner STABLE ring a black hole lacks — a horizon-independent mimicker discriminator; §90 extended)  (0s)
  PASS  111 Kaluza-Klein reduction PROVEN (5D vacuum <=> 4D Einstein-Maxwell-dilaton, machine-derived dictionary; frozen-dilaton trap REJECTED with obstruction F^2 extracted; stacking lattice)  (2s)
  PASS  112 6D KK on T^2 (cross-coupled two-field dictionary; twist-sourcing obstruction F1.F2=0 forced by the diagonal fibre; obstruction map + consistency landscape)  (3s)
  PASS  113 6D KK TWISTED fibre (chi!=0 absorbs the F1.F2 source into its own 2nd-order EOM; §112-REJECTED two-field stacking now VERIFIED; chi = axion on SL(2,R)/SO(2), coupling F1.F2)  (5s)
  PASS  114 THE FLUX ATLAS (6D EM+Lambda6 on T^2: flux stabilizes VOLUME only, coset exactly flat; monodromy absorbed; geometric flux partial + compactness caveat; obstructions extracted; data/flux_atlas.json)  (7s)
  PASS  115 Jacobson 1995 machine-verified (Raychaudhuri exact w/+w/o shear; area bookkeeping; Clausius constants w/ localization POSTULATE logged; lemma S(k,k)=0 => S=phi g; Bianchi => Einstein + Lambda, c=8piG)  (2s)
  PASS  116 CARTAN-KARLHEDE decision procedure (Schwarzschild recognized across 4 charts incl. ZV delta=1 in prolate spheroidal; M=1 vs M=2 separated; type-I Kasner; VSI pp-waves DECIDED where every polynomial invariant vanishes -- the §02 blind spot closed)  (44s)
  PASS  117 CK matter sector (Ricci trace invariants + SEGRE type: RN derived as Segre [(11)(1,1)] electrovac, FRW fluids as [1,(111)]; flat vs radiation-universe hole CLOSED; RN recognized across Schwarzschild and Eddington-Finkelstein charts)  (26s)
  PASS  118 NOVELTY proof-backed (§02 KNOWN_LIKELY upgraded to a CK proof; FLAT_OR_VSI and BLIND_SPOT adjudicated where invariants are blind; CANDIDATE_NEW backed by a decision against every catalog entry)  (42s)
  PASS  119 bridge round 7: bumpy eps=0.35 vs Manko-Novikov q=0.5 -> INEQUIVALENT at ORDER 0 (bumpy is not Ricci-flat, proven symbolically; MN is exact vacuum) -- decided below tier T1, no canonical frame needed  (97s)
  PASS  123 emit-legibility THEOREM (bridge R2): emit succeeds <=> invariant in span(Phi); forward direction proven exact; round-8 adversaries reproduced (harmonic legible, pendulum illegible in poly basis but LEGIBLE with cos added); O1/O2 obstructions guarded; SID prior art, no novelty claimed)  (13s)
  PASS  120 G2 candidate A: designed metric, irreducible rank-2 Killing tensor, NO Killing-Yano root (four distinct mixed eigenvalues; (Y.Y)^a_b always has even-multiplicity spectrum) and no KY tensor at all (jet bound 0; controls Minkowski 10, Schwarzschild 1)  (24s)
  PASS  121 G2 candidate B: Galajinsky metric, TRANSCENDENTAL invariant I = p_y/p_x - ln p_x exactly conserved; polynomial invariants of degree <=4 excluded (Killing-tensor dims 0,1,0,1; flat-2D control 3,6,10,15)  (31s)
  PASS  122 Cartan-Karlhede ORDER 2 (ledger G6): Karlhede-Lindstrom-Aman horizon invariant reproduced at orders 1 and 2 (vanishes at r=2M, tracks M); termination order machine-checked against Collins-d Inverno-Vickers  (2s)
  PASS  KT1 Rust nullspace == numba == original solver, 1 and 4 threads  (111s)
  PASS  KT2 rescale == SymPy re-clear (5 integer q + a fractional one by linearity)  (53s)
  PASS  KT3 operator from 3 brackets per monomial == full SymPy build (same D)  (62s)
  PASS  KT4 ring clear() == expression clear_expr(), and fails where it fails  (38s)
  PASS  KT5 array rescale == dict rescale, same nullspace; guard silent on true vectors, fires on a bent one  (71s)
  PASS  KT6 floor test: series == old formula for c<=2 and differs at c=3; ring == expression test in both verdicts  (15s)
  PASS  KT7 Freivalds guard: agrees with the exhaustive check, detects a one-unit corruption, no false alarms  (0s)
  PASS  KT8 p_phi parity grades the bracket; polar even vs axial odd; drag chi^2 slice is even; sabotage rejected  (2s)
  PASS  KT8b parity checker SABOTAGE: inverting the axial expectations must turn it red  (2s)

VERIFY: ALL GREEN ✅
