  *** ANATOMY RUN: sGB correction restricted to ('l2', 'rot', 'static') of ('static', 'rot', 'l0', 'l2'). This metric solves no field equation; it asks which piece of the correction does what. ***
Schwarzschild background: L = x**2*(x - 2)*(y - 1)*(y + 1)
  generators ['p_t', 'p_phi', 'H', 'Lsq']; 5 reducible products at rank 2
  box x<=24 y<=20; den = L^6
  5250 coefficient unknowns per level
    operator from templates: 30 SymPy brackets for 5250 columns
    [operator timing] templates 1.0s (30 SymPy brackets for 5250 columns) | D = 2*x**15*(x - 2)**8*(y - 1)**9*(y + 1)**9
  operator matrix (15220, 5250) [2s]
    op rust nullspace: 8 blocks (largest 1350 cols), nnz 228,789 -> peak 59,669, nullity 5, 2 thread(s), 0.0s
    operator held as arrays: 228,789 nonzeros [0.1s]
  chi^0 level: Schwarzschild Killing space = 5
    [chi^1] computing bracket 1/5 [3s]
    [chi^1] computing bracket 2/5 [3s]
    [chi^1] computing bracket 3/5 [3s]
    [chi^1] computing bracket 4/5 [3s]
    [chi^1] computing bracket 5/5 [3s]
    [chi^1 timing] lcm+compare 0.1s | clear 0.1s = sources only (5)
    rust nullspace: 8 blocks (largest 1350 cols), nnz 228,969 -> peak 63,536, nullity 10, 2 thread(s), 0.0s
    [chi^1 timing] solve+guard 0.0s
  chi^1 level: 5 of 5 extend  [3s]
    [chi^1] reconstructing solution 1/5 [3s]
  chi^1 chains CHECKPOINTED to kt_double_chains_r2_d6_b24x20_sgb-l2-rot-static.pkl (5 chains, depth 2) [4s]
    [chi^2] computing bracket 1/5 [4s]
    [chi^2] computing bracket 2/5 [4s]
    [chi^2] computing bracket 3/5 [4s]
    [chi^2] computing bracket 4/5 [4s]
    [chi^2] computing bracket 5/5 [4s]
    [chi^2 timing] lcm+compare 1.8s | clear 1.9s = RESCALED 5250 operator columns as arrays, nnz 228,789 -> 2,217,385, by q (66 terms, 0.4s) + cleared 5 sources; new denominator factor (x - 2)**10*(y - 1)**5*(y + 1)**5
    rust nullspace: 8 blocks (largest 1353 cols), nnz 2,223,711 -> peak 603,004, nullity 10, 2 thread(s), 0.4s
    [chi^2 timing] solve+guard 0.5s
  chi^2 level: 5 of 5 extend  [9s]
    [chi^2] reconstructing solution 1/5 [9s]
  chi^2 chains CHECKPOINTED to kt_double_chains_r2_d6_b24x20_sgb-l2-rot-static.pkl (5 chains, depth 3) [9s]

  Kerr Killing space at rank 2: got 5, expect 5
  count check passed, but a COUNT IS NOT ENOUGH HERE.
  Schwarzschild and Kerr have the SAME dimension at every rank (5, 8, 14) because
  Lsq maps one-to-one onto Carter -- so 'the count is preserved' would also pass if
  the tower did nothing. Identifying the direction is the real test.

  Carter's O(chi^2) piece should be  y^2 (mu^2 - p_t^2)
    = y**2*(-P_phi**2*(2 - x) - P_t**2*x**3*(1 - y**2) - P_t**2*x**2*(x - 2)*(y**2 - 1) - P_x**2*x*(x - 2)**2*(y**2 - 1) + P_y**2*(x - 2)*(y**2 - 1)**2)/(x**2*(x - 2)*(y**2 - 1))
  prediction self-check: {H,F} at chi^0 = True, chi^1 = True, chi^2 = True

  {H_Kerr, Lsq} at chi^2 is NONZERO
  THE COUNT IS DECISIVE: Lsq alone does NOT extend to O(chi^2), so a tower doing nothing would have reported 4 of 5 -- only the directions built from p_t, p_phi and H, which survive trivially. Reporting 5 means it found a nonzero F^(0,2), and the verified prediction above identifies that deformation as Carter's.

  CONTROL PASSED, non-vacuously: the chi-tower deforms Lsq into Carter.

  sGB Hamiltonian pieces built and REPRESENTABLE [12s]
  reducible floor (products of p_t, p_phi, H at rank 2): 4 combinatorial, 4 REPRESENTABLE at denpow 6
    [zeta chi^0] computing bracket 1/5 [12s]
    [zeta chi^0] computing bracket 2/5 [12s]
    [zeta chi^0] computing bracket 3/5 [12s]
    [zeta chi^0] computing bracket 4/5 [12s]
    [zeta chi^0] computing bracket 5/5 [12s]
    [zeta chi^0 timing] lcm+compare 1.1s | clear 1.1s = RESCALED 5250 operator columns as arrays, nnz 228,789 -> 1,464,551, by q (36 terms, 0.2s) + cleared 5 sources; new denominator factor 15*(x - 2)**8*(y - 1)**3*(y + 1)**3
    rust nullspace: 8 blocks (largest 1352 cols), nnz 1,466,813 -> peak 411,633, nullity 10, 2 thread(s), 0.2s
    [zeta chi^0 timing] solve+guard 0.3s
  zeta chi^0 level: 5 of 5 survive  [15s]
    [zeta chi^0] reconstructing solution 1/5 [15s]
    level 0 checkpointed (kt_double_z_r2_d6_n0_sgb-l2-rot-static.pkl)
    [zeta chi^1] computing bracket 1/5 [15s]
    [zeta chi^1] computing bracket 2/5 [15s]
    [zeta chi^1] computing bracket 3/5 [15s]
    [zeta chi^1] computing bracket 4/5 [16s]
    [zeta chi^1] computing bracket 5/5 [16s]
    [zeta chi^1 timing] lcm+compare 0.9s | clear 0.9s = RESCALED 5250 operator columns as arrays, nnz 228,789 -> 1,727,305, by q (44 terms, 0.3s) + cleared 5 sources; new denominator factor 15*(x - 2)**10*(y - 1)**3*(y + 1)**3
    rust nullspace: 8 blocks (largest 1350 cols), nnz 1,727,877 -> peak 475,737, nullity 10, 2 thread(s), 0.3s
    [zeta chi^1 timing] solve+guard 0.4s
  zeta chi^1 level: 5 of 5 survive  [18s]
    [zeta chi^1] reconstructing solution 1/5 [18s]
    level 1 checkpointed (kt_double_z_r2_d6_n1_sgb-l2-rot-static.pkl)
    [zeta chi^2] computing bracket 1/5 [19s]
    [zeta chi^2] computing bracket 2/5 [19s]
    [zeta chi^2] computing bracket 3/5 [19s]
    [zeta chi^2] computing bracket 4/5 [20s]
    [zeta chi^2] computing bracket 5/5 [21s]
    [zeta chi^2 timing] lcm+compare 3.9s | clear 5.1s = RESCALED 5250 operator columns as arrays, nnz 228,789 -> 5,218,873, by q (184 terms, 1.0s) + cleared 5 sources; new denominator factor 55125*(x - 2)**22*(y - 1)**7*(y + 1)**7
    rust nullspace: 8 blocks (largest 1353 cols), nnz 5,235,432 -> peak 1,356,768, nullity 9, 2 thread(s), 1.2s
    [zeta chi^2 timing] solve+guard 1.5s
  zeta chi^2 level: 4 of 5 survive  [32s]
    [zeta chi^2] reconstructing solution 1/4 [32s]
    level 2 checkpointed (kt_double_z_r2_d6_n2_sgb-l2-rot-static.pkl)

  SURVIVING at O(zeta chi^2), rank 2: 4
  reducible floor: 4
  => only the reducible floor survives. Carter does NOT extend, which is what three independent published arguments require (Petrov type I in Ayzenberg-Yunes; Owen-Yunes-Witek's Killing search; Deich et al.'s chaotic Poincare sections).
