rank 6, box 30x28: 20 deformations (['l2tt', 'l2rr', 'l2ang'] x^-1..x^-6 + controls), 30 Kerr chains [34s]
  30 products; by power of Q: {0: 16, 1: 9, 2: 4, 3: 1}; pure Q^3 = product [0]
    [eps chi^0 timing] lcm+compare 53.4s | clear 93.7s = RESCALED 75516 operator columns as arrays, nnz 4,006,722 -> 49,675,736, by q (88 terms, 8.6s) + cleared 600 sources; new denominator factor (x - 2)**10*(y - 1)**7*(y + 1)**7
    rust nullspace: 8 blocks (largest 13656 cols), nnz 49,800,928 -> peak 23,462,001, nullity 630, 4 thread(s), 216.5s
  eps chi^0: 600 columns, 20 deformations with every chain extending [647s]
    [eps chi^1 timing] lcm+compare 48.4s | clear 88.1s = RESCALED 75516 operator columns as arrays, nnz 4,006,722 -> 57,349,149, by q (104 terms, 10.0s) + cleared 600 sources; new denominator factor (x - 2)**12*(y - 1)**7*(y + 1)**7
    rust nullspace: 8 blocks (largest 13654 cols), nnz 57,473,030 -> peak 27,485,718, nullity 630, 4 thread(s), 250.6s
  eps chi^1: 600 columns, 20 deformations with every chain extending [1311s]
    [eps chi^2 timing] lcm+compare 393.4s | clear 880.2s = RESCALED 75516 operator columns as arrays, nnz 4,006,722 -> 141,365,385, by q (300 terms, 29.4s) + cleared 600 sources; new denominator factor (x - 2)**24*(y - 1)**11*(y + 1)**11
    rust nullspace: 8 blocks (largest 14020 cols), nnz 148,440,662 -> peak 60,501,131, nullity 505, 4 thread(s), 578.7s
  eps chi^2: 600 (chain, deformation) columns, dim V = 475 [4069s]

  shape-sector deformations keeping ALL 30: dim 5 of 18
  shape-sector deformations keeping pure Q^3:  dim 8 of 18
  vs rank 2 Carter-compatible (dim 5 here): contained in pure-Q^3 space: True
  vs rank 4 pure-Q^2 (dim 7 here): contained in pure-Q^3 space: True
  all-30 space == rank 2 Carter-compatible: True

  pure-Q^3 directions BEYOND rank 4's pure-Q^2 space: 1
    1*l2rr_5 + 100/609*l2ang_3 + 25/203*l2ang_4 + 321/2030*l2ang_5 + 103/174*l2ang_6
      survivors 17 of 30, by leading Q power {0: 15, 1: 1, 2: 0, 3: 1}

  P1: the two rank-4 directions (§140)
    d1: survivors 21 of 30, by leading Q power {0: 15, 1: 1, 2: 4, 3: 1}   (predicted 21: {0: 16, 2: 4, 3: 1})
    d2: survivors 21 of 30, by leading Q power {0: 15, 1: 1, 2: 4, 3: 1}   (predicted 21: {0: 16, 2: 4, 3: 1})

  controls and random shape deformations
    spin     (30, {0: 16, 1: 9, 2: 4, 3: 1})
    gauge_r  (30, {0: 16, 1: 9, 2: 4, 3: 1})
    random #0: (16, {0: 14, 1: 0, 2: 1, 3: 1})
    random #1: (16, {0: 14, 1: 0, 2: 1, 3: 1})
    random #2: (16, {0: 14, 1: 0, 2: 1, 3: 1})
    random #3: (16, {0: 14, 1: 0, 2: 1, 3: 1})

  total 4075s
