rank 8, L^7, box 27x28: 133980 unknowns, 55 Schwarzschild products (by Q power {0: 25, 1: 16, 2: 9, 3: 4, 4: 1}), prime 0 [34s]
  1210 sources built [64s]
    [eps chi^2 timing] lcm+compare 441.4s | clear 1685.6s = RESCALED 133980 operator columns as arrays, nnz 7,386,764 -> 567,818,793, by q (728 terms, 135.3s) + cleared 1210 sources; new denominator factor (x - 2)**27*(y - 1)**25*(y + 1)**25
    rust nullspace: 8 blocks (largest 23200 cols), nnz 585,422,511 -> peak 331,285,875, nullity 941, 4 thread(s), 10341.0s
  one system: 1210 (product, deformation) columns, dim V = 886 [15481s]

  shape-sector deformations keeping ALL 55: dim 1 of 18
  shape-sector deformations keeping H^3 Q^1 (pole order <= 0): dim 1
  shape-sector deformations keeping H^2 Q^2 (pole order <= 1): dim 3
  shape-sector deformations keeping H^1 Q^3 (pole order <= 2): dim 4
  shape-sector deformations keeping H^0 Q^4 (pole order <= 3): dim 4

  directions first appearing with Q^2 (pole order 1): 2
    1*l4tt_2 + -12*l4tt_4 + 16*l4tt_5 + -14*l4rr_3 + 95/2*l4ang_1 + 95/2*l4ang_2 + 6*l4ang_3 + -7*l4ang_4
      survivors (39, {0: 25, 1: 0, 2: 9, 3: 4, 4: 1})
    1*l4rr_2 + 5*l4ang_1 + 6*l4ang_2 + 4/3*l4ang_3
      survivors (39, {0: 25, 1: 0, 2: 9, 3: 4, 4: 1})

  directions first appearing with Q^3 (pole order 2): 1
    1*l4tt_2 + -32*l4tt_5 + 48*l4tt_6 + -179*l4rr_3 + -147*l4rr_4 + 545/2*l4ang_1 + 545/2*l4ang_2 + -149*l4ang_3 + -244*l4ang_4 + -84*l4ang_5
      survivors (30, {0: 25, 1: 0, 2: 0, 3: 4, 4: 1})

  directions first appearing with Q^4 (pole order 3): 0

  named directions (§140, §141):
    control gaugeY2r_1: (55, {0: 25, 1: 16, 2: 9, 3: 4, 4: 1})
    control gaugeY2y_1: (55, {0: 25, 1: 16, 2: 9, 3: 4, 4: 1})
    control gaugeY2r_3: (55, {0: 25, 1: 16, 2: 9, 3: 4, 4: 1})
    control gaugeY2y_3: (55, {0: 25, 1: 16, 2: 9, 3: 4, 4: 1})
    random #0: (25, {0: 25, 1: 0, 2: 0, 3: 0, 4: 0})
    random #1: (25, {0: 25, 1: 0, 2: 0, 3: 0, 4: 0})
    random #2: (25, {0: 25, 1: 0, 2: 0, 3: 0, 4: 0})

  total 15483s
