rank 6, L^8, box 28x26: 65772 unknowns, 30 Schwarzschild products (by Q power {0: 16, 1: 9, 2: 4, 3: 1}), prime 0 [21s]
  780 sources built [39s]
    [eps chi^2 timing] lcm+compare 65.0s | clear 150.3s = RESCALED 65772 operator columns as arrays, nnz 3,486,846 -> 39,852,356, by q (81 terms, 15.8s) + cleared 780 sources; new denominator factor (x - 2)**8*(y - 1)**8*(y + 1)**8
    rust nullspace: 8 blocks (largest 11978 cols), nnz 41,344,283 -> peak 19,820,950, nullity 742, 1 thread(s), 412.4s
    residual guard: full, 742 vectors
  one system: 780 (product, deformation) columns, dim V = 712 [898s]

  shape-sector deformations keeping ALL 30: dim 12 of 18
  shape-sector deformations keeping H^2 Q^1 (pole order <= 0): dim 12
  shape-sector deformations keeping H^1 Q^2 (pole order <= 1): dim 12
  shape-sector deformations keeping H^0 Q^3 (pole order <= 2): dim 12

  directions first appearing with Q^2 (pole order 1): 0

  directions first appearing with Q^3 (pole order 2): 0

  named directions (§140, §141):
    control gaugeY2r_1: (30, {0: 16, 1: 9, 2: 4, 3: 1})
    control gaugeY2y_1: (30, {0: 16, 1: 9, 2: 4, 3: 1})
    control gaugeY2r_3: (30, {0: 16, 1: 9, 2: 4, 3: 1})
    control gaugeY2y_3: (30, {0: 16, 1: 9, 2: 4, 3: 1})
    control gaugeAx1_1: (30, {0: 16, 1: 9, 2: 4, 3: 1})
    control gaugeAxy2_1: (30, {0: 16, 1: 9, 2: 4, 3: 1})
    control gaugeAx1_3: (30, {0: 16, 1: 9, 2: 4, 3: 1})
    control gaugeAxy2_3: (30, {0: 16, 1: 9, 2: 4, 3: 1})
    random #0: (16, {0: 16, 1: 0, 2: 0, 3: 0})
    random #1: (16, {0: 16, 1: 0, 2: 0, 3: 0})
    random #2: (16, {0: 16, 1: 0, 2: 0, 3: 0})

  total 899s
