  [Tomimatsu-Sato delta=2 p=3/5] rhs module rhs_e3d9c088caea4fd8.py [0s]
  [Kerr (TS2 pipeline, delta=1) p=3/5] rhs module rhs_71d54c11241a01a4.py [0s]
separatrix-matched: TS L_sep 9.266667, eps -0.42446 at L = -5.333333333333334; Kerr L_sep 4.500000 -> Kerr L = -2.589928
    level E=0.95 L=-2.5899: ridge None, plunge cut 1.500; region [1.000, 30.354] inner-open=True, 2 windows, 400 boundary orbits, 0 candidates, 0 step-capped
[ts35] L = -5.333333: inner window [6.352737706363674, 6.730488960061812], 3 status changes in the dense seeding (step 1.90e-03) -> W = [6.705812, 6.719099] (width 0.0133); plunge cut 1.500
  [ts35] checkpoint /Users/sumit/Github/conjecture_machine/data/ts_chaos/alpha_p35_ts35_n300.partial.jsonl: 0 done, 1500 to run
  [Tomimatsu-Sato delta=2 p=3/5] rhs module rhs_e3d9c088caea4fd8.py [0s]
  [Tomimatsu-Sato delta=2 p=3/5] rhs module rhs_e3d9c088caea4fd8.py [0s]
  [ts35] valid 1500 (invalid 0): uncertain hits per eps {0.003: 700, 0.001: 514, 0.0003: 441, 0.0001: 403, 3e-05: 396}
VERDICT-alpha [ts35 p35] E=0.95 L=-5.3333 nsec=300: alpha = 0.128  95% CI [0.112, 0.145]  (5 eps points with >= 10 hits)
[kerr35] L = -2.589928: inner window (3.3219018366775135, 3.4785599729168832), 1 status changes in the dense seeding (step 7.87e-04) -> W = [3.461241, 3.465177] (width 0.0039); plunge cut 1.500
  [kerr35] checkpoint /Users/sumit/Github/conjecture_machine/data/ts_chaos/alpha_p35_kerr35_n300.partial.jsonl: 0 done, 1500 to run
  [Kerr (TS2 pipeline, delta=1) p=3/5] rhs module rhs_71d54c11241a01a4.py [0s]
  [Kerr (TS2 pipeline, delta=1) p=3/5] rhs module rhs_71d54c11241a01a4.py [0s]
  [kerr35] valid 1500 (invalid 0): uncertain hits per eps {0.003: 1500, 0.001: 762, 0.0003: 208, 0.0001: 74, 3e-05: 21}
VERDICT-alpha [kerr35 p35] E=0.95 L=-2.5899 nsec=300: alpha = 0.837  95% CI [0.799, 0.876]  (5 eps points with >= 10 hits)
  [Tomimatsu-Sato delta=2 p=4/5] rhs module rhs_093919abe726c361.py [0s]
  [Kerr (TS2 pipeline, delta=1) p=4/5] rhs module rhs_f234d03df20c467e.py [0s]
separatrix-matched: TS L_sep 10.475000, eps -0.43914 at L = 5.875; Kerr L_sep 5.212500 -> Kerr L = 2.923479
    level E=0.97 L=2.9235: ridge None, plunge cut 1.500; region [1.000, 37.661] inner-open=True, 2 windows, 400 boundary orbits, 0 candidates, 0 step-capped
[ts45] L = 5.875000: inner window [9.893835886541256, 10.521109328878518], 3 status changes in the dense seeding (step 3.15e-03) -> W = [10.250026, 10.281548] (width 0.0315); plunge cut 1.500
  [ts45] checkpoint /Users/sumit/Github/conjecture_machine/data/ts_chaos/alpha_p45b_ts45_n300.partial.jsonl: 0 done, 1500 to run
  [Tomimatsu-Sato delta=2 p=4/5] rhs module rhs_093919abe726c361.py [0s]
  [Tomimatsu-Sato delta=2 p=4/5] rhs module rhs_093919abe726c361.py [0s]
  [ts45] valid 1500 (invalid 0): uncertain hits per eps {0.003: 782, 0.001: 641, 0.0003: 588, 0.0001: 544, 3e-05: 504}
VERDICT-alpha [ts45 p45b] E=0.97 L=5.8750 nsec=300: alpha = 0.093  95% CI [0.079, 0.109]  (5 eps points with >= 10 hits)
[kerr45] L = 2.923479: inner window (5.1482208050650895, 5.410752835341377), 1 status changes in the dense seeding (step 1.32e-03) -> W = [5.145582, 5.152179] (width 0.0066); plunge cut 1.500
  [kerr45] checkpoint /Users/sumit/Github/conjecture_machine/data/ts_chaos/alpha_p45b_kerr45_n300.partial.jsonl: 0 done, 1500 to run
  [Kerr (TS2 pipeline, delta=1) p=4/5] rhs module rhs_f234d03df20c467e.py [0s]
  [Kerr (TS2 pipeline, delta=1) p=4/5] rhs module rhs_f234d03df20c467e.py [0s]
  [kerr45] valid 1500 (invalid 0): uncertain hits per eps {0.003: 1357, 0.001: 451, 0.0003: 127, 0.0001: 34, 3e-05: 11}
VERDICT-alpha [kerr45 p45b] E=0.97 L=2.9235 nsec=300: alpha = 1.039  95% CI [0.978, 1.098]  (5 eps points with >= 10 hits)
  [Tomimatsu-Sato delta=2 p=4/5] rhs module rhs_093919abe726c361.py [0s]
  [Kerr (TS2 pipeline, delta=1) p=4/5] rhs module rhs_f234d03df20c467e.py [0s]
separatrix-matched: TS L_sep 10.475000, eps -0.51074 at L = 5.125; Kerr L_sep 5.212500 -> Kerr L = 2.550268
    level E=0.97 L=2.5503: ridge None, plunge cut 1.500; region [1.000, 38.536] inner-open=True, 2 windows, 400 boundary orbits, 0 candidates, 0 step-capped
[ts45] L = 5.125000: inner window [9.393967530794885, 9.993396833576918], 5 status changes in the dense seeding (step 3.01e-03) -> W = [9.912067, 9.945202] (width 0.0331); plunge cut 1.500
  [ts45] checkpoint /Users/sumit/Github/conjecture_machine/data/ts_chaos/alpha_p45_n600_ts45_n600.partial.jsonl: 0 done, 1500 to run
  [Tomimatsu-Sato delta=2 p=4/5] rhs module rhs_093919abe726c361.py [0s]
  [Tomimatsu-Sato delta=2 p=4/5] rhs module rhs_093919abe726c361.py [0s]
  [ts45] valid 1500 (invalid 0): uncertain hits per eps {0.003: 728, 0.001: 629, 0.0003: 605, 0.0001: 594, 3e-05: 564}
VERDICT-alpha [ts45 p45_n600] E=0.97 L=5.1250 nsec=600: alpha = 0.051  95% CI [0.037, 0.065]  (5 eps points with >= 10 hits)
[kerr45] L = 2.550268: inner window (4.9328734659100775, 5.186442653401151), 1 status changes in the dense seeding (step 1.27e-03) -> W = [4.990213, 4.996584] (width 0.0064); plunge cut 1.500
  [kerr45] checkpoint /Users/sumit/Github/conjecture_machine/data/ts_chaos/alpha_p45_n600_kerr45_n600.partial.jsonl: 0 done, 1500 to run
  [Kerr (TS2 pipeline, delta=1) p=4/5] rhs module rhs_f234d03df20c467e.py [0s]
  [Kerr (TS2 pipeline, delta=1) p=4/5] rhs module rhs_f234d03df20c467e.py [0s]
  [kerr45] valid 1500 (invalid 0): uncertain hits per eps {0.003: 1410, 0.001: 455, 0.0003: 124, 0.0001: 42, 3e-05: 9}
VERDICT-alpha [kerr45 p45_n600] E=0.97 L=2.5503 nsec=600: alpha = 1.042  95% CI [0.983, 1.109]  (4 eps points with >= 10 hits)
ALL DONE Sun Oct 11 00:42:04 IST 2026
