  [Tomimatsu-Sato delta=2 p=4/5] rhs module rhs_093919abe726c361.py [0s]
  [Tomimatsu-Sato delta=2 p=4/5] rhs module rhs_093919abe726c361.py [0s]
  [Tomimatsu-Sato delta=2 p=4/5] rhs module rhs_093919abe726c361.py [0s]
  [Tomimatsu-Sato delta=2 p=4/5] rhs module rhs_093919abe726c361.py [0s]
  [Tomimatsu-Sato delta=2 p=4/5] rhs module rhs_093919abe726c361.py [0s]
  [Tomimatsu-Sato delta=2 p=4/5] rhs module rhs_093919abe726c361.py [0s]
  [Tomimatsu-Sato delta=2 p=4/5] rhs module rhs_093919abe726c361.py [0s]
  [Tomimatsu-Sato delta=2 p=3/5] rhs module rhs_e3d9c088caea4fd8.py [0s]
  [Tomimatsu-Sato delta=2 p=3/5] rhs module rhs_e3d9c088caea4fd8.py [0s]
  [Tomimatsu-Sato delta=2 p=3/5] rhs module rhs_e3d9c088caea4fd8.py [0s]
  [Tomimatsu-Sato delta=2 p=3/5] rhs module rhs_e3d9c088caea4fd8.py [0s]
  [Tomimatsu-Sato delta=2 p=3/5] rhs module rhs_e3d9c088caea4fd8.py [0s]
  [Tomimatsu-Sato delta=2 p=3/5] rhs module rhs_e3d9c088caea4fd8.py [0s]
  [Tomimatsu-Sato delta=2 p=3/5] rhs module rhs_e3d9c088caea4fd8.py [0s]
  [Kerr (TS2 pipeline, delta=1) p=4/5] rhs module rhs_f234d03df20c467e.py [0s]
  [Kerr (TS2 pipeline, delta=1) p=4/5] rhs module rhs_f234d03df20c467e.py [0s]
  [Kerr (TS2 pipeline, delta=1) p=4/5] rhs module rhs_f234d03df20c467e.py [0s]
  [Kerr (TS2 pipeline, delta=1) p=4/5] rhs module rhs_f234d03df20c467e.py [0s]
  [Kerr (TS2 pipeline, delta=1) p=4/5] rhs module rhs_f234d03df20c467e.py [0s]
  [Kerr (TS2 pipeline, delta=1) p=4/5] rhs module rhs_f234d03df20c467e.py [0s]
  [Kerr (TS2 pipeline, delta=1) p=4/5] rhs module rhs_f234d03df20c467e.py [0s]
  [Kerr (TS2 pipeline, delta=1) p=3/5] rhs module rhs_71d54c11241a01a4.py [0s]
  [Kerr (TS2 pipeline, delta=1) p=3/5] rhs module rhs_71d54c11241a01a4.py [0s]
  [Kerr (TS2 pipeline, delta=1) p=3/5] rhs module rhs_71d54c11241a01a4.py [0s]
  [Kerr (TS2 pipeline, delta=1) p=3/5] rhs module rhs_71d54c11241a01a4.py [0s]
  [Kerr (TS2 pipeline, delta=1) p=3/5] rhs module rhs_71d54c11241a01a4.py [0s]
  [Kerr (TS2 pipeline, delta=1) p=3/5] rhs module rhs_71d54c11241a01a4.py [0s]
  [ZV delta=2] rhs module rhs_817148920e4dc069.py [0s]
  [ZV delta=2] rhs module rhs_817148920e4dc069.py [0s]
  [ZV delta=2] rhs module rhs_817148920e4dc069.py [0s]
  [ZV delta=2] rhs module rhs_817148920e4dc069.py [0s]
  ZV-layer                     n=  2  complex-drift median 0.0104  min 0.0001  max 0.0208  frac > 0.0115: 0.50
  ZV-torus                     n=  1  complex-drift median 0.0000  min 0.0000  max 0.0000  frac > 0.0115: 0.00
  ZV-island                    n=  1  complex-drift median 0.0000  min 0.0000  max 0.0000  frac > 0.0115: 0.00
  Kerr-candidate               n= 17  complex-drift median 0.0000  min 0.0000  max 0.0006  frac > 0.0115: 0.00
  TS-confirmed                 n= 85  complex-drift median 0.0290  min 0.0092  max 0.7040  frac > 0.0115: 0.98
  TS-confirmed-SUSPECT-flip    n= 17  complex-drift median 0.0128  min 0.0007  max 0.0810  frac > 0.0115: 0.59
