[Fri 21:34:42] watchdog up: root 808 (o3_r8_p1_d8), kill if free disk < 5 GB, every 60s
[21:34:42] tree 0.00 GB (peak 0.00)  free disk 39 GB  swap used 0.00M | 808:1296K/0B
[21:35:43] tree 1.97 GB (peak 1.97)  free disk 39 GB  swap used 0.00M | 808:1408K/0B 872:864K/0B 874:2016M/0B
[21:36:43] tree 2.01 GB (peak 2.01)  free disk 39 GB  swap used 0.00M | 808:1408K/0B 872:864K/0B 874:2053M/0B
[21:37:43] tree 2.07 GB (peak 2.07)  free disk 39 GB  swap used 0.00M | 808:1408K/0B 872:864K/0B 874:2119M/0B
[21:38:44] tree 2.07 GB (peak 2.07)  free disk 39 GB  swap used 0.00M | 808:1408K/976K 872:848K/640K 874:2118M/139M
[21:39:45] tree 2.07 GB (peak 2.07)  free disk 39 GB  swap used 0.00M | 808:1408K/976K 872:848K/640K 874:2118M/138M
[21:40:45] tree 2.07 GB (peak 2.07)  free disk 39 GB  swap used 0.00M | 808:1408K/976K 872:848K/640K 874:2118M/138M
[21:41:45] tree 2.07 GB (peak 2.07)  free disk 39 GB  swap used 0.00M | 808:1408K/976K 872:848K/640K 874:2118M/138M
[21:42:45] tree 2.07 GB (peak 2.07)  free disk 39 GB  swap used 0.00M | 808:1408K/976K 872:848K/640K 874:2118M/138M
[21:43:46] tree 2.07 GB (peak 2.07)  free disk 39 GB  swap used 0.00M | 808:1408K/976K 872:848K/640K 874:2118M/138M
[21:44:46] tree 2.07 GB (peak 2.07)  free disk 39 GB  swap used 0.00M | 808:1408K/976K 872:848K/640K 874:2118M/138M
[21:45:47] tree 13.00 GB (peak 13.00)  free disk 39 GB  swap used 0.00M | 808:1408K/1152K 872:848K/672K 874:13G/8321M
[21:46:48] tree 10.00 GB (peak 13.00)  free disk 39 GB  swap used 0.00M | 808:1408K/1152K 872:848K/672K 874:10G/7329M
[21:47:48] tree 10.00 GB (peak 13.00)  free disk 39 GB  swap used 0.00M | 808:1408K/1152K 872:848K/672K 874:10G/8576M
[21:48:49] tree 10.00 GB (peak 13.00)  free disk 39 GB  swap used 0.00M | 808:1408K/1152K 872:848K/672K 874:10G/8576M
[21:49:49] tree 11.00 GB (peak 13.00)  free disk 39 GB  swap used 0.00M | 808:1408K/1152K 872:848K/672K 874:11G/8576M
[21:50:50] tree 11.00 GB (peak 13.00)  free disk 38 GB  swap used 1024.00M | 808:1408K/1152K 872:848K/672K 874:11G/8624M
[21:51:51] tree 11.00 GB (peak 13.00)  free disk 38 GB  swap used 1024.00M | 808:1408K/1152K 872:848K/672K 874:11G/8624M
[21:52:51] tree 11.00 GB (peak 13.00)  free disk 38 GB  swap used 1024.00M | 808:1408K/1152K 872:848K/672K 874:11G/8623M
[21:53:52] tree 11.00 GB (peak 13.00)  free disk 37 GB  swap used 2048.00M | 808:1408K/1152K 872:848K/672K 874:11G/8672M
[21:54:53] tree 11.00 GB (peak 13.00)  free disk 37 GB  swap used 2048.00M | 808:1408K/1152K 872:848K/672K 874:11G/8672M
[21:55:53] tree 11.00 GB (peak 13.00)  free disk 37 GB  swap used 2048.00M | 808:1408K/1152K 872:848K/672K 874:11G/8666M
[21:56:54] tree 11.00 GB (peak 13.00)  free disk 37 GB  swap used 2048.00M | 808:1408K/1152K 872:848K/672K 874:11G/8666M
[21:57:54] tree 11.00 GB (peak 13.00)  free disk 37 GB  swap used 2048.00M | 808:1408K/1152K 872:848K/672K 874:11G/8708M
[21:58:55] tree 11.00 GB (peak 13.00)  free disk 37 GB  swap used 2048.00M | 808:1408K/1152K 872:848K/672K 874:11G/8705M
[21:59:56] tree 11.00 GB (peak 13.00)  free disk 37 GB  swap used 2048.00M | 808:1408K/1152K 872:848K/672K 874:11G/8704M
[22:00:56] tree 11.00 GB (peak 13.00)  free disk 37 GB  swap used 2048.00M | 808:1408K/1152K 872:848K/672K 874:11G/11G
[22:01:57] tree 11.00 GB (peak 13.00)  free disk 37 GB  swap used 2048.00M | 808:1408K/1152K 872:848K/672K 874:11G/8723M
[22:02:57] tree 11.00 GB (peak 13.00)  free disk 37 GB  swap used 2048.00M | 808:1408K/1152K 872:848K/672K 874:11G/8723M
[22:03:58] tree 11.00 GB (peak 13.00)  free disk 37 GB  swap used 2048.00M | 808:1408K/1152K 872:848K/672K 874:11G/8723M
[22:04:58] tree 11.00 GB (peak 13.00)  free disk 37 GB  swap used 2048.00M | 808:1408K/1152K 872:848K/672K 874:11G/8723M
[22:05:59] tree 11.00 GB (peak 13.00)  free disk 37 GB  swap used 2048.00M | 808:1408K/1152K 872:848K/672K 874:11G/8722M
[22:07:00] tree 11.00 GB (peak 13.00)  free disk 37 GB  swap used 2048.00M | 808:1408K/1152K 872:848K/672K 874:11G/8722M
[22:08:00] tree 11.00 GB (peak 13.00)  free disk 37 GB  swap used 2048.00M | 808:1408K/1152K 872:848K/672K 874:11G/8722M
[22:09:01] tree 11.00 GB (peak 13.00)  free disk 37 GB  swap used 2048.00M | 808:1408K/1152K 872:848K/672K 874:11G/8722M
[22:10:01] tree 11.00 GB (peak 13.00)  free disk 37 GB  swap used 2048.00M | 808:1408K/1152K 872:848K/672K 874:11G/8722M
[22:11:01] tree 11.00 GB (peak 13.00)  free disk 37 GB  swap used 2048.00M | 808:1408K/1152K 872:848K/672K 874:11G/8722M
[22:12:01] tree 11.00 GB (peak 13.00)  free disk 37 GB  swap used 2048.00M | 808:1408K/1152K 872:848K/672K 874:11G/8722M
[22:13:02] tree 11.00 GB (peak 13.00)  free disk 37 GB  swap used 2048.00M | 808:1408K/1152K 872:848K/672K 874:11G/8722M
[22:14:02] tree 11.00 GB (peak 13.00)  free disk 37 GB  swap used 2048.00M | 808:1408K/1152K 872:848K/672K 874:11G/8722M
[22:15:02] tree 11.00 GB (peak 13.00)  free disk 37 GB  swap used 2048.00M | 808:1408K/1152K 872:848K/672K 874:11G/8722M
[22:16:03] tree 11.00 GB (peak 13.00)  free disk 37 GB  swap used 2048.00M | 808:1408K/1152K 872:848K/672K 874:11G/8722M
[22:17:03] tree 11.00 GB (peak 13.00)  free disk 37 GB  swap used 2048.00M | 808:1408K/1152K 872:848K/672K 874:11G/8722M
[22:18:03] tree 13.60 GB (peak 13.60)  free disk 30 GB  swap used 2048.00M | 808:1408K/1152K 872:848K/672K 874:4057M/3008M 4644:9871M/4535M
[22:19:04] tree 11.91 GB (peak 13.60)  free disk 30 GB  swap used 2048.00M | 808:1408K/1152K 872:848K/672K 874:4057M/4054M 4644:8132M/1180M
[22:20:04] tree 13.33 GB (peak 13.60)  free disk 30 GB  swap used 2048.00M | 808:1408K/1152K 872:848K/672K 874:4057M/4054M 4644:9593M/1809M
[22:21:04] tree 13.96 GB (peak 13.96)  free disk 30 GB  swap used 2048.00M | 808:1408K/1152K 872:848K/672K 874:4057M/4054M 4644:10G/3345M
[22:22:05] tree 14.96 GB (peak 14.96)  free disk 30 GB  swap used 2048.00M | 808:1408K/1152K 872:848K/672K 874:4057M/4054M 4644:11G/6266M
[22:23:05] tree 15.15 GB (peak 15.15)  free disk 30 GB  swap used 2048.00M | 808:1408K/1152K 872:848K/672K 874:3222M/3219M 4644:12G/6762M
[22:24:06] tree 15.15 GB (peak 15.15)  free disk 30 GB  swap used 2048.00M | 808:1408K/1152K 872:848K/672K 874:3222M/3219M 4644:12G/7260M
[22:25:06] tree 16.15 GB (peak 16.15)  free disk 30 GB  swap used 2048.00M | 808:1408K/1152K 872:848K/672K 874:3222M/3219M 4644:13G/8049M
[22:26:06] tree 16.15 GB (peak 16.15)  free disk 30 GB  swap used 2048.00M | 808:1408K/1152K 872:848K/672K 874:3222M/3219M 4644:13G/8230M
[22:27:07] tree 16.15 GB (peak 16.15)  free disk 30 GB  swap used 2048.00M | 808:1408K/1152K 872:848K/672K 874:3222M/3219M 4644:13G/8552M
[22:28:07] tree 16.15 GB (peak 16.15)  free disk 30 GB  swap used 2048.00M | 808:1408K/1152K 872:848K/672K 874:3222M/3219M 4644:13G/7887M
[22:29:08] tree 16.15 GB (peak 16.15)  free disk 30 GB  swap used 2048.00M | 808:1408K/1152K 872:848K/672K 874:3222M/3219M 4644:13G/8900M
[22:30:08] tree 16.15 GB (peak 16.15)  free disk 30 GB  swap used 2048.00M | 808:1408K/1152K 872:848K/672K 874:3222M/3219M 4644:13G/9553M
[22:31:08] tree 17.15 GB (peak 17.15)  free disk 30 GB  swap used 2048.00M | 808:1408K/1152K 872:848K/672K 874:3222M/3219M 4644:14G/10G
[22:32:09] tree 17.57 GB (peak 17.57)  free disk 30 GB  swap used 2048.00M | 808:1408K/1152K 872:848K/672K 874:2630M/2628M 4644:15G/10G
[22:33:09] tree 17.57 GB (peak 17.57)  free disk 30 GB  swap used 2048.00M | 808:1408K/1152K 872:848K/672K 874:2630M/2628M 4644:15G/11G
[22:34:10] tree 17.57 GB (peak 17.57)  free disk 30 GB  swap used 2048.00M | 808:1408K/1152K 872:848K/672K 874:2630M/2628M 4644:15G/11G
[22:35:10] tree 18.57 GB (peak 18.57)  free disk 30 GB  swap used 2048.00M | 808:1408K/1152K 872:848K/672K 874:2630M/2628M 4644:16G/12G
[22:36:10] tree 18.57 GB (peak 18.57)  free disk 29 GB  swap used 3072.00M | 808:1408K/1152K 872:848K/672K 874:2630M/2628M 4644:16G/12G
[22:37:11] tree 18.57 GB (peak 18.57)  free disk 29 GB  swap used 3072.00M | 808:1408K/1152K 872:848K/672K 874:2630M/2628M 4644:16G/13G
[22:38:11] tree 19.57 GB (peak 19.57)  free disk 29 GB  swap used 3072.00M | 808:1408K/1152K 872:848K/672K 874:2630M/2628M 4644:17G/13G
[22:39:12] tree 19.57 GB (peak 19.57)  free disk 29 GB  swap used 3072.00M | 808:1408K/1152K 872:848K/672K 874:2630M/2628M 4644:17G/13G
[22:40:12] tree 19.57 GB (peak 19.57)  free disk 29 GB  swap used 3072.00M | 808:1408K/1152K 872:848K/672K 874:2630M/2628M 4644:17G/13G
[22:41:13] tree 19.57 GB (peak 19.57)  free disk 29 GB  swap used 3072.00M | 808:1408K/1152K 872:848K/672K 874:2630M/2628M 4644:17G/13G
[22:42:13] tree 20.57 GB (peak 20.57)  free disk 28 GB  swap used 4096.00M | 808:1408K/1152K 872:848K/672K 874:2630M/2628M 4644:18G/13G
[22:43:13] tree 20.57 GB (peak 20.57)  free disk 28 GB  swap used 4096.00M | 808:1408K/1152K 872:848K/672K 874:2630M/2628M 4644:18G/13G
[22:44:14] tree 20.57 GB (peak 20.57)  free disk 28 GB  swap used 4096.00M | 808:1408K/1152K 872:848K/672K 874:2630M/2628M 4644:18G/14G
[22:45:14] tree 20.57 GB (peak 20.57)  free disk 28 GB  swap used 4096.00M | 808:1408K/1152K 872:848K/672K 874:2630M/2628M 4644:18G/14G
[22:46:15] tree 20.57 GB (peak 20.57)  free disk 28 GB  swap used 4096.00M | 808:1408K/1152K 872:848K/672K 874:2630M/2628M 4644:18G/14G
[22:47:15] tree 20.57 GB (peak 20.57)  free disk 28 GB  swap used 4096.00M | 808:1408K/1152K 872:848K/672K 874:2630M/2628M 4644:18G/14G
[22:48:16] tree 21.57 GB (peak 21.57)  free disk 27 GB  swap used 5120.00M | 808:1408K/1152K 872:848K/672K 874:2630M/2628M 4644:19G/14G
[22:49:16] tree 21.57 GB (peak 21.57)  free disk 27 GB  swap used 5120.00M | 808:1408K/1152K 872:848K/672K 874:2630M/2628M 4644:19G/14G
[22:50:17] tree 21.57 GB (peak 21.57)  free disk 27 GB  swap used 5120.00M | 808:1408K/1152K 872:848K/672K 874:2630M/2628M 4644:19G/15G
[22:51:17] tree 21.57 GB (peak 21.57)  free disk 27 GB  swap used 5120.00M | 808:1408K/1152K 872:848K/672K 874:2630M/2628M 4644:19G/15G
[22:52:17] tree 22.57 GB (peak 22.57)  free disk 27 GB  swap used 5120.00M | 808:1408K/1152K 872:848K/672K 874:2630M/2628M 4644:20G/15G
[22:53:18] tree 22.57 GB (peak 22.57)  free disk 27 GB  swap used 5120.00M | 808:1408K/1152K 872:848K/672K 874:2630M/2628M 4644:20G/15G
[22:54:18] tree 22.57 GB (peak 22.57)  free disk 27 GB  swap used 5120.00M | 808:1408K/1152K 872:848K/672K 874:2630M/2628M 4644:20G/15G
[22:55:19] tree 22.57 GB (peak 22.57)  free disk 27 GB  swap used 5120.00M | 808:1408K/1152K 872:848K/672K 874:2630M/2628M 4644:20G/15G
[22:56:19] tree 23.57 GB (peak 23.57)  free disk 26 GB  swap used 6144.00M | 808:1408K/1152K 872:848K/672K 874:2630M/2628M 4644:21G/16G
[22:57:20] tree 23.57 GB (peak 23.57)  free disk 26 GB  swap used 6144.00M | 808:1408K/1152K 872:848K/672K 874:2630M/2628M 4644:21G/17G
[22:58:20] tree 24.57 GB (peak 24.57)  free disk 26 GB  swap used 6144.00M | 808:1408K/1152K 872:848K/672K 874:2630M/2628M 4644:22G/17G
[22:59:20] tree 24.57 GB (peak 24.57)  free disk 26 GB  swap used 6144.00M | 808:1408K/1152K 872:848K/672K 874:2630M/2628M 4644:22G/17G
[23:00:21] tree 24.57 GB (peak 24.57)  free disk 26 GB  swap used 6144.00M | 808:1408K/1152K 872:848K/672K 874:2630M/2628M 4644:22G/16G
[23:01:21] tree 24.57 GB (peak 24.57)  free disk 26 GB  swap used 6144.00M | 808:1408K/1152K 872:848K/672K 874:2630M/2628M 4644:22G/17G
[23:02:22] tree 24.57 GB (peak 24.57)  free disk 26 GB  swap used 6144.00M | 808:1408K/1152K 872:848K/672K 874:2630M/2628M 4644:22G/17G
[23:03:22] tree 24.57 GB (peak 24.57)  free disk 25 GB  swap used 7168.00M | 808:1408K/1168K 872:848K/688K 874:2630M/2628M 4644:22G/18G
[23:04:23] tree 24.57 GB (peak 24.57)  free disk 25 GB  swap used 7168.00M | 808:1408K/1152K 872:848K/672K 874:2630M/2628M 4644:22G/18G
[23:05:23] tree 25.57 GB (peak 25.57)  free disk 25 GB  swap used 7168.00M | 808:1408K/1152K 872:848K/672K 874:2630M/2628M 4644:23G/18G
[23:06:23] tree 25.57 GB (peak 25.57)  free disk 25 GB  swap used 7168.00M | 808:1408K/1152K 872:848K/672K 874:2630M/2628M 4644:23G/18G
[23:07:24] tree 25.57 GB (peak 25.57)  free disk 25 GB  swap used 7168.00M | 808:1408K/1152K 872:848K/672K 874:2630M/2628M 4644:23G/18G
[23:08:24] tree 25.57 GB (peak 25.57)  free disk 25 GB  swap used 7168.00M | 808:1408K/1152K 872:848K/672K 874:2630M/2628M 4644:23G/18G
[23:09:25] tree 25.57 GB (peak 25.57)  free disk 25 GB  swap used 7168.00M | 808:1408K/1152K 872:848K/672K 874:2630M/2628M 4644:23G/18G
[23:10:25] tree 25.57 GB (peak 25.57)  free disk 25 GB  swap used 7168.00M | 808:1408K/1152K 872:848K/672K 874:2630M/2628M 4644:23G/17G
[23:11:26] tree 25.57 GB (peak 25.57)  free disk 25 GB  swap used 7168.00M | 808:1408K/1152K 872:848K/672K 874:2630M/2628M 4644:23G/18G
[23:12:26] tree 25.57 GB (peak 25.57)  free disk 25 GB  swap used 7168.00M | 808:1408K/1152K 872:848K/672K 874:2630M/2628M 4644:23G/18G
[23:13:27] tree 25.57 GB (peak 25.57)  free disk 25 GB  swap used 7168.00M | 808:1408K/1152K 872:848K/672K 874:2630M/2628M 4644:23G/19G
[23:14:27] tree 25.57 GB (peak 25.57)  free disk 25 GB  swap used 7168.00M | 808:1408K/1152K 872:848K/672K 874:2630M/2628M 4644:23G/18G
[23:15:27] tree 25.57 GB (peak 25.57)  free disk 25 GB  swap used 7168.00M | 808:1408K/1152K 872:848K/672K 874:2630M/2628M 4644:23G/18G
[23:16:28] tree 25.57 GB (peak 25.57)  free disk 25 GB  swap used 7168.00M | 808:1408K/1168K 872:848K/672K 874:2630M/2628M 4644:23G/19G
[23:17:28] tree 25.57 GB (peak 25.57)  free disk 25 GB  swap used 7168.00M | 808:1408K/1152K 872:848K/672K 874:2630M/2628M 4644:23G/17G
[23:18:29] tree 25.57 GB (peak 25.57)  free disk 25 GB  swap used 7168.00M | 808:1408K/1152K 872:848K/672K 874:2630M/2628M 4644:23G/19G
[23:19:29] tree 25.57 GB (peak 25.57)  free disk 25 GB  swap used 7168.00M | 808:1408K/1152K 872:848K/672K 874:2630M/2628M 4644:23G/19G
[23:20:30] tree 25.57 GB (peak 25.57)  free disk 25 GB  swap used 7168.00M | 808:1408K/1152K 872:848K/672K 874:2630M/2628M 4644:23G/18G
[23:21:30] tree 25.57 GB (peak 25.57)  free disk 25 GB  swap used 7168.00M | 808:1408K/1152K 872:848K/672K 874:2630M/2628M 4644:23G/19G
[23:22:30] tree 25.57 GB (peak 25.57)  free disk 25 GB  swap used 7168.00M | 808:1408K/1152K 872:848K/672K 874:2630M/2628M 4644:23G/18G
[23:23:31] tree 25.57 GB (peak 25.57)  free disk 25 GB  swap used 7168.00M | 808:1408K/1152K 872:848K/672K 874:2630M/2628M 4644:23G/18G
[23:24:31] tree 25.57 GB (peak 25.57)  free disk 24 GB  swap used 8192.00M | 808:1408K/1152K 872:848K/672K 874:2630M/2628M 4644:23G/18G
[23:25:32] tree 25.57 GB (peak 25.57)  free disk 24 GB  swap used 8192.00M | 808:1408K/1152K 872:848K/672K 874:2630M/2628M 4644:23G/19G
[23:26:32] tree 25.57 GB (peak 25.57)  free disk 24 GB  swap used 8192.00M | 808:1408K/1152K 872:848K/672K 874:2630M/2628M 4644:23G/18G
[23:27:32] tree 25.57 GB (peak 25.57)  free disk 24 GB  swap used 8192.00M | 808:1408K/1152K 872:848K/672K 874:2630M/2628M 4644:23G/18G
[23:28:33] tree 25.57 GB (peak 25.57)  free disk 24 GB  swap used 8192.00M | 808:1408K/1152K 872:848K/672K 874:2630M/2628M 4644:23G/19G
[23:29:33] tree 25.57 GB (peak 25.57)  free disk 24 GB  swap used 8192.00M | 808:1408K/1152K 872:848K/672K 874:2630M/2628M 4644:23G/18G
[23:30:34] tree 25.57 GB (peak 25.57)  free disk 24 GB  swap used 8192.00M | 808:1408K/1152K 872:848K/672K 874:2630M/2628M 4644:23G/18G
[23:31:34] tree 25.57 GB (peak 25.57)  free disk 24 GB  swap used 8192.00M | 808:1408K/1152K 872:848K/672K 874:2630M/2628M 4644:23G/20G
[23:32:35] tree 25.57 GB (peak 25.57)  free disk 24 GB  swap used 8192.00M | 808:1408K/1152K 872:848K/672K 874:2630M/2628M 4644:23G/18G
[23:33:35] tree 25.57 GB (peak 25.57)  free disk 24 GB  swap used 8192.00M | 808:1408K/1152K 872:848K/672K 874:2630M/2628M 4644:23G/18G
[23:34:36] tree 25.57 GB (peak 25.57)  free disk 24 GB  swap used 8192.00M | 808:1408K/1152K 872:848K/672K 874:2630M/2628M 4644:23G/18G
[23:35:36] tree 25.57 GB (peak 25.57)  free disk 24 GB  swap used 8192.00M | 808:1408K/1152K 872:848K/672K 874:2630M/2628M 4644:23G/19G
[23:36:36] tree 25.57 GB (peak 25.57)  free disk 24 GB  swap used 8192.00M | 808:1408K/1152K 872:848K/688K 874:2630M/2628M 4644:23G/19G
[23:37:37] tree 25.57 GB (peak 25.57)  free disk 24 GB  swap used 8192.00M | 808:1408K/1152K 872:848K/672K 874:2630M/2628M 4644:23G/18G
[23:38:37] tree 25.57 GB (peak 25.57)  free disk 24 GB  swap used 8192.00M | 808:1408K/1152K 872:848K/672K 874:2630M/2628M 4644:23G/18G
[23:39:38] tree 25.57 GB (peak 25.57)  free disk 24 GB  swap used 8192.00M | 808:1408K/1152K 872:848K/672K 874:2630M/2628M 4644:23G/19G
[23:40:38] tree 25.57 GB (peak 25.57)  free disk 24 GB  swap used 8192.00M | 808:1408K/1152K 872:848K/672K 874:2630M/2628M 4644:23G/19G
[23:41:39] tree 25.57 GB (peak 25.57)  free disk 24 GB  swap used 8192.00M | 808:1408K/1152K 872:848K/672K 874:2630M/2628M 4644:23G/19G
[23:42:39] tree 25.57 GB (peak 25.57)  free disk 24 GB  swap used 8192.00M | 808:1408K/1168K 872:848K/688K 874:2630M/2628M 4644:23G/19G
[23:43:40] tree 25.57 GB (peak 25.57)  free disk 24 GB  swap used 8192.00M | 808:1408K/1168K 872:848K/688K 874:2630M/2628M 4644:23G/20G
[23:44:40] tree 25.57 GB (peak 25.57)  free disk 24 GB  swap used 8192.00M | 808:1408K/1168K 872:848K/688K 874:2630M/2628M 4644:23G/18G
[23:45:40] tree 25.57 GB (peak 25.57)  free disk 24 GB  swap used 8192.00M | 808:1408K/1152K 872:848K/672K 874:2630M/2628M 4644:23G/19G
[23:46:41] tree 25.57 GB (peak 25.57)  free disk 24 GB  swap used 8192.00M | 808:1408K/1152K 872:848K/672K 874:2630M/2628M 4644:23G/19G
[23:47:41] tree 25.57 GB (peak 25.57)  free disk 24 GB  swap used 8192.00M | 808:1408K/1152K 872:848K/672K 874:2630M/2628M 4644:23G/19G
[23:48:42] tree 25.57 GB (peak 25.57)  free disk 24 GB  swap used 8192.00M | 808:1408K/1152K 872:848K/672K 874:2630M/2628M 4644:23G/19G
[23:49:42] tree 25.57 GB (peak 25.57)  free disk 24 GB  swap used 8192.00M | 808:1408K/1152K 872:848K/672K 874:2630M/2628M 4644:23G/19G
[23:50:43] tree 25.57 GB (peak 25.57)  free disk 24 GB  swap used 8192.00M | 808:1408K/1152K 872:848K/688K 874:2630M/2628M 4644:23G/19G
[23:51:43] tree 25.57 GB (peak 25.57)  free disk 24 GB  swap used 8192.00M | 808:1408K/1152K 872:848K/672K 874:2630M/2628M 4644:23G/19G
[23:52:44] tree 25.57 GB (peak 25.57)  free disk 24 GB  swap used 8192.00M | 808:1408K/1152K 872:848K/688K 874:2630M/2628M 4644:23G/19G
[23:53:44] tree 25.57 GB (peak 25.57)  free disk 24 GB  swap used 8192.00M | 808:1408K/1152K 872:848K/672K 874:2630M/2628M 4644:23G/18G
[23:54:45] tree 25.57 GB (peak 25.57)  free disk 24 GB  swap used 8192.00M | 808:1408K/1152K 872:848K/672K 874:2630M/2628M 4644:23G/18G
[23:55:45] tree 25.57 GB (peak 25.57)  free disk 24 GB  swap used 8192.00M | 808:1408K/1152K 872:848K/688K 874:2630M/2628M 4644:23G/19G
[23:56:45] tree 25.57 GB (peak 25.57)  free disk 24 GB  swap used 8192.00M | 808:1408K/1152K 872:848K/672K 874:2630M/2628M 4644:23G/19G
[23:57:46] tree 25.57 GB (peak 25.57)  free disk 24 GB  swap used 8192.00M | 808:1408K/1152K 872:848K/672K 874:2630M/2628M 4644:23G/19G
[23:58:46] tree 25.57 GB (peak 25.57)  free disk 24 GB  swap used 8192.00M | 808:1408K/1152K 872:848K/672K 874:2630M/2628M 4644:23G/19G
[23:59:47] tree 25.57 GB (peak 25.57)  free disk 24 GB  swap used 8192.00M | 808:1408K/1168K 872:848K/688K 874:2630M/2628M 4644:23G/19G
[00:00:47] tree 25.57 GB (peak 25.57)  free disk 24 GB  swap used 8192.00M | 808:1408K/1152K 872:848K/672K 874:2630M/2628M 4644:23G/19G
[00:01:48] tree 25.57 GB (peak 25.57)  free disk 24 GB  swap used 8192.00M | 808:1408K/1152K 872:848K/672K 874:2630M/2628M 4644:23G/19G
[00:02:48] tree 25.57 GB (peak 25.57)  free disk 24 GB  swap used 8192.00M | 808:1408K/1152K 872:848K/672K 874:2630M/2628M 4644:23G/19G
[00:03:49] tree 25.57 GB (peak 25.57)  free disk 24 GB  swap used 8192.00M | 808:1408K/1152K 872:848K/672K 874:2630M/2628M 4644:23G/18G
[00:04:49] tree 25.57 GB (peak 25.57)  free disk 24 GB  swap used 8192.00M | 808:1408K/1168K 872:848K/672K 874:2630M/2628M 4644:23G/19G
[00:05:50] tree 25.57 GB (peak 25.57)  free disk 24 GB  swap used 8192.00M | 808:1408K/1152K 872:848K/672K 874:2630M/2628M 4644:23G/19G
[00:06:50] tree 25.57 GB (peak 25.57)  free disk 24 GB  swap used 8192.00M | 808:1408K/1152K 872:848K/672K 874:2630M/2628M 4644:23G/19G
[00:07:51] tree 25.57 GB (peak 25.57)  free disk 24 GB  swap used 8192.00M | 808:1408K/1152K 872:848K/672K 874:2630M/2628M 4644:23G/20G
[00:08:51] tree 25.57 GB (peak 25.57)  free disk 24 GB  swap used 8192.00M | 808:1408K/1152K 872:848K/672K 874:2630M/2628M 4644:23G/19G
[00:09:51] tree 25.57 GB (peak 25.57)  free disk 24 GB  swap used 8192.00M | 808:1408K/1152K 872:848K/672K 874:2630M/2628M 4644:23G/19G
[00:10:52] tree 25.57 GB (peak 25.57)  free disk 24 GB  swap used 8192.00M | 808:1408K/1152K 872:848K/672K 874:2630M/2628M 4644:23G/19G
[00:11:52] tree 26.57 GB (peak 26.57)  free disk 24 GB  swap used 8192.00M | 808:1408K/1152K 872:848K/688K 874:2630M/2628M 4644:24G/19G
[00:12:53] tree 26.57 GB (peak 26.57)  free disk 24 GB  swap used 8192.00M | 808:1408K/1152K 872:848K/672K 874:2630M/2628M 4644:24G/19G
[00:13:53] tree 26.57 GB (peak 26.57)  free disk 24 GB  swap used 8192.00M | 808:1408K/1168K 872:848K/688K 874:2630M/2628M 4644:24G/20G
[00:14:54] tree 26.57 GB (peak 26.57)  free disk 24 GB  swap used 8192.00M | 808:1408K/1152K 872:848K/672K 874:2630M/2628M 4644:24G/19G
[00:15:54] tree 26.57 GB (peak 26.57)  free disk 24 GB  swap used 8192.00M | 808:1408K/1152K 872:848K/672K 874:2630M/2628M 4644:24G/20G
[00:16:54] tree 26.57 GB (peak 26.57)  free disk 24 GB  swap used 8192.00M | 808:1408K/1152K 872:848K/672K 874:2630M/2628M 4644:24G/19G
[00:17:55] tree 26.57 GB (peak 26.57)  free disk 24 GB  swap used 8192.00M | 808:1408K/1152K 872:848K/672K 874:2630M/2628M 4644:24G/20G
[00:18:55] tree 26.57 GB (peak 26.57)  free disk 24 GB  swap used 8192.00M | 808:1408K/1152K 872:848K/672K 874:2630M/2628M 4644:24G/20G
[00:19:56] tree 26.57 GB (peak 26.57)  free disk 24 GB  swap used 8192.00M | 808:1408K/1152K 872:848K/672K 874:2630M/2628M 4644:24G/20G
[00:20:56] tree 26.57 GB (peak 26.57)  free disk 24 GB  swap used 8192.00M | 808:1408K/1152K 872:848K/672K 874:2630M/2628M 4644:24G/20G
[00:21:57] tree 26.57 GB (peak 26.57)  free disk 24 GB  swap used 8192.00M | 808:1408K/1152K 872:848K/672K 874:2630M/2628M 4644:24G/19G
[00:22:57] tree 26.57 GB (peak 26.57)  free disk 24 GB  swap used 8192.00M | 808:1408K/1152K 872:848K/672K 874:2630M/2628M 4644:24G/20G
[00:23:57] tree 26.57 GB (peak 26.57)  free disk 24 GB  swap used 8192.00M | 808:1408K/1152K 872:848K/672K 874:2630M/2628M 4644:24G/20G
[00:24:58] tree 26.57 GB (peak 26.57)  free disk 24 GB  swap used 8192.00M | 808:1408K/1152K 872:848K/672K 874:2630M/2628M 4644:24G/21G
[00:25:58] tree 27.57 GB (peak 27.57)  free disk 24 GB  swap used 8192.00M | 808:1408K/1152K 872:848K/672K 874:2630M/2628M 4644:25G/21G
[00:26:59] tree 27.57 GB (peak 27.57)  free disk 23 GB  swap used 9216.00M | 808:1408K/1152K 872:848K/672K 874:2630M/2628M 4644:25G/20G
[00:27:59] tree 26.57 GB (peak 27.57)  free disk 23 GB  swap used 9216.00M | 808:1408K/1152K 872:848K/672K 874:2630M/2628M 4644:24G/20G
[00:28:59] tree 27.57 GB (peak 27.57)  free disk 23 GB  swap used 9216.00M | 808:1408K/1152K 872:848K/672K 874:2630M/2628M 4644:25G/21G
[00:30:00] tree 27.57 GB (peak 27.57)  free disk 23 GB  swap used 9216.00M | 808:1408K/1152K 872:848K/672K 874:2630M/2628M 4644:25G/21G
[00:31:00] tree 27.57 GB (peak 27.57)  free disk 23 GB  swap used 9216.00M | 808:1408K/1152K 872:848K/672K 874:2630M/2628M 4644:25G/21G
[00:32:01] tree 27.57 GB (peak 27.57)  free disk 23 GB  swap used 9216.00M | 808:1408K/1152K 872:848K/672K 874:2630M/2628M 4644:25G/21G
[00:33:01] tree 27.57 GB (peak 27.57)  free disk 23 GB  swap used 9216.00M | 808:1408K/1152K 872:848K/672K 874:2630M/2628M 4644:25G/21G
[00:34:01] tree 27.57 GB (peak 27.57)  free disk 23 GB  swap used 9216.00M | 808:1408K/1152K 872:848K/672K 874:2630M/2628M 4644:25G/21G
[00:35:02] tree 26.57 GB (peak 27.57)  free disk 23 GB  swap used 9216.00M | 808:1408K/1152K 872:848K/672K 874:2630M/2628M 4644:24G/20G
[00:36:02] tree 27.57 GB (peak 27.57)  free disk 23 GB  swap used 9216.00M | 808:1408K/1152K 872:848K/672K 874:2630M/2628M 4644:25G/20G
[00:37:03] tree 27.57 GB (peak 27.57)  free disk 23 GB  swap used 9216.00M | 808:1408K/1152K 872:848K/672K 874:2630M/2628M 4644:25G/20G
[00:38:03] tree 27.57 GB (peak 27.57)  free disk 23 GB  swap used 9216.00M | 808:1408K/1152K 872:848K/672K 874:2630M/2628M 4644:25G/20G
[00:39:04] tree 27.57 GB (peak 27.57)  free disk 23 GB  swap used 9216.00M | 808:1408K/1152K 872:848K/672K 874:2630M/2628M 4644:25G/20G
[00:40:04] tree 27.57 GB (peak 27.57)  free disk 23 GB  swap used 9216.00M | 808:1408K/1152K 872:848K/672K 874:2630M/2628M 4644:25G/20G
[00:41:04] tree 27.57 GB (peak 27.57)  free disk 23 GB  swap used 9216.00M | 808:1408K/1168K 872:848K/688K 874:2630M/2628M 4644:25G/21G
[00:42:05] tree 27.57 GB (peak 27.57)  free disk 23 GB  swap used 9216.00M | 808:1408K/1152K 872:848K/672K 874:2630M/2628M 4644:25G/20G
[00:43:05] tree 26.57 GB (peak 27.57)  free disk 23 GB  swap used 9216.00M | 808:1408K/1168K 872:848K/672K 874:2630M/2628M 4644:24G/20G
[00:44:06] tree 26.57 GB (peak 27.57)  free disk 23 GB  swap used 9216.00M | 808:1408K/1152K 872:848K/672K 874:2630M/2628M 4644:24G/20G
[00:45:06] tree 27.57 GB (peak 27.57)  free disk 23 GB  swap used 9216.00M | 808:1408K/1152K 872:848K/672K 874:2630M/2628M 4644:25G/20G
[00:46:07] tree 27.57 GB (peak 27.57)  free disk 23 GB  swap used 9216.00M | 808:1408K/1152K 872:848K/672K 874:2630M/2628M 4644:25G/20G
[00:47:07] tree 27.57 GB (peak 27.57)  free disk 23 GB  swap used 9216.00M | 808:1408K/1152K 872:848K/672K 874:2630M/2628M 4644:25G/20G
[00:48:08] tree 27.57 GB (peak 27.57)  free disk 23 GB  swap used 9216.00M | 808:1408K/1152K 872:848K/672K 874:2630M/2628M 4644:25G/19G
[00:49:08] tree 27.57 GB (peak 27.57)  free disk 23 GB  swap used 9216.00M | 808:1408K/1152K 872:848K/672K 874:2630M/2628M 4644:25G/20G
[00:50:08] tree 27.57 GB (peak 27.57)  free disk 23 GB  swap used 9216.00M | 808:1408K/1152K 872:848K/672K 874:2630M/2628M 4644:25G/21G
[00:51:09] tree 27.57 GB (peak 27.57)  free disk 23 GB  swap used 9216.00M | 808:1408K/1152K 872:848K/672K 874:2630M/2628M 4644:25G/20G
[00:52:09] tree 27.57 GB (peak 27.57)  free disk 23 GB  swap used 9216.00M | 808:1408K/1152K 872:848K/672K 874:2630M/2628M 4644:25G/20G
[00:53:10] tree 26.57 GB (peak 27.57)  free disk 23 GB  swap used 9216.00M | 808:1408K/1152K 872:848K/672K 874:2630M/2628M 4644:24G/18G
[00:54:10] tree 23.57 GB (peak 27.57)  free disk 24 GB  swap used 8192.00M | 808:1408K/1152K 872:848K/672K 874:2630M/2628M 4644:21G/16G
[00:55:11] tree 21.57 GB (peak 27.57)  free disk 26 GB  swap used 6144.00M | 808:1408K/1152K 872:848K/672K 874:2630M/2628M 4644:19G/13G
[00:56:11] tree 10.78 GB (peak 27.57)  free disk 27 GB  swap used 5120.00M | 808:1408K/1152K 872:848K/672K 874:2630M/2628M 4644:8408M/4305M
[00:57:11] tree 10.20 GB (peak 27.57)  free disk 27 GB  swap used 5120.00M | 808:1408K/1152K 872:848K/672K 874:2630M/2628M 4644:7814M/3129M
[00:58:12] tree 11.00 GB (peak 27.57)  free disk 27 GB  swap used 5120.00M | 808:1408K/1152K 872:848K/672K 874:2630M/2628M 4644:8635M/3080M
[00:59:12] tree 12.05 GB (peak 27.57)  free disk 27 GB  swap used 5120.00M | 808:1408K/1152K 872:848K/672K 874:2630M/2628M 4644:9704M/3035M
[01:00:12] tree 12.57 GB (peak 27.57)  free disk 27 GB  swap used 5120.00M | 808:1408K/1152K 872:848K/672K 874:2630M/2628M 4644:10G/3017M
[01:01:13] tree 13.57 GB (peak 27.57)  free disk 27 GB  swap used 5120.00M | 808:1408K/1152K 872:848K/672K 874:2630M/2628M 4644:11G/2901M
[01:02:13] tree 13.57 GB (peak 27.57)  free disk 27 GB  swap used 5120.00M | 808:1408K/1152K 872:848K/672K 874:2630M/2628M 4644:11G/2850M
[01:03:14] tree 13.57 GB (peak 27.57)  free disk 27 GB  swap used 5120.00M | 808:1408K/1152K 872:848K/672K 874:2630M/2628M 4644:11G/2798M
[01:04:14] tree 13.57 GB (peak 27.57)  free disk 27 GB  swap used 5120.00M | 808:1408K/1152K 872:848K/672K 874:2630M/2628M 4644:11G/2767M
[01:05:14] tree 14.57 GB (peak 27.57)  free disk 27 GB  swap used 5120.00M | 808:1408K/1152K 872:848K/672K 874:2630M/2628M 4644:12G/2712M
[01:06:15] tree 14.57 GB (peak 27.57)  free disk 27 GB  swap used 5120.00M | 808:1408K/1152K 872:848K/672K 874:2630M/2628M 4644:12G/2658M
[01:07:15] tree 14.57 GB (peak 27.57)  free disk 27 GB  swap used 5120.00M | 808:1408K/1152K 872:848K/672K 874:2630M/2628M 4644:12G/3583M
[01:08:16] tree 14.57 GB (peak 27.57)  free disk 27 GB  swap used 5120.00M | 808:1408K/1152K 872:848K/672K 874:2630M/2628M 4644:12G/3822M
[01:09:16] tree 14.57 GB (peak 27.57)  free disk 27 GB  swap used 5120.00M | 808:1408K/1152K 872:848K/672K 874:2630M/2628M 4644:12G/3762M
[01:10:16] tree 14.57 GB (peak 27.57)  free disk 27 GB  swap used 5120.00M | 808:1408K/1152K 872:848K/672K 874:2630M/2628M 4644:12G/3689M
[01:11:17] tree 15.57 GB (peak 27.57)  free disk 27 GB  swap used 5120.00M | 808:1408K/1152K 872:848K/672K 874:2630M/2628M 4644:13G/3705M
[01:12:17] tree 15.57 GB (peak 27.57)  free disk 28 GB  swap used 4096.00M | 808:1408K/1152K 872:848K/672K 874:2630M/2628M 4644:13G/3582M
[01:13:18] tree 15.57 GB (peak 27.57)  free disk 28 GB  swap used 4096.00M | 808:1408K/1152K 872:848K/672K 874:2630M/2628M 4644:13G/3938M
[01:14:18] tree 15.57 GB (peak 27.57)  free disk 28 GB  swap used 4096.00M | 808:1408K/1152K 872:848K/672K 874:2630M/2628M 4644:13G/3996M
[01:15:19] tree 15.57 GB (peak 27.57)  free disk 28 GB  swap used 4096.00M | 808:1408K/1152K 872:848K/672K 874:2630M/2628M 4644:13G/4101M
[01:16:19] tree 15.57 GB (peak 27.57)  free disk 28 GB  swap used 4096.00M | 808:1408K/1152K 872:848K/672K 874:2630M/2628M 4644:13G/4139M
[01:17:19] tree 15.57 GB (peak 27.57)  free disk 28 GB  swap used 4096.00M | 808:1408K/1152K 872:848K/672K 874:2630M/2628M 4644:13G/4364M
[01:18:20] tree 15.57 GB (peak 27.57)  free disk 28 GB  swap used 4096.00M | 808:1408K/1152K 872:848K/672K 874:2630M/2628M 4644:13G/4444M
[01:19:20] tree 15.57 GB (peak 27.57)  free disk 28 GB  swap used 4096.00M | 808:1408K/1152K 872:848K/672K 874:2630M/2628M 4644:13G/4502M
[01:20:21] tree 16.57 GB (peak 27.57)  free disk 28 GB  swap used 4096.00M | 808:1408K/1152K 872:848K/672K 874:2630M/2628M 4644:14G/4698M
[01:21:21] tree 16.57 GB (peak 27.57)  free disk 28 GB  swap used 4096.00M | 808:1408K/1152K 872:848K/672K 874:2630M/2628M 4644:14G/4783M
[01:22:22] tree 16.57 GB (peak 27.57)  free disk 28 GB  swap used 4096.00M | 808:1408K/1152K 872:848K/672K 874:2630M/2628M 4644:14G/4972M
[01:23:22] tree 16.57 GB (peak 27.57)  free disk 28 GB  swap used 4096.00M | 808:1408K/1152K 872:848K/672K 874:2630M/2628M 4644:14G/5152M
[01:24:22] tree 16.57 GB (peak 27.57)  free disk 28 GB  swap used 4096.00M | 808:1408K/1152K 872:848K/672K 874:2630M/2628M 4644:14G/6542M
[01:25:23] tree 12.57 GB (peak 27.57)  free disk 29 GB  swap used 3072.00M | 808:1408K/1152K 872:848K/672K 874:2630M/2628M 4644:10G/3039M
[01:26:23] tree 11.59 GB (peak 27.57)  free disk 29 GB  swap used 3072.00M | 808:1408K/1152K 872:848K/672K 874:2630M/2628M 4644:9232M/2332M
[01:27:24] tree 11.81 GB (peak 27.57)  free disk 29 GB  swap used 3072.00M | 808:1408K/1152K 872:848K/672K 874:2630M/2628M 4644:9462M/2156M
[01:28:24] tree 12.16 GB (peak 27.57)  free disk 29 GB  swap used 3072.00M | 808:1408K/1152K 872:848K/672K 874:2630M/2628M 4644:9816M/2047M
[01:29:24] tree 12.57 GB (peak 27.57)  free disk 29 GB  swap used 3072.00M | 808:1408K/1152K 872:848K/672K 874:2630M/2628M 4644:10G/2149M
[01:30:25] tree 12.57 GB (peak 27.57)  free disk 29 GB  swap used 3072.00M | 808:1408K/1152K 872:848K/672K 874:2630M/2628M 4644:10G/2264M
[01:31:25] tree 12.57 GB (peak 27.57)  free disk 29 GB  swap used 3072.00M | 808:1408K/1152K 872:848K/672K 874:2630M/2628M 4644:10G/2359M
[01:32:26] tree 13.57 GB (peak 27.57)  free disk 29 GB  swap used 3072.00M | 808:1408K/1152K 872:848K/672K 874:2630M/2628M 4644:11G/2369M
[01:33:26] tree 13.57 GB (peak 27.57)  free disk 29 GB  swap used 3072.00M | 808:1408K/1152K 872:848K/672K 874:2630M/2628M 4644:11G/2688M
[01:34:27] tree 14.57 GB (peak 27.57)  free disk 29 GB  swap used 3072.00M | 808:1408K/1152K 872:848K/672K 874:2630M/2628M 4644:12G/3209M
[01:35:27] tree 14.57 GB (peak 27.57)  free disk 29 GB  swap used 3072.00M | 808:1408K/1152K 872:848K/672K 874:2630M/2628M 4644:12G/2994M
[01:36:27] tree 14.57 GB (peak 27.57)  free disk 29 GB  swap used 3072.00M | 808:1408K/1152K 872:848K/672K 874:2630M/2628M 4644:12G/2983M
[01:37:28] tree 14.57 GB (peak 27.57)  free disk 29 GB  swap used 3072.00M | 808:1408K/1152K 872:848K/672K 874:2630M/2628M 4644:12G/3158M
[01:38:28] tree 14.57 GB (peak 27.57)  free disk 29 GB  swap used 3072.00M | 808:1408K/1152K 872:848K/672K 874:2630M/2628M 4644:12G/3145M
[01:39:29] tree 14.57 GB (peak 27.57)  free disk 29 GB  swap used 3072.00M | 808:1408K/1152K 872:848K/672K 874:2630M/2628M 4644:12G/3284M
[01:40:29] tree 14.57 GB (peak 27.57)  free disk 29 GB  swap used 3072.00M | 808:1408K/1152K 872:848K/672K 874:2630M/2628M 4644:12G/3567M
[01:41:30] tree 14.57 GB (peak 27.57)  free disk 29 GB  swap used 3072.00M | 808:1408K/1152K 872:848K/672K 874:2630M/2628M 4644:12G/3500M
[01:42:30] tree 14.57 GB (peak 27.57)  free disk 29 GB  swap used 3072.00M | 808:1408K/1152K 872:848K/672K 874:2630M/2628M 4644:12G/3499M
[01:43:30] tree 14.57 GB (peak 27.57)  free disk 29 GB  swap used 3072.00M | 808:1408K/1152K 872:848K/672K 874:2630M/2628M 4644:12G/3415M
[01:44:31] tree 14.57 GB (peak 27.57)  free disk 29 GB  swap used 3072.00M | 808:1408K/1152K 872:848K/672K 874:2630M/2628M 4644:12G/3440M
[01:45:31] tree 14.57 GB (peak 27.57)  free disk 29 GB  swap used 3072.00M | 808:1408K/1152K 872:848K/672K 874:2630M/2628M 4644:12G/3641M
[01:46:32] tree 14.57 GB (peak 27.57)  free disk 29 GB  swap used 3072.00M | 808:1408K/1152K 872:848K/672K 874:2630M/2628M 4644:12G/3440M
[01:47:32] tree 14.57 GB (peak 27.57)  free disk 29 GB  swap used 3072.00M | 808:1408K/1152K 872:848K/672K 874:2630M/2628M 4644:12G/3427M
[01:48:33] tree 14.57 GB (peak 27.57)  free disk 29 GB  swap used 3072.00M | 808:1408K/1152K 872:848K/672K 874:2630M/2628M 4644:12G/4042M
[01:49:33] tree 14.57 GB (peak 27.57)  free disk 29 GB  swap used 3072.00M | 808:1408K/1152K 872:848K/672K 874:2630M/2628M 4644:12G/4352M
[01:50:34] tree 14.57 GB (peak 27.57)  free disk 29 GB  swap used 3072.00M | 808:1408K/1152K 872:848K/672K 874:2630M/2628M 4644:12G/4611M
[01:51:34] tree 14.57 GB (peak 27.57)  free disk 29 GB  swap used 3072.00M | 808:1408K/1152K 872:848K/672K 874:2630M/2628M 4644:12G/4576M
[01:52:34] tree 12.57 GB (peak 27.57)  free disk 29 GB  swap used 3072.00M | 808:1408K/1152K 872:848K/672K 874:2630M/2628M 4644:10G/3008M
[01:53:35] tree 12.57 GB (peak 27.57)  free disk 29 GB  swap used 3072.00M | 808:1408K/1152K 872:848K/672K 874:2630M/2628M 4644:10G/2870M
[01:54:35] tree 7.44 GB (peak 27.57)  free disk 29 GB  swap used 3072.00M | 808:1408K/1152K 872:848K/672K 874:2630M/2628M 4644:4990M/449M
[01:55:36] tree 7.55 GB (peak 27.57)  free disk 29 GB  swap used 3072.00M | 808:1408K/1152K 872:848K/672K 874:2630M/2628M 4644:5095M/391M
[01:56:36] tree 7.65 GB (peak 27.57)  free disk 29 GB  swap used 3072.00M | 808:1408K/1152K 872:848K/672K 874:2630M/2628M 4644:5204M/367M
[01:57:36] tree 7.67 GB (peak 27.57)  free disk 29 GB  swap used 3072.00M | 808:1408K/1152K 872:848K/672K 874:2630M/2628M 4644:5224M/340M
[01:58:37] tree 7.68 GB (peak 27.57)  free disk 29 GB  swap used 3072.00M | 808:1408K/1152K 872:848K/672K 874:2630M/2628M 4644:5227M/331M
[01:59:37] tree 6.54 GB (peak 27.57)  free disk 29 GB  swap used 3072.00M | 808:1408K/1152K 872:848K/672K 874:2630M/2628M 4644:4060M/253M
[02:00:37] tree 6.54 GB (peak 27.57)  free disk 29 GB  swap used 3072.00M | 808:1408K/1152K 872:848K/672K 874:2630M/2628M 4644:4064M/247M
[02:01:38] tree 6.55 GB (peak 27.57)  free disk 29 GB  swap used 3072.00M | 808:1408K/1152K 872:848K/672K 874:2630M/2628M 4644:4070M/243M
[02:02:38] tree 6.57 GB (peak 27.57)  free disk 29 GB  swap used 3072.00M | 808:1408K/1152K 872:848K/672K 874:2630M/2628M 4644:4095M/234M
[02:03:39] tree 6.58 GB (peak 27.57)  free disk 29 GB  swap used 3072.00M | 808:1408K/1152K 872:848K/672K 874:2630M/2628M 4644:4102M/228M
[02:04:39] tree 6.58 GB (peak 27.57)  free disk 29 GB  swap used 3072.00M | 808:1408K/1152K 872:848K/672K 874:2630M/2628M 4644:4105M/227M
[02:05:39] tree 6.58 GB (peak 27.57)  free disk 29 GB  swap used 3072.00M | 808:1408K/1152K 872:848K/672K 874:2630M/2628M 4644:4108M/225M
[02:06:40] tree 6.59 GB (peak 27.57)  free disk 29 GB  swap used 3072.00M | 808:1408K/1152K 872:848K/672K 874:2630M/2628M 4644:4112M/224M
[02:07:40] tree 6.59 GB (peak 27.57)  free disk 29 GB  swap used 3072.00M | 808:1408K/1152K 872:848K/672K 874:2630M/2628M 4644:4114M/224M
[02:08:40] tree 5.63 GB (peak 27.57)  free disk 29 GB  swap used 3072.00M | 808:1408K/1152K 872:848K/672K 874:5760M/2615M
[02:09:41] tree 5.63 GB (peak 27.57)  free disk 29 GB  swap used 3072.00M | 808:1408K/1152K 872:848K/672K 874:5760M/2615M
[02:10:41] tree 5.63 GB (peak 27.57)  free disk 29 GB  swap used 3072.00M | 808:1408K/1152K 872:848K/672K 874:5760M/2615M
[02:11:41] tree 5.63 GB (peak 27.57)  free disk 29 GB  swap used 3072.00M | 808:1408K/1152K 872:848K/672K 874:5760M/2615M
[02:12:42] tree 5.63 GB (peak 27.57)  free disk 29 GB  swap used 3072.00M | 808:1408K/1152K 872:848K/672K 874:5760M/2615M
[02:13:42] tree 5.63 GB (peak 27.57)  free disk 29 GB  swap used 3072.00M | 808:1408K/1152K 872:848K/672K 874:5760M/2615M
[02:14:42] tree 5.63 GB (peak 27.57)  free disk 29 GB  swap used 3072.00M | 808:1408K/1152K 872:848K/672K 874:5760M/2615M
[02:15:42] tree 5.63 GB (peak 27.57)  free disk 29 GB  swap used 3072.00M | 808:1408K/1152K 872:848K/672K 874:5760M/2615M
[02:16:43] tree 5.63 GB (peak 27.57)  free disk 29 GB  swap used 3072.00M | 808:1408K/1152K 872:848K/672K 874:5760M/2615M
[02:17:43] tree 5.63 GB (peak 27.57)  free disk 29 GB  swap used 3072.00M | 808:1408K/1152K 872:848K/672K 874:5760M/2615M
[02:18:43] tree 5.63 GB (peak 27.57)  free disk 29 GB  swap used 3072.00M | 808:1408K/1152K 872:848K/672K 874:5760M/2615M
[02:19:44] tree 5.63 GB (peak 27.57)  free disk 29 GB  swap used 3072.00M | 808:1408K/1152K 872:848K/672K 874:5760M/2615M
[02:20:44] tree 5.63 GB (peak 27.57)  free disk 29 GB  swap used 3072.00M | 808:1408K/1152K 872:848K/672K 874:5760M/2615M
[02:21:44] tree 5.63 GB (peak 27.57)  free disk 29 GB  swap used 3072.00M | 808:1408K/1152K 872:848K/672K 874:5760M/2615M
[02:22:45] tree 5.63 GB (peak 27.57)  free disk 29 GB  swap used 3072.00M | 808:1408K/1152K 872:848K/672K 874:5760M/2615M
[02:23:45] tree 5.63 GB (peak 27.57)  free disk 29 GB  swap used 3072.00M | 808:1408K/1152K 872:848K/672K 874:5760M/2615M
[02:24:45] tree 5.63 GB (peak 27.57)  free disk 29 GB  swap used 3072.00M | 808:1408K/1152K 872:848K/672K 874:5760M/2615M
[02:25:45] tree 5.63 GB (peak 27.57)  free disk 29 GB  swap used 3072.00M | 808:1408K/1152K 872:848K/672K 874:5760M/2615M
[02:26:46] tree 5.63 GB (peak 27.57)  free disk 29 GB  swap used 3072.00M | 808:1408K/1152K 872:848K/672K 874:5760M/2615M
[02:27:46] tree 5.63 GB (peak 27.57)  free disk 29 GB  swap used 3072.00M | 808:1408K/1152K 872:848K/672K 874:5760M/4552M
[02:28:47] tree 5.63 GB (peak 27.57)  free disk 29 GB  swap used 3072.00M | 808:1408K/1152K 872:848K/672K 874:5760M/4530M
[02:29:48] tree 5.63 GB (peak 27.57)  free disk 29 GB  swap used 3072.00M | 808:1408K/1152K 872:848K/672K 874:5760M/4509M
[02:30:48] tree 5.63 GB (peak 27.57)  free disk 29 GB  swap used 3072.00M | 808:1408K/1152K 872:848K/672K 874:5760M/4487M
[02:31:49] tree 5.63 GB (peak 27.57)  free disk 29 GB  swap used 3072.00M | 808:1408K/1152K 872:848K/672K 874:5760M/4465M
[02:32:50] tree 5.63 GB (peak 27.57)  free disk 29 GB  swap used 3072.00M | 808:1408K/1152K 872:848K/672K 874:5760M/4445M
[02:33:50] tree 5.63 GB (peak 27.57)  free disk 29 GB  swap used 3072.00M | 808:1408K/1152K 872:848K/672K 874:5760M/4423M
[02:34:51] tree 5.63 GB (peak 27.57)  free disk 29 GB  swap used 3072.00M | 808:1408K/1152K 872:848K/672K 874:5760M/4401M
[02:35:51] tree 5.63 GB (peak 27.57)  free disk 29 GB  swap used 3072.00M | 808:1408K/1152K 872:848K/672K 874:5760M/4380M
[02:36:52] tree 5.63 GB (peak 27.57)  free disk 29 GB  swap used 3072.00M | 808:1408K/1152K 872:848K/672K 874:5760M/4358M
[02:37:53] tree 5.63 GB (peak 27.57)  free disk 29 GB  swap used 3072.00M | 808:1408K/1152K 872:848K/672K 874:5760M/4336M
[02:38:53] tree 5.63 GB (peak 27.57)  free disk 29 GB  swap used 3072.00M | 808:1408K/1152K 872:848K/672K 874:5760M/4315M
[02:39:54] tree 5.63 GB (peak 27.57)  free disk 29 GB  swap used 3072.00M | 808:1408K/1152K 872:848K/672K 874:5760M/4293M
[02:40:54] tree 5.63 GB (peak 27.57)  free disk 29 GB  swap used 3072.00M | 808:1408K/1152K 872:848K/672K 874:5760M/4271M
[02:41:55] tree 5.63 GB (peak 27.57)  free disk 29 GB  swap used 3072.00M | 808:1408K/1152K 872:848K/672K 874:5760M/4249M
[02:42:56] tree 5.63 GB (peak 27.57)  free disk 29 GB  swap used 3072.00M | 808:1408K/1152K 872:848K/672K 874:5760M/4229M
[02:43:56] tree 5.63 GB (peak 27.57)  free disk 29 GB  swap used 3072.00M | 808:1408K/1152K 872:848K/672K 874:5760M/4207M
[02:44:57] tree 5.63 GB (peak 27.57)  free disk 29 GB  swap used 3072.00M | 808:1408K/1152K 872:848K/672K 874:5760M/4185M
[02:45:57] tree 5.63 GB (peak 27.57)  free disk 29 GB  swap used 3072.00M | 808:1408K/1152K 872:848K/672K 874:5760M/4163M
[02:46:58] tree 5.63 GB (peak 27.57)  free disk 29 GB  swap used 3072.00M | 808:1408K/1152K 872:848K/672K 874:5760M/4142M
[02:47:59] tree 5.63 GB (peak 27.57)  free disk 29 GB  swap used 3072.00M | 808:1408K/1152K 872:848K/672K 874:5760M/4120M
[02:48:59] tree 5.63 GB (peak 27.57)  free disk 29 GB  swap used 3072.00M | 808:1408K/1152K 872:848K/672K 874:5760M/4098M
[02:50:00] tree 5.63 GB (peak 27.57)  free disk 29 GB  swap used 3072.00M | 808:1408K/1152K 872:848K/672K 874:5760M/4076M
[02:51:01] tree 5.63 GB (peak 27.57)  free disk 29 GB  swap used 3072.00M | 808:1408K/1152K 872:848K/672K 874:5760M/4055M
[02:52:01] tree 5.63 GB (peak 27.57)  free disk 29 GB  swap used 3072.00M | 808:1408K/1152K 872:848K/672K 874:5760M/4033M
[02:53:02] tree 5.63 GB (peak 27.57)  free disk 29 GB  swap used 3072.00M | 808:1408K/1152K 872:848K/672K 874:5760M/4011M
[02:54:02] tree 5.63 GB (peak 27.57)  free disk 29 GB  swap used 3072.00M | 808:1408K/1152K 872:848K/672K 874:5760M/3991M
[02:55:03] tree 5.63 GB (peak 27.57)  free disk 29 GB  swap used 3072.00M | 808:1408K/1152K 872:848K/672K 874:5760M/3969M
[02:56:04] tree 5.63 GB (peak 27.57)  free disk 29 GB  swap used 3072.00M | 808:1408K/1152K 872:848K/672K 874:5760M/3947M
[02:57:04] tree 5.63 GB (peak 27.57)  free disk 29 GB  swap used 3072.00M | 808:1408K/1152K 872:848K/672K 874:5760M/3925M
[02:58:05] tree 5.63 GB (peak 27.57)  free disk 29 GB  swap used 3072.00M | 808:1408K/1152K 872:848K/672K 874:5760M/3904M
[02:59:06] tree 5.63 GB (peak 27.57)  free disk 29 GB  swap used 3072.00M | 808:1408K/1152K 872:848K/672K 874:5760M/3882M
[03:00:06] tree 5.63 GB (peak 27.57)  free disk 29 GB  swap used 3072.00M | 808:1408K/1152K 872:848K/672K 874:5760M/3860M
[03:01:07] tree 5.63 GB (peak 27.57)  free disk 29 GB  swap used 3072.00M | 808:1408K/1152K 872:848K/672K 874:5760M/3838M
[03:02:07] tree 5.63 GB (peak 27.57)  free disk 29 GB  swap used 3072.00M | 808:1408K/1152K 872:848K/672K 874:5760M/3817M
[03:03:08] tree 5.63 GB (peak 27.57)  free disk 29 GB  swap used 3072.00M | 808:1408K/1152K 872:848K/672K 874:5760M/3795M
[03:04:09] tree 5.63 GB (peak 27.57)  free disk 29 GB  swap used 3072.00M | 808:1408K/1152K 872:848K/672K 874:5760M/4547M
[03:05:09] tree 5.63 GB (peak 27.57)  free disk 29 GB  swap used 3072.00M | 808:1408K/1152K 872:848K/672K 874:5760M/4525M
[03:06:10] tree 5.63 GB (peak 27.57)  free disk 29 GB  swap used 3072.00M | 808:1408K/1152K 872:848K/672K 874:5760M/4503M
[03:07:10] tree 5.63 GB (peak 27.57)  free disk 29 GB  swap used 3072.00M | 808:1408K/1152K 872:848K/672K 874:5760M/4483M
[03:08:11] tree 5.63 GB (peak 27.57)  free disk 29 GB  swap used 3072.00M | 808:1408K/1152K 872:848K/672K 874:5760M/4461M
[Sat 03:09:11] root 808 exited; watchdog done. peak tree footprint 27.57 GB
