[Thu 18:37:41] watchdog up: root 756 (job2), kill if free disk < 5 GB, every 60s
[18:37:41] tree 0.00 GB (peak 0.00)  free disk 41 GB  swap used 0.00M | 756:1296K/0B
[18:38:41] tree 1.68 GB (peak 1.68)  free disk 42 GB  swap used 0.00M | 756:1424K/0B 821:896K/0B 823:1713M/0B
[18:39:41] tree 1.73 GB (peak 1.73)  free disk 42 GB  swap used 0.00M | 756:1424K/0B 821:896K/0B 823:1769M/0B
[18:40:42] tree 1.78 GB (peak 1.78)  free disk 42 GB  swap used 0.00M | 756:1424K/0B 821:896K/0B 823:1817M/0B
[18:41:42] tree 1.78 GB (peak 1.78)  free disk 42 GB  swap used 0.00M | 756:1424K/0B 821:896K/0B 823:1817M/0B
[18:42:42] tree 1.78 GB (peak 1.78)  free disk 42 GB  swap used 0.00M | 756:1424K/0B 821:896K/0B 823:1817M/0B
[18:43:42] tree 1.78 GB (peak 1.78)  free disk 42 GB  swap used 0.00M | 756:1424K/0B 821:896K/0B 823:1817M/0B
[18:44:43] tree 1.78 GB (peak 1.78)  free disk 42 GB  swap used 0.00M | 756:1424K/0B 821:896K/0B 823:1817M/0B
[18:45:43] tree 1.78 GB (peak 1.78)  free disk 42 GB  swap used 0.00M | 756:1424K/0B 821:896K/0B 823:1817M/0B
[18:46:43] tree 11.00 GB (peak 11.00)  free disk 42 GB  swap used 0.00M | 756:1424K/1136K 821:896K/672K 823:11G/4415M
[18:47:44] tree 16.00 GB (peak 16.00)  free disk 41 GB  swap used 0.00M | 756:1424K/1168K 821:896K/704K 823:16G/11G
[18:48:44] tree 16.00 GB (peak 16.00)  free disk 41 GB  swap used 0.00M | 756:1424K/1168K 821:896K/704K 823:16G/9735M
[18:49:44] tree 9.24 GB (peak 16.00)  free disk 41 GB  swap used 0.00M | 756:1424K/1168K 821:896K/704K 823:9455M/7209M
[18:50:45] tree 9.29 GB (peak 16.00)  free disk 41 GB  swap used 0.00M | 756:1424K/1168K 821:896K/704K 823:9509M/7209M
[18:51:45] tree 9.35 GB (peak 16.00)  free disk 41 GB  swap used 0.00M | 756:1424K/1168K 821:896K/704K 823:9571M/7209M
[18:52:45] tree 9.38 GB (peak 16.00)  free disk 41 GB  swap used 0.00M | 756:1424K/1168K 821:896K/704K 823:9604M/7209M
[18:53:46] tree 9.41 GB (peak 16.00)  free disk 38 GB  swap used 0.00M | 756:1424K/1168K 821:896K/704K 823:9635M/7247M
[18:54:46] tree 9.43 GB (peak 16.00)  free disk 41 GB  swap used 0.00M | 756:1424K/1168K 821:896K/704K 823:9656M/7289M
[18:55:46] tree 9.48 GB (peak 16.00)  free disk 41 GB  swap used 0.00M | 756:1424K/1168K 821:896K/704K 823:9702M/7289M
[18:56:47] tree 9.50 GB (peak 16.00)  free disk 40 GB  swap used 0.00M | 756:1424K/1168K 821:896K/704K 823:9728M/7289M
[18:57:47] tree 9.56 GB (peak 16.00)  free disk 40 GB  swap used 0.00M | 756:1424K/1168K 821:896K/704K 823:9785M/7288M
[18:58:47] tree 9.61 GB (peak 16.00)  free disk 40 GB  swap used 0.00M | 756:1424K/1168K 821:896K/704K 823:9837M/7288M
[18:59:48] tree 9.63 GB (peak 16.00)  free disk 40 GB  swap used 0.00M | 756:1424K/1168K 821:896K/704K 823:9854M/7288M
[19:00:48] tree 9.64 GB (peak 16.00)  free disk 40 GB  swap used 0.00M | 756:1424K/1168K 821:896K/704K 823:9872M/7288M
[19:01:48] tree 9.65 GB (peak 16.00)  free disk 40 GB  swap used 0.00M | 756:1424K/1168K 821:896K/704K 823:9883M/7288M
[19:02:49] tree 9.66 GB (peak 16.00)  free disk 40 GB  swap used 0.00M | 756:1424K/1168K 821:896K/704K 823:9892M/7288M
[19:03:49] tree 9.67 GB (peak 16.00)  free disk 39 GB  swap used 0.00M | 756:1424K/1168K 821:896K/704K 823:9898M/7288M
[19:04:49] tree 9.67 GB (peak 16.00)  free disk 38 GB  swap used 0.00M | 756:1424K/1168K 821:896K/704K 823:9904M/7367M
[19:05:50] tree 9.68 GB (peak 16.00)  free disk 38 GB  swap used 0.00M | 756:1424K/1168K 821:896K/704K 823:9915M/7367M
[19:06:50] tree 9.70 GB (peak 16.00)  free disk 40 GB  swap used 0.00M | 756:1424K/1168K 821:896K/704K 823:9927M/7467M
[19:07:50] tree 9.70 GB (peak 16.00)  free disk 40 GB  swap used 0.00M | 756:1424K/1168K 821:896K/704K 823:9933M/7467M
[19:08:51] tree 9.71 GB (peak 16.00)  free disk 40 GB  swap used 0.00M | 756:1424K/1168K 821:896K/704K 823:9943M/7467M
[19:09:51] tree 9.72 GB (peak 16.00)  free disk 40 GB  swap used 0.00M | 756:1424K/1168K 821:896K/704K 823:9947M/7467M
[19:10:51] tree 9.72 GB (peak 16.00)  free disk 40 GB  swap used 0.00M | 756:1424K/1168K 821:896K/704K 823:9955M/7619M
[19:11:52] tree 9.73 GB (peak 16.00)  free disk 40 GB  swap used 0.00M | 756:1424K/1168K 821:896K/704K 823:9961M/7619M
[19:12:52] tree 9.74 GB (peak 16.00)  free disk 40 GB  swap used 0.00M | 756:1424K/1168K 821:896K/704K 823:9970M/7619M
[19:13:52] tree 9.74 GB (peak 16.00)  free disk 40 GB  swap used 0.00M | 756:1424K/1168K 821:896K/704K 823:9972M/7620M
[19:14:53] tree 9.74 GB (peak 16.00)  free disk 40 GB  swap used 0.00M | 756:1424K/1168K 821:896K/704K 823:9974M/7620M
[19:15:53] tree 10.44 GB (peak 16.00)  free disk 32 GB  swap used 1024.00M | 756:1424K/1168K 821:896K/704K 823:3708M/3705M 4220:6985M/2057M
[19:16:54] tree 12.03 GB (peak 16.00)  free disk 32 GB  swap used 1024.00M | 756:1424K/1168K 821:896K/704K 823:3708M/3705M 4220:8607M/1921M
[19:17:54] tree 12.79 GB (peak 16.00)  free disk 32 GB  swap used 1024.00M | 756:1424K/1168K 821:896K/704K 823:3708M/3705M 4220:9385M/2842M
[19:18:55] tree 13.62 GB (peak 16.00)  free disk 32 GB  swap used 1024.00M | 756:1424K/1168K 821:896K/704K 823:3708M/3705M 4220:10G/5723M
[19:19:55] tree 14.62 GB (peak 16.00)  free disk 32 GB  swap used 1024.00M | 756:1424K/1168K 821:896K/704K 823:3708M/3705M 4220:11G/5914M
[19:20:56] tree 14.62 GB (peak 16.00)  free disk 32 GB  swap used 1024.00M | 756:1424K/1168K 821:896K/704K 823:3708M/3705M 4220:11G/6145M
[19:21:56] tree 14.62 GB (peak 16.00)  free disk 32 GB  swap used 1024.00M | 756:1424K/1168K 821:896K/704K 823:3708M/3705M 4220:11G/6466M
[19:22:57] tree 13.61 GB (peak 16.00)  free disk 32 GB  swap used 1024.00M | 756:1424K/1168K 821:896K/704K 823:2666M/2664M 4220:11G/6333M
[19:23:57] tree 14.61 GB (peak 16.00)  free disk 32 GB  swap used 1024.00M | 756:1424K/1168K 821:896K/704K 823:2666M/2664M 4220:12G/6455M
[19:24:58] tree 14.61 GB (peak 16.00)  free disk 32 GB  swap used 1024.00M | 756:1424K/1168K 821:896K/704K 823:2666M/2664M 4220:12G/6933M
[19:25:58] tree 15.61 GB (peak 16.00)  free disk 32 GB  swap used 1024.00M | 756:1424K/1168K 821:896K/704K 823:2666M/2664M 4220:13G/7926M
[19:26:59] tree 14.61 GB (peak 16.00)  free disk 32 GB  swap used 1024.00M | 756:1424K/1168K 821:896K/704K 823:2666M/2664M 4220:12G/7894M
[19:27:59] tree 15.61 GB (peak 16.00)  free disk 32 GB  swap used 1024.00M | 756:1424K/1168K 821:896K/704K 823:2666M/2664M 4220:13G/9734M
[19:29:00] tree 16.61 GB (peak 16.61)  free disk 32 GB  swap used 1024.00M | 756:1424K/1168K 821:896K/704K 823:2666M/2664M 4220:14G/9956M
[19:30:00] tree 16.61 GB (peak 16.61)  free disk 32 GB  swap used 1024.00M | 756:1424K/1168K 821:896K/704K 823:2666M/2664M 4220:14G/10G
[19:31:01] tree 16.15 GB (peak 16.61)  free disk 32 GB  swap used 1024.00M | 756:1424K/1168K 821:896K/704K 823:2202M/2200M 4220:14G/11G
[19:32:01] tree 17.15 GB (peak 17.15)  free disk 31 GB  swap used 2048.00M | 756:1424K/1168K 821:896K/704K 823:2202M/2200M 4220:15G/11G
[19:33:01] tree 17.15 GB (peak 17.15)  free disk 31 GB  swap used 2048.00M | 756:1424K/1168K 821:896K/704K 823:2202M/2200M 4220:15G/11G
[19:34:02] tree 17.15 GB (peak 17.15)  free disk 31 GB  swap used 2048.00M | 756:1424K/1168K 821:896K/704K 823:2202M/2200M 4220:15G/11G
[19:35:02] tree 17.15 GB (peak 17.15)  free disk 31 GB  swap used 2048.00M | 756:1424K/1168K 821:896K/704K 823:2202M/2200M 4220:15G/12G
[19:36:03] tree 18.15 GB (peak 18.15)  free disk 31 GB  swap used 2048.00M | 756:1424K/1168K 821:896K/704K 823:2202M/2200M 4220:16G/12G
[19:37:03] tree 18.15 GB (peak 18.15)  free disk 31 GB  swap used 2048.00M | 756:1424K/1168K 821:896K/704K 823:2202M/2200M 4220:16G/12G
[19:38:04] tree 18.15 GB (peak 18.15)  free disk 31 GB  swap used 2048.00M | 756:1424K/1168K 821:896K/704K 823:2202M/2200M 4220:16G/12G
[19:39:04] tree 18.15 GB (peak 18.15)  free disk 30 GB  swap used 3072.00M | 756:1424K/1168K 821:896K/704K 823:2202M/2200M 4220:16G/12G
[19:40:05] tree 18.15 GB (peak 18.15)  free disk 30 GB  swap used 3072.00M | 756:1424K/1168K 821:896K/704K 823:2202M/2200M 4220:16G/12G
[19:41:05] tree 18.15 GB (peak 18.15)  free disk 30 GB  swap used 3072.00M | 756:1424K/1168K 821:896K/704K 823:2202M/2200M 4220:16G/13G
[19:42:06] tree 19.15 GB (peak 19.15)  free disk 30 GB  swap used 3072.00M | 756:1424K/1168K 821:896K/704K 823:2202M/2200M 4220:17G/13G
[19:43:06] tree 19.15 GB (peak 19.15)  free disk 30 GB  swap used 3072.00M | 756:1424K/1168K 821:896K/704K 823:2202M/2200M 4220:17G/13G
[19:44:07] tree 19.15 GB (peak 19.15)  free disk 30 GB  swap used 3072.00M | 756:1424K/1168K 821:896K/704K 823:2202M/2200M 4220:17G/13G
[19:45:07] tree 19.15 GB (peak 19.15)  free disk 30 GB  swap used 3072.00M | 756:1424K/1168K 821:896K/704K 823:2202M/2200M 4220:17G/13G
[19:46:08] tree 20.15 GB (peak 20.15)  free disk 29 GB  swap used 4096.00M | 756:1424K/1168K 821:896K/720K 823:2202M/2201M 4220:18G/14G
[19:47:08] tree 20.15 GB (peak 20.15)  free disk 29 GB  swap used 4096.00M | 756:1424K/1184K 821:896K/720K 823:2202M/2201M 4220:18G/13G
[19:48:09] tree 20.15 GB (peak 20.15)  free disk 29 GB  swap used 4096.00M | 756:1424K/1168K 821:896K/704K 823:2202M/2200M 4220:18G/14G
[19:49:10] tree 20.15 GB (peak 20.15)  free disk 29 GB  swap used 4096.00M | 756:1424K/1168K 821:896K/704K 823:2202M/2200M 4220:18G/14G
[19:50:10] tree 20.15 GB (peak 20.15)  free disk 29 GB  swap used 4096.00M | 756:1424K/1168K 821:896K/704K 823:2202M/2200M 4220:18G/14G
[19:51:11] tree 21.15 GB (peak 21.15)  free disk 29 GB  swap used 4096.00M | 756:1424K/1168K 821:896K/704K 823:2202M/2200M 4220:19G/14G
[19:52:11] tree 21.15 GB (peak 21.15)  free disk 29 GB  swap used 4096.00M | 756:1424K/1168K 821:896K/704K 823:2202M/2201M 4220:19G/14G
[19:53:12] tree 21.15 GB (peak 21.15)  free disk 29 GB  swap used 4096.00M | 756:1424K/1168K 821:896K/704K 823:2202M/2200M 4220:19G/15G
[19:54:12] tree 21.15 GB (peak 21.15)  free disk 29 GB  swap used 4096.00M | 756:1424K/1168K 821:896K/720K 823:2202M/2201M 4220:19G/15G
[19:55:13] tree 21.15 GB (peak 21.15)  free disk 28 GB  swap used 5120.00M | 756:1424K/1168K 821:896K/704K 823:2202M/2200M 4220:19G/14G
[19:56:13] tree 21.15 GB (peak 21.15)  free disk 28 GB  swap used 5120.00M | 756:1424K/1168K 821:896K/704K 823:2202M/2200M 4220:19G/15G
[19:57:14] tree 21.15 GB (peak 21.15)  free disk 28 GB  swap used 5120.00M | 756:1424K/1168K 821:896K/704K 823:2202M/2200M 4220:19G/15G
[19:58:14] tree 21.15 GB (peak 21.15)  free disk 28 GB  swap used 5120.00M | 756:1424K/1168K 821:896K/704K 823:2202M/2200M 4220:19G/15G
[19:59:14] tree 21.15 GB (peak 21.15)  free disk 28 GB  swap used 5120.00M | 756:1424K/1184K 821:896K/720K 823:2202M/2201M 4220:19G/15G
[20:00:15] tree 21.15 GB (peak 21.15)  free disk 28 GB  swap used 5120.00M | 756:1424K/1168K 821:896K/704K 823:2202M/2200M 4220:19G/15G
[20:01:15] tree 22.15 GB (peak 22.15)  free disk 28 GB  swap used 5120.00M | 756:1424K/1184K 821:896K/720K 823:2202M/2201M 4220:20G/15G
[20:02:16] tree 22.15 GB (peak 22.15)  free disk 28 GB  swap used 5120.00M | 756:1424K/1168K 821:896K/704K 823:2202M/2200M 4220:20G/15G
[20:03:16] tree 22.15 GB (peak 22.15)  free disk 28 GB  swap used 5120.00M | 756:1424K/1184K 821:896K/720K 823:2202M/2201M 4220:20G/15G
[20:04:17] tree 22.15 GB (peak 22.15)  free disk 28 GB  swap used 5120.00M | 756:1424K/1184K 821:896K/720K 823:2202M/2200M 4220:20G/15G
[20:05:17] tree 22.15 GB (peak 22.15)  free disk 28 GB  swap used 5120.00M | 756:1424K/1168K 821:896K/704K 823:2202M/2200M 4220:20G/15G
[20:06:18] tree 22.15 GB (peak 22.15)  free disk 28 GB  swap used 5120.00M | 756:1424K/1184K 821:896K/704K 823:2202M/2200M 4220:20G/15G
[20:07:18] tree 22.15 GB (peak 22.15)  free disk 28 GB  swap used 5120.00M | 756:1424K/1168K 821:896K/704K 823:2202M/2200M 4220:20G/15G
[20:08:19] tree 22.15 GB (peak 22.15)  free disk 28 GB  swap used 5120.00M | 756:1424K/1184K 821:896K/720K 823:2202M/2201M 4220:20G/16G
[20:09:20] tree 22.15 GB (peak 22.15)  free disk 28 GB  swap used 5120.00M | 756:1424K/1168K 821:896K/720K 823:2202M/2201M 4220:20G/16G
[20:10:20] tree 22.15 GB (peak 22.15)  free disk 28 GB  swap used 5120.00M | 756:1424K/1168K 821:896K/704K 823:2202M/2200M 4220:20G/15G
[20:11:21] tree 22.15 GB (peak 22.15)  free disk 28 GB  swap used 5120.00M | 756:1424K/1168K 821:896K/720K 823:2202M/2201M 4220:20G/16G
[20:12:21] tree 22.15 GB (peak 22.15)  free disk 28 GB  swap used 5120.00M | 756:1424K/1168K 821:896K/704K 823:2202M/2200M 4220:20G/15G
[20:13:22] tree 22.15 GB (peak 22.15)  free disk 28 GB  swap used 5120.00M | 756:1424K/1168K 821:896K/704K 823:2202M/2200M 4220:20G/16G
[20:14:22] tree 22.15 GB (peak 22.15)  free disk 28 GB  swap used 5120.00M | 756:1424K/1168K 821:896K/720K 823:2202M/2200M 4220:20G/15G
[20:15:23] tree 22.15 GB (peak 22.15)  free disk 28 GB  swap used 5120.00M | 756:1424K/1168K 821:896K/704K 823:2202M/2200M 4220:20G/16G
[20:16:23] tree 22.15 GB (peak 22.15)  free disk 28 GB  swap used 5120.00M | 756:1424K/1168K 821:896K/704K 823:2202M/2200M 4220:20G/16G
[20:17:24] tree 22.15 GB (peak 22.15)  free disk 28 GB  swap used 5120.00M | 756:1424K/1168K 821:896K/704K 823:2202M/2200M 4220:20G/16G
[20:18:24] tree 22.15 GB (peak 22.15)  free disk 28 GB  swap used 5120.00M | 756:1424K/1168K 821:896K/704K 823:2202M/2200M 4220:20G/15G
[20:19:25] tree 22.15 GB (peak 22.15)  free disk 28 GB  swap used 5120.00M | 756:1424K/1168K 821:896K/704K 823:2202M/2200M 4220:20G/15G
[20:20:25] tree 22.15 GB (peak 22.15)  free disk 28 GB  swap used 5120.00M | 756:1424K/1168K 821:896K/704K 823:2202M/2200M 4220:20G/15G
[20:21:26] tree 22.15 GB (peak 22.15)  free disk 28 GB  swap used 5120.00M | 756:1424K/1168K 821:896K/704K 823:2202M/2200M 4220:20G/15G
[20:22:26] tree 22.15 GB (peak 22.15)  free disk 28 GB  swap used 5120.00M | 756:1424K/1168K 821:896K/704K 823:2202M/2200M 4220:20G/15G
[20:23:26] tree 22.15 GB (peak 22.15)  free disk 28 GB  swap used 5120.00M | 756:1424K/1168K 821:896K/704K 823:2202M/2200M 4220:20G/15G
[20:24:27] tree 22.15 GB (peak 22.15)  free disk 28 GB  swap used 5120.00M | 756:1424K/1168K 821:896K/704K 823:2202M/2200M 4220:20G/15G
[20:25:27] tree 22.15 GB (peak 22.15)  free disk 28 GB  swap used 5120.00M | 756:1424K/1168K 821:896K/704K 823:2202M/2200M 4220:20G/15G
[20:26:28] tree 22.15 GB (peak 22.15)  free disk 28 GB  swap used 5120.00M | 756:1424K/1168K 821:896K/704K 823:2202M/2200M 4220:20G/16G
[20:27:28] tree 22.15 GB (peak 22.15)  free disk 28 GB  swap used 5120.00M | 756:1424K/1168K 821:896K/704K 823:2202M/2200M 4220:20G/16G
[20:28:29] tree 22.15 GB (peak 22.15)  free disk 28 GB  swap used 5120.00M | 756:1424K/1168K 821:896K/704K 823:2202M/2200M 4220:20G/16G
[20:29:29] tree 22.15 GB (peak 22.15)  free disk 28 GB  swap used 5120.00M | 756:1424K/1168K 821:896K/704K 823:2202M/2200M 4220:20G/15G
[20:30:30] tree 22.15 GB (peak 22.15)  free disk 28 GB  swap used 5120.00M | 756:1424K/1168K 821:896K/704K 823:2202M/2200M 4220:20G/15G
[20:31:30] tree 22.15 GB (peak 22.15)  free disk 28 GB  swap used 5120.00M | 756:1424K/1184K 821:896K/720K 823:2202M/2201M 4220:20G/16G
[20:32:30] tree 22.15 GB (peak 22.15)  free disk 28 GB  swap used 5120.00M | 756:1424K/1184K 821:896K/720K 823:2202M/2201M 4220:20G/16G
[20:33:31] tree 22.15 GB (peak 22.15)  free disk 28 GB  swap used 5120.00M | 756:1424K/1168K 821:896K/704K 823:2202M/2200M 4220:20G/16G
[20:34:31] tree 22.15 GB (peak 22.15)  free disk 28 GB  swap used 5120.00M | 756:1424K/1168K 821:896K/704K 823:2202M/2200M 4220:20G/16G
[20:35:32] tree 22.15 GB (peak 22.15)  free disk 28 GB  swap used 5120.00M | 756:1424K/1184K 821:896K/720K 823:2202M/2200M 4220:20G/16G
[20:36:32] tree 22.15 GB (peak 22.15)  free disk 28 GB  swap used 5120.00M | 756:1424K/1184K 821:896K/704K 823:2202M/2200M 4220:20G/16G
[20:37:33] tree 22.15 GB (peak 22.15)  free disk 28 GB  swap used 5120.00M | 756:1424K/1184K 821:896K/704K 823:2202M/2200M 4220:20G/16G
[20:38:33] tree 22.15 GB (peak 22.15)  free disk 28 GB  swap used 5120.00M | 756:1424K/1168K 821:896K/704K 823:2202M/2200M 4220:20G/16G
[20:39:34] tree 22.15 GB (peak 22.15)  free disk 28 GB  swap used 5120.00M | 756:1424K/1168K 821:896K/704K 823:2202M/2200M 4220:20G/15G
[20:40:34] tree 22.15 GB (peak 22.15)  free disk 28 GB  swap used 5120.00M | 756:1424K/1168K 821:896K/704K 823:2202M/2200M 4220:20G/15G
[20:41:35] tree 22.15 GB (peak 22.15)  free disk 28 GB  swap used 5120.00M | 756:1424K/1168K 821:896K/704K 823:2202M/2200M 4220:20G/15G
[20:42:35] tree 22.15 GB (peak 22.15)  free disk 28 GB  swap used 5120.00M | 756:1424K/1168K 821:896K/720K 823:2202M/2201M 4220:20G/16G
[20:43:35] tree 22.15 GB (peak 22.15)  free disk 28 GB  swap used 5120.00M | 756:1424K/1168K 821:896K/704K 823:2202M/2200M 4220:20G/16G
[20:44:36] tree 22.15 GB (peak 22.15)  free disk 28 GB  swap used 5120.00M | 756:1424K/1168K 821:896K/704K 823:2202M/2200M 4220:20G/16G
[20:45:36] tree 22.15 GB (peak 22.15)  free disk 28 GB  swap used 5120.00M | 756:1424K/1168K 821:896K/704K 823:2202M/2201M 4220:20G/16G
[20:46:37] tree 22.15 GB (peak 22.15)  free disk 28 GB  swap used 5120.00M | 756:1424K/1168K 821:896K/720K 823:2202M/2201M 4220:20G/16G
[20:47:37] tree 22.15 GB (peak 22.15)  free disk 28 GB  swap used 5120.00M | 756:1424K/1184K 821:896K/720K 823:2202M/2201M 4220:20G/15G
[20:48:38] tree 22.15 GB (peak 22.15)  free disk 28 GB  swap used 5120.00M | 756:1424K/1168K 821:896K/704K 823:2202M/2200M 4220:20G/16G
[20:49:38] tree 22.15 GB (peak 22.15)  free disk 28 GB  swap used 5120.00M | 756:1424K/1184K 821:896K/720K 823:2202M/2201M 4220:20G/16G
[20:50:39] tree 22.15 GB (peak 22.15)  free disk 28 GB  swap used 5120.00M | 756:1424K/1168K 821:896K/704K 823:2202M/2200M 4220:20G/16G
[20:51:39] tree 22.15 GB (peak 22.15)  free disk 28 GB  swap used 5120.00M | 756:1424K/1168K 821:896K/704K 823:2202M/2200M 4220:20G/15G
[20:52:40] tree 22.15 GB (peak 22.15)  free disk 28 GB  swap used 5120.00M | 756:1424K/1168K 821:896K/704K 823:2202M/2200M 4220:20G/15G
[20:53:40] tree 22.15 GB (peak 22.15)  free disk 28 GB  swap used 5120.00M | 756:1424K/1168K 821:896K/704K 823:2202M/2200M 4220:20G/15G
[20:54:41] tree 22.15 GB (peak 22.15)  free disk 27 GB  swap used 6144.00M | 756:1424K/1168K 821:896K/704K 823:2202M/2200M 4220:20G/15G
[20:55:41] tree 22.15 GB (peak 22.15)  free disk 27 GB  swap used 6144.00M | 756:1424K/1168K 821:896K/704K 823:2202M/2200M 4220:20G/16G
[20:56:41] tree 22.15 GB (peak 22.15)  free disk 27 GB  swap used 6144.00M | 756:1424K/1168K 821:896K/704K 823:2202M/2200M 4220:20G/15G
[20:57:42] tree 22.15 GB (peak 22.15)  free disk 27 GB  swap used 6144.00M | 756:1424K/1184K 821:896K/720K 823:2202M/2201M 4220:20G/16G
[20:58:42] tree 22.15 GB (peak 22.15)  free disk 27 GB  swap used 6144.00M | 756:1424K/1168K 821:896K/704K 823:2202M/2200M 4220:20G/16G
[20:59:43] tree 22.15 GB (peak 22.15)  free disk 27 GB  swap used 6144.00M | 756:1424K/1168K 821:896K/704K 823:2202M/2200M 4220:20G/16G
[21:00:43] tree 22.15 GB (peak 22.15)  free disk 27 GB  swap used 6144.00M | 756:1424K/1168K 821:896K/704K 823:2202M/2200M 4220:20G/16G
[21:01:44] tree 22.15 GB (peak 22.15)  free disk 27 GB  swap used 6144.00M | 756:1424K/1168K 821:896K/704K 823:2202M/2200M 4220:20G/16G
[21:02:44] tree 22.15 GB (peak 22.15)  free disk 27 GB  swap used 6144.00M | 756:1424K/1168K 821:896K/720K 823:2202M/2201M 4220:20G/16G
[21:03:44] tree 22.15 GB (peak 22.15)  free disk 27 GB  swap used 6144.00M | 756:1424K/1168K 821:896K/704K 823:2202M/2200M 4220:20G/16G
[21:04:45] tree 22.15 GB (peak 22.15)  free disk 27 GB  swap used 6144.00M | 756:1424K/1168K 821:896K/704K 823:2202M/2200M 4220:20G/16G
[21:05:45] tree 22.15 GB (peak 22.15)  free disk 27 GB  swap used 6144.00M | 756:1424K/1168K 821:896K/704K 823:2202M/2200M 4220:20G/16G
[21:06:46] tree 23.15 GB (peak 23.15)  free disk 27 GB  swap used 6144.00M | 756:1424K/1168K 821:896K/704K 823:2202M/2200M 4220:21G/16G
[21:07:46] tree 23.15 GB (peak 23.15)  free disk 27 GB  swap used 6144.00M | 756:1424K/1184K 821:896K/720K 823:2202M/2201M 4220:21G/17G
[21:08:47] tree 23.15 GB (peak 23.15)  free disk 27 GB  swap used 6144.00M | 756:1424K/1168K 821:896K/704K 823:2202M/2200M 4220:21G/17G
[21:09:47] tree 23.15 GB (peak 23.15)  free disk 27 GB  swap used 6144.00M | 756:1424K/1168K 821:896K/704K 823:2202M/2200M 4220:21G/17G
[21:10:47] tree 23.15 GB (peak 23.15)  free disk 27 GB  swap used 6144.00M | 756:1424K/1168K 821:896K/704K 823:2202M/2200M 4220:21G/17G
[21:11:48] tree 22.15 GB (peak 23.15)  free disk 27 GB  swap used 6144.00M | 756:1424K/1168K 821:896K/704K 823:2202M/2200M 4220:20G/15G
[21:12:48] tree 23.15 GB (peak 23.15)  free disk 27 GB  swap used 6144.00M | 756:1424K/1168K 821:896K/704K 823:2202M/2200M 4220:21G/16G
[21:13:49] tree 23.15 GB (peak 23.15)  free disk 27 GB  swap used 6144.00M | 756:1424K/1168K 821:896K/704K 823:2202M/2200M 4220:21G/16G
[21:14:49] tree 23.15 GB (peak 23.15)  free disk 27 GB  swap used 6144.00M | 756:1424K/1168K 821:896K/704K 823:2202M/2200M 4220:21G/17G
[21:15:49] tree 23.15 GB (peak 23.15)  free disk 27 GB  swap used 6144.00M | 756:1424K/1168K 821:896K/704K 823:2202M/2201M 4220:21G/17G
[21:16:50] tree 23.15 GB (peak 23.15)  free disk 27 GB  swap used 6144.00M | 756:1424K/1168K 821:896K/704K 823:2202M/2200M 4220:21G/17G
[21:17:50] tree 23.15 GB (peak 23.15)  free disk 27 GB  swap used 6144.00M | 756:1424K/1168K 821:896K/704K 823:2202M/2200M 4220:21G/17G
[21:18:51] tree 23.15 GB (peak 23.15)  free disk 27 GB  swap used 6144.00M | 756:1424K/1184K 821:896K/720K 823:2202M/2201M 4220:21G/17G
[21:19:51] tree 23.15 GB (peak 23.15)  free disk 27 GB  swap used 6144.00M | 756:1424K/1168K 821:896K/704K 823:2202M/2200M 4220:21G/17G
[21:20:52] tree 23.15 GB (peak 23.15)  free disk 27 GB  swap used 6144.00M | 756:1424K/1168K 821:896K/704K 823:2202M/2200M 4220:21G/17G
[21:21:52] tree 23.15 GB (peak 23.15)  free disk 27 GB  swap used 6144.00M | 756:1424K/1168K 821:896K/704K 823:2202M/2200M 4220:21G/17G
[21:22:52] tree 23.15 GB (peak 23.15)  free disk 27 GB  swap used 6144.00M | 756:1424K/1168K 821:896K/704K 823:2202M/2200M 4220:21G/17G
[21:23:53] tree 23.15 GB (peak 23.15)  free disk 27 GB  swap used 6144.00M | 756:1424K/1168K 821:896K/704K 823:2202M/2200M 4220:21G/17G
[21:24:53] tree 23.15 GB (peak 23.15)  free disk 27 GB  swap used 6144.00M | 756:1424K/1168K 821:896K/704K 823:2202M/2200M 4220:21G/17G
[21:25:54] tree 24.15 GB (peak 24.15)  free disk 27 GB  swap used 6144.00M | 756:1424K/1168K 821:896K/704K 823:2202M/2200M 4220:22G/17G
[21:26:54] tree 24.15 GB (peak 24.15)  free disk 27 GB  swap used 6144.00M | 756:1424K/1168K 821:896K/704K 823:2202M/2200M 4220:22G/17G
[21:27:54] tree 23.15 GB (peak 24.15)  free disk 27 GB  swap used 6144.00M | 756:1424K/1168K 821:896K/704K 823:2202M/2200M 4220:21G/16G
[21:28:55] tree 23.15 GB (peak 24.15)  free disk 27 GB  swap used 6144.00M | 756:1424K/1168K 821:896K/704K 823:2202M/2200M 4220:21G/15G
[21:29:55] tree 23.15 GB (peak 24.15)  free disk 27 GB  swap used 6144.00M | 756:1424K/1168K 821:896K/704K 823:2202M/2200M 4220:21G/15G
[21:30:55] tree 23.15 GB (peak 24.15)  free disk 27 GB  swap used 6144.00M | 756:1424K/1168K 821:896K/704K 823:2202M/2200M 4220:21G/15G
[21:31:56] tree 23.15 GB (peak 24.15)  free disk 27 GB  swap used 6144.00M | 756:1424K/1168K 821:896K/704K 823:2202M/2200M 4220:21G/15G
[21:32:56] tree 23.15 GB (peak 24.15)  free disk 27 GB  swap used 6144.00M | 756:1424K/1168K 821:896K/704K 823:2202M/2200M 4220:21G/16G
[21:33:57] tree 17.15 GB (peak 24.15)  free disk 28 GB  swap used 5120.00M | 756:1424K/1168K 821:896K/704K 823:2202M/2200M 4220:15G/10G
[21:34:57] tree 18.15 GB (peak 24.15)  free disk 28 GB  swap used 5120.00M | 756:1424K/1168K 821:896K/704K 823:2202M/2200M 4220:16G/9611M
[21:35:57] tree 18.15 GB (peak 24.15)  free disk 28 GB  swap used 5120.00M | 756:1424K/1168K 821:896K/704K 823:2202M/2200M 4220:16G/8836M
[21:36:58] tree 18.15 GB (peak 24.15)  free disk 28 GB  swap used 5120.00M | 756:1424K/1168K 821:896K/704K 823:2202M/2200M 4220:16G/9038M
[21:37:58] tree 18.15 GB (peak 24.15)  free disk 28 GB  swap used 5120.00M | 756:1424K/1168K 821:896K/704K 823:2202M/2200M 4220:16G/11G
[21:38:59] tree 19.15 GB (peak 24.15)  free disk 28 GB  swap used 5120.00M | 756:1424K/1168K 821:896K/704K 823:2202M/2200M 4220:17G/12G
[21:39:59] tree 19.15 GB (peak 24.15)  free disk 28 GB  swap used 5120.00M | 756:1424K/1168K 821:896K/704K 823:2202M/2200M 4220:17G/12G
[21:40:59] tree 19.15 GB (peak 24.15)  free disk 28 GB  swap used 5120.00M | 756:1424K/1168K 821:896K/704K 823:2202M/2200M 4220:17G/12G
[21:42:00] tree 19.15 GB (peak 24.15)  free disk 28 GB  swap used 5120.00M | 756:1424K/1168K 821:896K/704K 823:2202M/2200M 4220:17G/12G
[21:43:00] tree 19.15 GB (peak 24.15)  free disk 29 GB  swap used 4096.00M | 756:1424K/1168K 821:896K/704K 823:2202M/2200M 4220:17G/12G
[21:44:01] tree 11.00 GB (peak 24.15)  free disk 29 GB  swap used 4096.00M | 756:1424K/1168K 821:896K/704K 823:2202M/2200M 4220:9059M/4690M
[21:45:01] tree 11.29 GB (peak 24.15)  free disk 29 GB  swap used 4096.00M | 756:1424K/1168K 821:896K/704K 823:2202M/2200M 4220:9359M/4136M
[21:46:01] tree 11.59 GB (peak 24.15)  free disk 29 GB  swap used 4096.00M | 756:1424K/1168K 821:896K/704K 823:2202M/2200M 4220:9664M/3823M
[21:47:02] tree 12.15 GB (peak 24.15)  free disk 29 GB  swap used 4096.00M | 756:1424K/1168K 821:896K/704K 823:2202M/2200M 4220:10G/3670M
[21:48:02] tree 11.84 GB (peak 24.15)  free disk 29 GB  swap used 4096.00M | 756:1424K/1168K 821:896K/704K 823:2202M/2200M 4220:9923M/3518M
[21:49:02] tree 12.15 GB (peak 24.15)  free disk 29 GB  swap used 4096.00M | 756:1424K/1168K 821:896K/704K 823:2202M/2200M 4220:10G/3388M
[21:50:03] tree 12.15 GB (peak 24.15)  free disk 29 GB  swap used 4096.00M | 756:1424K/1168K 821:896K/704K 823:2202M/2200M 4220:10G/3326M
[21:51:03] tree 12.15 GB (peak 24.15)  free disk 29 GB  swap used 4096.00M | 756:1424K/1168K 821:896K/704K 823:2202M/2200M 4220:10G/3261M
[21:52:04] tree 12.15 GB (peak 24.15)  free disk 29 GB  swap used 4096.00M | 756:1424K/1168K 821:896K/704K 823:2202M/2200M 4220:10G/3171M
[21:53:04] tree 12.15 GB (peak 24.15)  free disk 29 GB  swap used 4096.00M | 756:1424K/1168K 821:896K/704K 823:2202M/2200M 4220:10G/3164M
[21:54:04] tree 12.15 GB (peak 24.15)  free disk 29 GB  swap used 4096.00M | 756:1424K/1168K 821:896K/704K 823:2202M/2200M 4220:10G/2030M
[21:55:05] tree 12.15 GB (peak 24.15)  free disk 30 GB  swap used 3072.00M | 756:1424K/1168K 821:896K/704K 823:2202M/2200M 4220:10G/1828M
[21:56:05] tree 12.15 GB (peak 24.15)  free disk 30 GB  swap used 3072.00M | 756:1424K/1168K 821:896K/704K 823:2202M/2200M 4220:10G/2103M
[21:57:06] tree 11.51 GB (peak 24.15)  free disk 30 GB  swap used 3072.00M | 756:1424K/1168K 821:896K/704K 823:2202M/2200M 4220:9586M/1764M
[21:58:06] tree 11.76 GB (peak 24.15)  free disk 30 GB  swap used 3072.00M | 756:1424K/1168K 821:896K/704K 823:2202M/2200M 4220:9833M/1754M
[21:59:06] tree 12.15 GB (peak 24.15)  free disk 30 GB  swap used 3072.00M | 756:1424K/1168K 821:896K/704K 823:2202M/2200M 4220:10G/1787M
[22:00:07] tree 12.15 GB (peak 24.15)  free disk 30 GB  swap used 3072.00M | 756:1424K/1168K 821:896K/704K 823:2202M/2200M 4220:10G/1820M
[22:01:07] tree 12.15 GB (peak 24.15)  free disk 30 GB  swap used 3072.00M | 756:1424K/1168K 821:896K/704K 823:2202M/2200M 4220:10G/1760M
[22:02:08] tree 13.15 GB (peak 24.15)  free disk 30 GB  swap used 3072.00M | 756:1424K/1168K 821:896K/704K 823:2202M/2200M 4220:11G/6369M
[22:03:08] tree 13.15 GB (peak 24.15)  free disk 30 GB  swap used 3072.00M | 756:1424K/1168K 821:896K/704K 823:2202M/2200M 4220:11G/6155M
[22:04:09] tree 13.15 GB (peak 24.15)  free disk 30 GB  swap used 3072.00M | 756:1424K/1168K 821:896K/704K 823:2202M/2200M 4220:11G/5776M
[22:05:09] tree 13.15 GB (peak 24.15)  free disk 30 GB  swap used 3072.00M | 756:1424K/1168K 821:896K/704K 823:2202M/2200M 4220:11G/5672M
[22:06:10] tree 13.15 GB (peak 24.15)  free disk 30 GB  swap used 3072.00M | 756:1424K/1168K 821:896K/704K 823:2202M/2200M 4220:11G/5522M
[22:07:10] tree 13.15 GB (peak 24.15)  free disk 30 GB  swap used 3072.00M | 756:1424K/1168K 821:896K/704K 823:2202M/2200M 4220:11G/4466M
[22:08:11] tree 13.15 GB (peak 24.15)  free disk 30 GB  swap used 3072.00M | 756:1424K/1168K 821:896K/704K 823:2202M/2200M 4220:11G/5945M
[22:09:11] tree 10.77 GB (peak 24.15)  free disk 30 GB  swap used 3072.00M | 756:1424K/1168K 821:896K/704K 823:2202M/2200M 4220:8822M/3249M
[22:10:12] tree 11.07 GB (peak 24.15)  free disk 30 GB  swap used 3072.00M | 756:1424K/1168K 821:896K/704K 823:2202M/2200M 4220:9129M/3122M
[22:11:12] tree 11.40 GB (peak 24.15)  free disk 30 GB  swap used 3072.00M | 756:1424K/1168K 821:896K/704K 823:2202M/2200M 4220:9465M/3020M
[22:12:13] tree 11.69 GB (peak 24.15)  free disk 30 GB  swap used 3072.00M | 756:1424K/1168K 821:896K/704K 823:2202M/2200M 4220:9769M/2914M
[22:13:13] tree 11.74 GB (peak 24.15)  free disk 30 GB  swap used 3072.00M | 756:1424K/1168K 821:896K/704K 823:2202M/2200M 4220:9816M/2898M
[22:14:13] tree 9.76 GB (peak 24.15)  free disk 31 GB  swap used 2048.00M | 756:1424K/1168K 821:896K/704K 823:2202M/2200M 4220:7785M/993M
[22:15:14] tree 9.88 GB (peak 24.15)  free disk 31 GB  swap used 2048.00M | 756:1424K/1168K 821:896K/704K 823:2202M/2200M 4220:7910M/784M
[22:16:14] tree 10.08 GB (peak 24.15)  free disk 31 GB  swap used 2048.00M | 756:1424K/1168K 821:896K/704K 823:2202M/2200M 4220:8118M/723M
[22:17:15] tree 10.39 GB (peak 24.15)  free disk 31 GB  swap used 2048.00M | 756:1424K/1168K 821:896K/704K 823:2202M/2200M 4220:8434M/709M
[22:18:15] tree 10.40 GB (peak 24.15)  free disk 31 GB  swap used 2048.00M | 756:1424K/1168K 821:896K/704K 823:2202M/2200M 4220:8445M/684M
[22:19:15] tree 10.44 GB (peak 24.15)  free disk 31 GB  swap used 2048.00M | 756:1424K/1168K 821:896K/704K 823:2202M/2200M 4220:8488M/612M
[22:20:16] tree 10.46 GB (peak 24.15)  free disk 31 GB  swap used 2048.00M | 756:1424K/1168K 821:896K/704K 823:2202M/2200M 4220:8505M/546M
[22:21:16] tree 10.48 GB (peak 24.15)  free disk 31 GB  swap used 2048.00M | 756:1424K/1168K 821:896K/704K 823:2202M/2200M 4220:8530M/506M
[22:22:17] tree 10.51 GB (peak 24.15)  free disk 31 GB  swap used 2048.00M | 756:1424K/1168K 821:896K/704K 823:2202M/2200M 4220:8553M/464M
[22:23:17] tree 10.55 GB (peak 24.15)  free disk 31 GB  swap used 2048.00M | 756:1424K/1168K 821:896K/704K 823:2202M/2200M 4220:8597M/423M
[22:24:18] tree 10.61 GB (peak 24.15)  free disk 31 GB  swap used 2048.00M | 756:1424K/1168K 821:896K/704K 823:2202M/2200M 4220:8659M/406M
[22:25:18] tree 10.75 GB (peak 24.15)  free disk 31 GB  swap used 2048.00M | 756:1424K/1168K 821:896K/704K 823:2202M/2200M 4220:8804M/390M
[22:26:19] tree 10.95 GB (peak 24.15)  free disk 31 GB  swap used 2048.00M | 756:1424K/1168K 821:896K/704K 823:2202M/2200M 4220:9005M/402M
[22:27:19] tree 11.09 GB (peak 24.15)  free disk 31 GB  swap used 2048.00M | 756:1424K/1168K 821:896K/704K 823:2202M/2200M 4220:9149M/403M
[22:28:19] tree 11.20 GB (peak 24.15)  free disk 31 GB  swap used 2048.00M | 756:1424K/1168K 821:896K/704K 823:2202M/2200M 4220:9262M/443M
[22:29:20] tree 11.29 GB (peak 24.15)  free disk 31 GB  swap used 2048.00M | 756:1424K/1168K 821:896K/704K 823:2202M/2200M 4220:9352M/445M
[22:30:21] tree 4.88 GB (peak 24.15)  free disk 31 GB  swap used 2048.00M | 756:1424K/1168K 821:896K/704K 823:2202M/2200M 4220:2796M/389M
[22:31:22] tree 5.44 GB (peak 24.15)  free disk 31 GB  swap used 2048.00M | 756:1424K/1168K 821:896K/704K 823:2202M/2200M 4220:3369M/1230M
[22:32:23] tree 5.78 GB (peak 24.15)  free disk 30 GB  swap used 2048.00M | 756:1424K/1168K 821:896K/704K 823:2202M/2200M 4220:3711M/1148M
[22:33:24] tree 6.06 GB (peak 24.15)  free disk 30 GB  swap used 2048.00M | 756:1424K/1168K 821:896K/704K 823:2202M/2200M 4220:4002M/1119M
[22:34:25] tree 6.10 GB (peak 24.15)  free disk 30 GB  swap used 2048.00M | 756:1424K/1168K 821:896K/704K 823:2202M/2200M 4220:4042M/1113M
[22:35:25] tree 6.22 GB (peak 24.15)  free disk 30 GB  swap used 2048.00M | 756:1424K/1168K 821:896K/704K 823:2202M/2200M 4220:4165M/986M
[22:36:26] tree 6.26 GB (peak 24.15)  free disk 30 GB  swap used 2048.00M | 756:1424K/1168K 821:896K/704K 823:2202M/2200M 4220:4207M/919M
[22:37:27] tree 6.30 GB (peak 24.15)  free disk 30 GB  swap used 2048.00M | 756:1424K/1168K 821:896K/704K 823:2202M/2200M 4220:4246M/873M
[22:38:28] tree 6.31 GB (peak 24.15)  free disk 30 GB  swap used 2048.00M | 756:1424K/1168K 821:896K/704K 823:2202M/2200M 4220:4262M/795M
[22:39:28] tree 6.33 GB (peak 24.15)  free disk 30 GB  swap used 2048.00M | 756:1424K/1168K 821:896K/704K 823:2202M/2200M 4220:4280M/721M
[22:40:29] tree 6.38 GB (peak 24.15)  free disk 30 GB  swap used 2048.00M | 756:1424K/1168K 821:896K/704K 823:2202M/2200M 4220:4333M/699M
[22:41:30] tree 6.44 GB (peak 24.15)  free disk 31 GB  swap used 2048.00M | 756:1424K/1168K 821:896K/704K 823:2202M/2200M 4220:4390M/659M
[22:42:30] tree 5.53 GB (peak 24.15)  free disk 31 GB  swap used 2048.00M | 756:1424K/1168K 821:896K/704K 823:2202M/2200M 4220:3461M/217M
[22:43:30] tree 5.55 GB (peak 24.15)  free disk 31 GB  swap used 2048.00M | 756:1424K/1168K 821:896K/704K 823:2202M/2200M 4220:3477M/214M
[22:44:31] tree 4.70 GB (peak 24.15)  free disk 31 GB  swap used 2048.00M | 756:1424K/1168K 821:896K/704K 823:4810M/2188M
[22:45:31] tree 4.70 GB (peak 24.15)  free disk 31 GB  swap used 2048.00M | 756:1424K/1168K 821:896K/704K 823:4810M/2188M
[22:46:31] tree 4.70 GB (peak 24.15)  free disk 31 GB  swap used 2048.00M | 756:1424K/1168K 821:896K/704K 823:4810M/2188M
[22:47:32] tree 4.70 GB (peak 24.15)  free disk 31 GB  swap used 2048.00M | 756:1424K/1168K 821:896K/704K 823:4810M/2188M
[22:48:32] tree 4.70 GB (peak 24.15)  free disk 31 GB  swap used 2048.00M | 756:1424K/1168K 821:896K/704K 823:4810M/2188M
[22:49:32] tree 4.70 GB (peak 24.15)  free disk 31 GB  swap used 2048.00M | 756:1424K/1168K 821:896K/704K 823:4810M/2188M
[22:50:33] tree 4.70 GB (peak 24.15)  free disk 31 GB  swap used 2048.00M | 756:1424K/1168K 821:896K/704K 823:4810M/2188M
[22:51:33] tree 4.70 GB (peak 24.15)  free disk 31 GB  swap used 2048.00M | 756:1424K/1168K 821:896K/704K 823:4810M/2188M
[22:52:33] tree 4.70 GB (peak 24.15)  free disk 31 GB  swap used 2048.00M | 756:1424K/1168K 821:896K/704K 823:4810M/2188M
[22:53:34] tree 4.70 GB (peak 24.15)  free disk 31 GB  swap used 2048.00M | 756:1424K/1168K 821:896K/704K 823:4810M/2188M
[22:54:34] tree 4.70 GB (peak 24.15)  free disk 31 GB  swap used 2048.00M | 756:1424K/1168K 821:896K/704K 823:4810M/2192M
[22:55:35] tree 4.70 GB (peak 24.15)  free disk 31 GB  swap used 2048.00M | 756:1424K/1168K 821:896K/704K 823:4810M/2192M
[22:56:35] tree 4.70 GB (peak 24.15)  free disk 31 GB  swap used 2048.00M | 756:1424K/1168K 821:896K/704K 823:4810M/2192M
[22:57:35] tree 4.70 GB (peak 24.15)  free disk 31 GB  swap used 2048.00M | 756:1424K/1168K 821:896K/704K 823:4810M/2192M
[22:58:36] tree 4.70 GB (peak 24.15)  free disk 31 GB  swap used 2048.00M | 756:1424K/1168K 821:896K/704K 823:4810M/2192M
[22:59:36] tree 4.70 GB (peak 24.15)  free disk 31 GB  swap used 2048.00M | 756:1424K/1168K 821:896K/704K 823:4810M/2192M
[23:00:36] tree 4.70 GB (peak 24.15)  free disk 31 GB  swap used 2048.00M | 756:1424K/1168K 821:896K/704K 823:4810M/2192M
[23:01:37] tree 4.70 GB (peak 24.15)  free disk 31 GB  swap used 2048.00M | 756:1424K/1168K 821:896K/704K 823:4810M/2192M
[23:02:37] tree 4.70 GB (peak 24.15)  free disk 31 GB  swap used 2048.00M | 756:1424K/1168K 821:896K/704K 823:4810M/2192M
[23:03:37] tree 4.70 GB (peak 24.15)  free disk 31 GB  swap used 2048.00M | 756:1424K/1168K 821:896K/704K 823:4810M/2192M
[23:04:38] tree 4.70 GB (peak 24.15)  free disk 31 GB  swap used 2048.00M | 756:1424K/1168K 821:896K/704K 823:4810M/2192M
[23:05:38] tree 4.70 GB (peak 24.15)  free disk 31 GB  swap used 2048.00M | 756:1424K/1168K 821:896K/704K 823:4810M/2192M
[23:06:38] tree 4.70 GB (peak 24.15)  free disk 31 GB  swap used 2048.00M | 756:1424K/1168K 821:896K/704K 823:4810M/2192M
[23:07:39] tree 4.70 GB (peak 24.15)  free disk 31 GB  swap used 2048.00M | 756:1424K/1168K 821:896K/704K 823:4810M/2192M
[23:08:39] tree 4.70 GB (peak 24.15)  free disk 31 GB  swap used 2048.00M | 756:1424K/1168K 821:896K/704K 823:4810M/2192M
[23:09:39] tree 4.70 GB (peak 24.15)  free disk 31 GB  swap used 2048.00M | 756:1424K/1168K 821:896K/704K 823:4810M/2192M
[23:10:40] tree 4.70 GB (peak 24.15)  free disk 31 GB  swap used 2048.00M | 756:1424K/1168K 821:896K/704K 823:4810M/2188M
[23:11:40] tree 4.70 GB (peak 24.15)  free disk 31 GB  swap used 2048.00M | 756:1424K/1168K 821:896K/704K 823:4810M/2188M
[23:12:40] tree 4.70 GB (peak 24.15)  free disk 31 GB  swap used 2048.00M | 756:1424K/1168K 821:896K/704K 823:4810M/2188M
[23:13:41] tree 4.70 GB (peak 24.15)  free disk 31 GB  swap used 2048.00M | 756:1424K/1168K 821:896K/704K 823:4810M/2188M
[23:14:41] tree 4.70 GB (peak 24.15)  free disk 31 GB  swap used 2048.00M | 756:1424K/1168K 821:896K/704K 823:4810M/2188M
[23:15:41] tree 4.70 GB (peak 24.15)  free disk 31 GB  swap used 2048.00M | 756:1424K/1168K 821:896K/704K 823:4810M/2188M
[23:16:42] tree 4.70 GB (peak 24.15)  free disk 31 GB  swap used 2048.00M | 756:1424K/1168K 821:896K/704K 823:4810M/2188M
[23:17:42] tree 4.70 GB (peak 24.15)  free disk 31 GB  swap used 2048.00M | 756:1424K/1168K 821:896K/704K 823:4810M/2188M
[23:18:42] tree 4.70 GB (peak 24.15)  free disk 31 GB  swap used 2048.00M | 756:1424K/1168K 821:896K/704K 823:4810M/2188M
[23:19:43] tree 4.70 GB (peak 24.15)  free disk 31 GB  swap used 2048.00M | 756:1424K/1168K 821:896K/704K 823:4810M/2188M
[23:20:43] tree 4.70 GB (peak 24.15)  free disk 31 GB  swap used 2048.00M | 756:1424K/1168K 821:896K/704K 823:4810M/2188M
[23:21:43] tree 4.70 GB (peak 24.15)  free disk 31 GB  swap used 2048.00M | 756:1424K/1168K 821:896K/704K 823:4810M/2188M
[23:22:44] tree 4.70 GB (peak 24.15)  free disk 31 GB  swap used 2048.00M | 756:1424K/1168K 821:896K/704K 823:4810M/2188M
[23:23:44] tree 4.70 GB (peak 24.15)  free disk 31 GB  swap used 2048.00M | 756:1424K/1168K 821:896K/704K 823:4810M/2188M
[23:24:44] tree 4.70 GB (peak 24.15)  free disk 31 GB  swap used 2048.00M | 756:1424K/1168K 821:896K/704K 823:4810M/2188M
[23:25:45] tree 4.70 GB (peak 24.15)  free disk 31 GB  swap used 2048.00M | 756:1424K/1168K 821:896K/704K 823:4810M/2188M
[23:26:45] tree 4.70 GB (peak 24.15)  free disk 31 GB  swap used 2048.00M | 756:1424K/1168K 821:896K/704K 823:4810M/2188M
[23:27:45] tree 4.70 GB (peak 24.15)  free disk 31 GB  swap used 2048.00M | 756:1424K/1168K 821:896K/704K 823:4810M/2188M
[23:28:46] tree 4.70 GB (peak 24.15)  free disk 31 GB  swap used 2048.00M | 756:1424K/1168K 821:896K/704K 823:4810M/2188M
[23:29:46] tree 4.70 GB (peak 24.15)  free disk 31 GB  swap used 2048.00M | 756:1424K/1168K 821:896K/704K 823:4810M/2188M
[23:30:46] tree 4.70 GB (peak 24.15)  free disk 31 GB  swap used 2048.00M | 756:1424K/1168K 821:896K/704K 823:4810M/2188M
[23:31:47] tree 4.70 GB (peak 24.15)  free disk 31 GB  swap used 2048.00M | 756:1424K/1168K 821:896K/704K 823:4810M/2188M
[23:32:47] tree 4.70 GB (peak 24.15)  free disk 31 GB  swap used 2048.00M | 756:1424K/1168K 821:896K/704K 823:4810M/2769M
[Thu 23:33:47] root 756 exited; watchdog done. peak tree footprint 24.15 GB
