(a) analytic: U = alpha/(xy) + beta x^r1 y^r2 + gamma x^r2 y^r1, r1 r2 = 3 (r^2+3r+3=0).
    U_xy = 2 alpha/(x^2 y^2) + 3 beta x^(r1-1) y^(r2-1) + 3 gamma x^(r2-1) y^(r1-1): three distinct monomials
    (r1 != r2, both != -1) -> linearly independent -> additive only for alpha=beta=gamma=0.  NOT ADDITIVE.

(b) generic shape params: additive sub-family dim 0  sv = ['1.02e+4', '0.00348', '3.27e-5']  basis(alpha,beta,gamma) []
     special {mu: 0}: additive dim 1  basis [['0.0', '1.0', '0.0']]   U -> alpha/(sqrt(x)*sqrt(y)) + beta/y**2 + gamma/(sqrt(x)*y**(3/2))
(c) generic shape params: additive sub-family dim 0  sv = ['22.7', '2.22', '0.00028']  basis(alpha,beta,gamma) []
     special {a: 0}: additive dim 2  basis [['0.0', '1.0', '0.0'], ['0.0', '0.0', '1.0']]   U -> (alpha*x*y**3 + beta + gamma)/y**2
(d) generic shape params: additive sub-family dim 1  sv = ['0.00738', '0.000199', '0.0']  basis(alpha,beta,gamma) [['0.0', '0.0', '1.0']]
(e) generic shape params: additive sub-family dim 2  sv = ['0.00512', '0.0', '0.0']  basis(alpha,beta,gamma) [['0.0', '1.0', '0.0'], ['0.0', '0.0', '1.0']]
(f) generic shape params: additive sub-family dim 1  sv = ['5.48', '0.000374', '0.0']  basis(alpha,beta,gamma) [['0.0', '0.0', '1.0']]
(g) generic shape params: additive sub-family dim 1  sv = ['9.8', '0.000553', '0.0']  basis(alpha,beta,gamma) [['0.0', '-1.0', '0.0']]
     special {m: 0}: additive dim 3  basis [['1.0', '0.0', '0.0'], ['0.0', '1.0', '0.0'], ['0.0', '0.0', '1.0']]   U -> (alpha + y**3*(beta + gamma*y))/y**2
(h) generic shape params: additive sub-family dim 0  sv = ['1.07', '0.00495', '0.0015']  basis(alpha,beta,gamma) []
     special {m: 0}: additive dim 3  basis [['1.0', '0.0', '0.0'], ['0.0', '1.0', '0.0'], ['0.0', '0.0', '1.0']]   U -> (alpha + beta*y + gamma*y**2)/y**(2/3)
(k) generic shape params: additive sub-family dim 2  sv = ['0.245', '0.0', '0.0']  basis(alpha,beta,gamma) [['1.0', '0.0', '0.0'], ['0.0', '0.0', '1.0']]
(l) generic shape params: additive sub-family dim 2  sv = ['0.0496', '0.0', '0.0']  basis(alpha,beta,gamma) [['1.0', '0.0', '0.0'], ['0.0', '1.0', '0.0']]
     special {rho: 0}: additive dim 2  basis [['1.0', '0.0', '0.0'], ['0.0', '1.0', '0.0']]   U -> (alpha*sqrt(x)*y + beta + gamma*y)/sqrt(x)

REAL EUCLIDEAN FORMS of the additive members (x = z, y = zbar; need U = f(z) + conj(f)(zbar), non-affine):
  (e) alpha = 0:  U = beta/sqrt(x) + gamma/sqrt(y);  gamma = conj(beta) -> V = 2 Re(beta z^(-1/2))  (SW-IV sigma=0)
  (l) gamma = 0:  f = -alpha rho x/3 + beta x^(-1/2), g = alpha y;  conj(f) = g forces beta = 0 -> V affine (trivial)
  one-variable members (special params, e.g. (c) a=0: U = (beta+gamma)/y^2): f or g is zero, the other not -> no conjugate pair
  ok    C1': (e) real form = xi/rho^2 (the section-147 profile, up to scale)
  ARGUED, not computed -- C4: (l)'s only real form is affine (conj(f) = g forces beta = 0), so no non-affine harmonic member
  (k) alpha, gamma:  f = gamma x (affine), g = alpha y^(-1/2);  conj(f) = g impossible unless alpha = gamma = 0 -> no real form
  (d), (f): additive member is x-only (gamma x/sqrt(x^2 -+ a^2 or c)); (g): additive member is affine -> no non-affine real form

VERDICT
  LITERAL count -- entries with a nonzero additive sub-family (generic shape params): ['d', 'e', 'f', 'g', 'k', 'l']
  The pre-registered literal test ('exactly two entries') FAILS: my criterion counted degenerate members.
    drop (d): additive member is one-variable (x only)
    drop (f): additive member is one-variable (x only)
    drop (g): additive member is affine
    identify (k) ~ (l): same potential under x <-> y, up to an affine term
  REDUCED count (non-degenerate, up to x<->y and affine terms): ['e', 'l']  -> CG 2015's 'only two': REPRODUCED under this equivalence
  real, non-affine harmonic forms: only (e) -> SW-IV sigma=0 -> superintegrable (quadratic family dim 3) -> EXCLUDED
  HITS: none
  NOTE: literal pre-registered test failed (['d', 'e', 'f', 'g', 'k', 'l']); CG's claim holds only after the stated reduction.
  ok    CG's 'only two additive' reproduced after removing degenerate members and x<->y duplicates   [['e', 'l']]
  ARGUED, not computed: no HIT however the additive members are counted -- each is shown above to be one-variable,
  affine, conjugacy-impossible, or (e) = SW-IV sigma=0, whose superintegrability WAS computed (section 147).

PASS
